Component: ARM Compiler 5.06 update 4 (build 422) Tool: armlink [4d35d2]

==============================================================================

Section Cross References

    main.o(.text) refers to misc.o(.text) for NVIC_PriorityGroupConfig
    main.o(.text) refers to delay.o(.text) for delay_init
    main.o(.text) refers to basicperipherals.o(.text) for BasicPreiph_Init
    main.o(.text) refers to buzzer.o(.text) for buzzer_init
    main.o(.text) refers to frictionmoterpwm.o(.text) for FrictionMoterPWM_Init
    main.o(.text) refers to usart.o(.text) for uart_init
    main.o(.text) refers to motorcan.o(.text) for MoterCanInit
    main.o(.text) refers to mainfocus_usart.o(.text) for MainFocusConfig
    main.o(.text) refers to referee.o(.text) for Referee_init
    main.o(.text) refers to adc.o(.text) for temperature_ADC_init
    main.o(.text) refers to power_ctrl.o(.text) for power_ctrl_configuration
    main.o(.text) refers to remotdbus.o(.text) for RemotDbus_Init
    main.o(.text) refers to calibrate_task.o(.text) for cali_param_init
    main.o(.text) refers to start_task.o(.text) for StartTask
    main.o(.text) refers to tasks.o(.text) for vTaskStartScheduler
    stm32f4xx_it.o(.text) refers to stm32f4xx_exti.o(.text) for EXTI_GetITStatus
    stm32f4xx_it.o(.text) refers to stm32f4xx_usart.o(.text) for USART_GetITStatus
    stm32f4xx_it.o(.text) refers to stm32f4xx_dma.o(.text) for DMA_GetCurrentMemoryTarget
    stm32f4xx_it.o(.text) refers to remotdbus.o(.text) for SBUS_TO_RC
    stm32f4xx_it.o(.text) refers to detect_task.o(.text) for DetectHook
    stm32f4xx_it.o(.text) refers to stm32f4xx_can.o(.text) for CAN_GetITStatus
    stm32f4xx_it.o(.text) refers to motorcan.o(.text) for CAN_hook
    stm32f4xx_it.o(.text) refers to stm32f4xx_tim.o(.text) for TIM_GetITStatus
    stm32f4xx_it.o(.text) refers to auto_attacktask.o(.text) for receiveMainFocusData
    stm32f4xx_it.o(.text) refers to stm32f4xx_it.o(.data) for this_time_rx_len
    stm32f4xx_it.o(.text) refers to remotdbus.o(.bss) for rc_ctrl
    system_stm32f4xx.o(.text) refers to system_stm32f4xx.o(.data) for SystemCoreClock
    basicperipherals.o(.text) refers to stm32f4xx_rcc.o(.text) for RCC_AHB1PeriphClockCmd
    basicperipherals.o(.text) refers to stm32f4xx_gpio.o(.text) for GPIO_Init
    basicperipherals.o(.text) refers to stm32f4xx_tim.o(.text) for TIM_TimeBaseInit
    basicperipherals.o(.text) refers to stm32f4xx_syscfg.o(.text) for SYSCFG_EXTILineConfig
    basicperipherals.o(.text) refers to stm32f4xx_exti.o(.text) for EXTI_Init
    basicperipherals.o(.text) refers to misc.o(.text) for NVIC_Init
    basicperipherals.o(.text) refers to tasks.o(.text) for vTaskDelay
    basicperipherals.o(.text) refers to basicperipherals.o(.data) for FreeRTOSRunTimeTicks
    remotdbus.o(.text) refers to stm32f4xx_rcc.o(.text) for RCC_AHB1PeriphClockCmd
    remotdbus.o(.text) refers to stm32f4xx_gpio.o(.text) for GPIO_Init
    remotdbus.o(.text) refers to stm32f4xx_usart.o(.text) for USART_DeInit
    remotdbus.o(.text) refers to misc.o(.text) for NVIC_Init
    remotdbus.o(.text) refers to stm32f4xx_dma.o(.text) for DMA_Cmd
    remotdbus.o(.text) refers to remotdbus.o(.bss) for sbus_rx_buffer
    frictionmoterpwm.o(.text) refers to stm32f4xx_rcc.o(.text) for RCC_APB1PeriphClockCmd
    frictionmoterpwm.o(.text) refers to stm32f4xx_gpio.o(.text) for GPIO_PinAFConfig
    frictionmoterpwm.o(.text) refers to stm32f4xx_tim.o(.text) for TIM_TimeBaseInit
    motorcan.o(.text) refers to stm32f4xx_rcc.o(.text) for RCC_APB1PeriphClockCmd
    motorcan.o(.text) refers to stm32f4xx_gpio.o(.text) for GPIO_Init
    motorcan.o(.text) refers to misc.o(.text) for NVIC_Init
    motorcan.o(.text) refers to stm32f4xx_can.o(.text) for CAN_DeInit
    motorcan.o(.text) refers to detect_task.o(.text) for DetectHook
    motorcan.o(.text) refers to motorcan.o(.bss) for motor_yaw
    motorcan.o(.text) refers to motorcan.o(.data) for i
    stmflash.o(.text) refers to stm32f4xx_flash.o(.text) for FLASH_Unlock
    mainfocus_usart.o(.text) refers to stm32f4xx_rcc.o(.text) for RCC_AHB1PeriphClockCmd
    mainfocus_usart.o(.text) refers to stm32f4xx_gpio.o(.text) for GPIO_Init
    mainfocus_usart.o(.text) refers to stm32f4xx_usart.o(.text) for USART_DeInit
    mainfocus_usart.o(.text) refers to misc.o(.text) for NVIC_Init
    mainfocus_usart.o(.text) refers to stm32f4xx_dma.o(.text) for DMA_Cmd
    mainfocus_usart.o(.text) refers to auto_attacktask.o(.bss) for mainfocus_rx_buffer
    referee.o(.text) refers to stm32f4xx_rcc.o(.text) for RCC_APB2PeriphClockCmd
    referee.o(.text) refers to stm32f4xx_gpio.o(.text) for GPIO_PinAFConfig
    referee.o(.text) refers to stm32f4xx_dma.o(.text) for DMA_DeInit
    referee.o(.text) refers to stm32f4xx_usart.o(.text) for USART_DeInit
    referee.o(.text) refers to misc.o(.text) for NVIC_Init
    referee.o(.text) refers to rt_memcpy_v6.o(.text) for __aeabi_memcpy
    referee.o(.text) refers to referee.o(.bss) for Rx_Buf_Referee
[...]
    USART_StructInit                         0x08003873   Thumb Code    24  stm32f4xx_usart.o(.text)
    USART_ClockInit                          0x0800388b   Thumb Code    32  stm32f4xx_usart.o(.text)
    USART_ClockStructInit                    0x080038ab   Thumb Code    12  stm32f4xx_usart.o(.text)
    USART_Cmd                                0x080038b7   Thumb Code    24  stm32f4xx_usart.o(.text)
    USART_SetPrescaler                       0x080038cf   Thumb Code    16  stm32f4xx_usart.o(.text)
    USART_OverSampling8Cmd                   0x080038df   Thumb Code    22  stm32f4xx_usart.o(.text)
    USART_OneBitMethodCmd                    0x080038f5   Thumb Code    24  stm32f4xx_usart.o(.text)
    USART_SendData                           0x0800390d   Thumb Code     8  stm32f4xx_usart.o(.text)
    USART_ReceiveData                        0x08003915   Thumb Code    10  stm32f4xx_usart.o(.text)
    USART_SetAddress                         0x0800391f   Thumb Code    18  stm32f4xx_usart.o(.text)
    USART_ReceiverWakeUpCmd                  0x08003931   Thumb Code    24  stm32f4xx_usart.o(.text)
    USART_WakeUpConfig                       0x08003949   Thumb Code    18  stm32f4xx_usart.o(.text)
    USART_LINBreakDetectLengthConfig         0x0800395b   Thumb Code    18  stm32f4xx_usart.o(.text)
    USART_LINCmd                             0x0800396d   Thumb Code    24  stm32f4xx_usart.o(.text)
    USART_SendBreak                          0x08003985   Thumb Code    10  stm32f4xx_usart.o(.text)
    USART_HalfDuplexCmd                      0x0800398f   Thumb Code    24  stm32f4xx_usart.o(.text)
    USART_SetGuardTime                       0x080039a7   Thumb Code    16  stm32f4xx_usart.o(.text)
    USART_SmartCardCmd                       0x080039b7   Thumb Code    24  stm32f4xx_usart.o(.text)
    USART_SmartCardNACKCmd                   0x080039cf   Thumb Code    24  stm32f4xx_usart.o(.text)
    USART_IrDAConfig                         0x080039e7   Thumb Code    18  stm32f4xx_usart.o(.text)
    USART_IrDACmd                            0x080039f9   Thumb Code    24  stm32f4xx_usart.o(.text)
    USART_DMACmd                             0x08003a11   Thumb Code    18  stm32f4xx_usart.o(.text)
    USART_ITConfig                           0x08003a23   Thumb Code    74  stm32f4xx_usart.o(.text)
    USART_GetFlagStatus                      0x08003a6d   Thumb Code    26  stm32f4xx_usart.o(.text)
    USART_ClearFlag                          0x08003a87   Thumb Code    18  stm32f4xx_usart.o(.text)
    USART_GetITStatus                        0x08003a99   Thumb Code   118  stm32f4xx_usart.o(.text)
    USART_ClearITPendingBit                  0x08003b0f   Thumb Code    30  stm32f4xx_usart.o(.text)
    CAN_DeInit                               0x08003b2d   Thumb Code    50  stm32f4xx_can.o(.text)
    CAN_Init                                 0x08003b5f   Thumb Code   276  stm32f4xx_can.o(.text)
    CAN_FilterInit                           0x08003c73   Thumb Code   258  stm32f4xx_can.o(.text)
    CAN_StructInit                           0x08003d75   Thumb Code    32  stm32f4xx_can.o(.text)
    CAN_SlaveStartBank                       0x08003d95   Thumb Code    48  stm32f4xx_can.o(.text)
    CAN_DBGFreeze                            0x08003dc5   Thumb Code    22  stm32f4xx_can.o(.text)
    CAN_TTComModeCmd                         0x08003ddb   Thumb Code   118  stm32f4xx_can.o(.text)
    CAN_Transmit                             0x08003e51   Thumb Code   304  stm32f4xx_can.o(.text)
    CAN_TransmitStatus                       0x08003f81   Thumb Code   138  stm32f4xx_can.o(.text)
    CAN_CancelTransmit                       0x0800400b   Thumb Code    48  stm32f4xx_can.o(.text)
    CAN_Receive                              0x0800403b   Thumb Code   240  stm32f4xx_can.o(.text)
    CAN_FIFORelease                          0x0800412b   Thumb Code    22  stm32f4xx_can.o(.text)
    CAN_MessagePending                       0x08004141   Thumb Code    30  stm32f4xx_can.o(.text)
    CAN_OperatingModeRequest                 0x0800415f   Thumb Code   162  stm32f4xx_can.o(.text)
    CAN_Sleep                                0x08004201   Thumb Code    30  stm32f4xx_can.o(.text)
    CAN_WakeUp                               0x0800421f   Thumb Code    48  stm32f4xx_can.o(.text)
    CAN_GetLastErrorCode                     0x0800424f   Thumb Code    12  stm32f4xx_can.o(.text)
    CAN_GetReceiveErrorCounter               0x0800425b   Thumb Code    10  stm32f4xx_can.o(.text)
    CAN_GetLSBTransmitErrorCounter           0x08004265   Thumb Code    12  stm32f4xx_can.o(.text)
    CAN_ITConfig                             0x08004271   Thumb Code    18  stm32f4xx_can.o(.text)
    CAN_GetFlagStatus                        0x08004283   Thumb Code   120  stm32f4xx_can.o(.text)
    CAN_ClearFlag                            0x080042fb   Thumb Code    52  stm32f4xx_can.o(.text)
    CAN_GetITStatus                          0x08004341   Thumb Code   310  stm32f4xx_can.o(.text)
    CAN_ClearITPendingBit                    0x08004477   Thumb Code   162  stm32f4xx_can.o(.text)
    DMA_DeInit                               0x0800451d   Thumb Code   324  stm32f4xx_dma.o(.text)
    DMA_Init                                 0x08004661   Thumb Code    82  stm32f4xx_dma.o(.text)
    DMA_StructInit                           0x080046b3   Thumb Code    34  stm32f4xx_dma.o(.text)
    DMA_Cmd                                  0x080046d5   Thumb Code    22  stm32f4xx_dma.o(.text)
    DMA_PeriphIncOffsetSizeConfig            0x080046eb   Thumb Code    22  stm32f4xx_dma.o(.text)
    DMA_FlowControllerConfig                 0x08004701   Thumb Code    22  stm32f4xx_dma.o(.text)
    DMA_SetCurrDataCounter                   0x08004717   Thumb Code     4  stm32f4xx_dma.o(.text)
    DMA_GetCurrDataCounter                   0x0800471b   Thumb Code     8  stm32f4xx_dma.o(.text)
    DMA_DoubleBufferModeConfig               0x08004723   Thumb Code    24  stm32f4xx_dma.o(.text)
    DMA_DoubleBufferModeCmd                  0x0800473b   Thumb Code    22  stm32f4xx_dma.o(.text)
    DMA_MemoryTargetConfig                   0x08004751   Thumb Code    10  stm32f4xx_dma.o(.text)
    DMA_GetCurrentMemoryTarget               0x0800475b   Thumb Code    20  stm32f4xx_dma.o(.text)
    DMA_GetCmdStatus                         0x0800476f   Thumb Code    20  stm32f4xx_dma.o(.text)
    DMA_GetFIFOStatus                        0x08004783   Thumb Code    12  stm32f4xx_dma.o(.text)
    DMA_GetFlagStatus                        0x0800478f   Thumb Code    56  stm32f4xx_dma.o(.text)
    DMA_ClearFlag                            0x080047c7   Thumb Code    40  stm32f4xx_dma.o(.text)
    DMA_ITConfig                             0x080047ef   Thumb Code    58  stm32f4xx_dma.o(.text)
    DMA_GetITStatus                          0x08004829   Thumb Code    84  stm32f4xx_dma.o(.text)
    DMA_ClearITPendingBit                    0x0800487d   Thumb Code    40  stm32f4xx_dma.o(.text)
    TIM_DeInit                               0x080048c5   Thumb Code   346  stm32f4xx_tim.o(.text)
    TIM_TimeBaseInit                         0x08004a1f   Thumb Code   104  stm32f4xx_tim.o(.text)
    TIM_TimeBaseStructInit                   0x08004a87   Thumb Code    18  stm32f4xx_tim.o(.text)
    TIM_PrescalerConfig                      0x08004a99   Thumb Code     6  stm32f4xx_tim.o(.text)
    TIM_CounterModeConfig                    0x08004a9f   Thumb Code    18  stm32f4xx_tim.o(.text)
    TIM_SetCounter                           0x08004ab1   Thumb Code     4  stm32f4xx_tim.o(.text)
    TIM_SetAutoreload                        0x08004ab5   Thumb Code     4  stm32f4xx_tim.o(.text)
    TIM_GetCounter                           0x08004ab9   Thumb Code     6  stm32f4xx_tim.o(.text)
    TIM_GetPrescaler                         0x08004abf   Thumb Code     6  stm32f4xx_tim.o(.text)
    TIM_UpdateDisableConfig                  0x08004ac5   Thumb Code    24  stm32f4xx_tim.o(.text)
    TIM_UpdateRequestConfig                  0x08004add   Thumb Code    24  stm32f4xx_tim.o(.text)
    TIM_ARRPreloadConfig                     0x08004af5   Thumb Code    24  stm32f4xx_tim.o(.text)
    TIM_SelectOnePulseMode                   0x08004b0d   Thumb Code    18  stm32f4xx_tim.o(.text)
    TIM_SetClockDivision                     0x08004b1f   Thumb Code    18  stm32f4xx_tim.o(.text)
    TIM_Cmd                                  0x08004b31   Thumb Code    24  stm32f4xx_tim.o(.text)
    TIM_OC1Init                              0x08004b49   Thumb Code   114  stm32f4xx_tim.o(.text)
    TIM_OC2Init                              0x08004bbb   Thumb Code   154  stm32f4xx_tim.o(.text)
    TIM_OC3Init                              0x08004c55   Thumb Code   204  stm32f4xx_tim.o(.text)
    TIM_OC4Init                              0x08004d21   Thumb Code   112  stm32f4xx_tim.o(.text)
    TIM_OCStructInit                         0x08004d91   Thumb Code    20  stm32f4xx_tim.o(.text)
    TIM_SelectOCxM                           0x08004da5   Thumb Code    86  stm32f4xx_tim.o(.text)
    TIM_SetCompare1                          0x08004dfb   Thumb Code     4  stm32f4xx_tim.o(.text)
    TIM_SetCompare2                          0x08004dff   Thumb Code     4  stm32f4xx_tim.o(.text)
    TIM_SetCompare3                          0x08004e03   Thumb Code     4  stm32f4xx_tim.o(.text)
    TIM_SetCompare4                          0x08004e07   Thumb Code     4  stm32f4xx_tim.o(.text)
    TIM_ForcedOC1Config                      0x08004e0b   Thumb Code    18  stm32f4xx_tim.o(.text)
    TIM_ForcedOC2Config                      0x08004e1d   Thumb Code    26  stm32f4xx_tim.o(.text)
    TIM_ForcedOC3Config                      0x08004e37   Thumb Code    18  stm32f4xx_tim.o(.text)
    TIM_ForcedOC4Config                      0x08004e49   Thumb Code    26  stm32f4xx_tim.o(.text)
    TIM_OC1PreloadConfig                     0x08004e63   Thumb Code    18  stm32f4xx_tim.o(.text)
    TIM_OC2PreloadConfig                     0x08004e75   Thumb Code    26  stm32f4xx_tim.o(.text)
    TIM_OC3PreloadConfig                     0x08004e8f   Thumb Code    18  stm32f4xx_tim.o(.text)
    TIM_OC4PreloadConfig                     0x08004ea1   Thumb Code    26  stm32f4xx_tim.o(.text)
    TIM_OC1FastConfig                        0x08004ebb   Thumb Code    18  stm32f4xx_tim.o(.text)
    TIM_OC2FastConfig                        0x08004ecd   Thumb Code    26  stm32f4xx_tim.o(.text)
    TIM_OC3FastConfig                        0x08004ee7   Thumb Code    18  stm32f4xx_tim.o(.text)
    TIM_OC4FastConfig                        0x08004ef9   Thumb Code    26  stm32f4xx_tim.o(.text)
    TIM_ClearOC1Ref                          0x08004f13   Thumb Code    18  stm32f4xx_tim.o(.text)
    TIM_ClearOC2Ref                          0x08004f25   Thumb Code    24  stm32f4xx_tim.o(.text)
    TIM_ClearOC3Ref                          0x08004f3d   Thumb Code    18  stm32f4xx_tim.o(.text)
    TIM_ClearOC4Ref                          0x08004f4f   Thumb Code    24  stm32f4xx_tim.o(.text)
    TIM_OC1PolarityConfig                    0x08004f67   Thumb Code    18  stm32f4xx_tim.o(.text)
    TIM_OC1NPolarityConfig                   0x08004f79   Thumb Code    18  stm32f4xx_tim.o(.text)
    TIM_OC2PolarityConfig                    0x08004f8b   Thumb Code    26  stm32f4xx_tim.o(.text)
    TIM_OC2NPolarityConfig                   0x08004fa5   Thumb Code    26  stm32f4xx_tim.o(.text)
    TIM_OC3PolarityConfig                    0x08004fbf   Thumb Code    26  stm32f4xx_tim.o(.text)
    TIM_OC3NPolarityConfig                   0x08004fd9   Thumb Code    26  stm32f4xx_tim.o(.text)
    TIM_OC4PolarityConfig                    0x08004ff3   Thumb Code    26  stm32f4xx_tim.o(.text)
    TIM_CCxCmd                               0x0800500d   Thumb Code    30  stm32f4xx_tim.o(.text)
    TIM_CCxNCmd                              0x0800502b   Thumb Code    30  stm32f4xx_tim.o(.text)
    TIM_SetIC4Prescaler                      0x08005049   Thumb Code    26  stm32f4xx_tim.o(.text)
    TIM_SetIC3Prescaler                      0x080050b3   Thumb Code    18  stm32f4xx_tim.o(.text)
    TIM_SetIC2Prescaler                      0x0800510d   Thumb Code    26  stm32f4xx_tim.o(.text)
    TIM_SetIC1Prescaler                      0x08005181   Thumb Code    18  stm32f4xx_tim.o(.text)
    TIM_ICInit                               0x080051cd   Thumb Code   110  stm32f4xx_tim.o(.text)
    TIM_ICStructInit                         0x0800523b   Thumb Code    18  stm32f4xx_tim.o(.text)
    TIM_PWMIConfig                           0x0800524d   Thumb Code   124  stm32f4xx_tim.o(.text)
    TIM_GetCapture1                          0x080052c9   Thumb Code     6  stm32f4xx_tim.o(.text)
    TIM_GetCapture2                          0x080052cf   Thumb Code     6  stm32f4xx_tim.o(.text)
    TIM_GetCapture3                          0x080052d5   Thumb Code     6  stm32f4xx_tim.o(.text)
    TIM_GetCapture4                          0x080052db   Thumb Code     6  stm32f4xx_tim.o(.text)
    TIM_BDTRConfig                           0x080052e1   Thumb Code    32  stm32f4xx_tim.o(.text)
    TIM_BDTRStructInit                       0x08005301   Thumb Code    18  stm32f4xx_tim.o(.text)
    TIM_CtrlPWMOutputs                       0x08005313   Thumb Code    30  stm32f4xx_tim.o(.text)
    TIM_SelectCOM                            0x08005331   Thumb Code    24  stm32f4xx_tim.o(.text)
    TIM_CCPreloadControl                     0x08005349   Thumb Code    24  stm32f4xx_tim.o(.text)
    TIM_ITConfig                             0x08005361   Thumb Code    18  stm32f4xx_tim.o(.text)
    TIM_GenerateEvent                        0x08005373   Thumb Code     4  stm32f4xx_tim.o(.text)
    TIM_GetFlagStatus                        0x08005377   Thumb Code    18  stm32f4xx_tim.o(.text)
    TIM_ClearFlag                            0x08005389   Thumb Code     6  stm32f4xx_tim.o(.text)
    TIM_GetITStatus                          0x0800538f   Thumb Code    34  stm32f4xx_tim.o(.text)
    TIM_ClearITPendingBit                    0x080053b1   Thumb Code     6  stm32f4xx_tim.o(.text)
    TIM_DMAConfig                            0x080053b7   Thumb Code    10  stm32f4xx_tim.o(.text)
    TIM_DMACmd                               0x080053c1   Thumb Code    18  stm32f4xx_tim.o(.text)
    TIM_SelectCCDMA                          0x080053d3   Thumb Code    24  stm32f4xx_tim.o(.text)
    TIM_InternalClockConfig                  0x080053eb   Thumb Code    12  stm32f4xx_tim.o(.text)
    TIM_SelectInputTrigger                   0x080053f7   Thumb Code    18  stm32f4xx_tim.o(.text)
    TIM_ITRxExternalClockConfig              0x08005409   Thumb Code    24  stm32f4xx_tim.o(.text)
    TIM_TIxExternalClockConfig               0x08005421   Thumb Code    62  stm32f4xx_tim.o(.text)
    TIM_ETRConfig                            0x0800545f   Thumb Code    28  stm32f4xx_tim.o(.text)
    TIM_ETRClockMode1Config                  0x0800547b   Thumb Code    54  stm32f4xx_tim.o(.text)
    TIM_ETRClockMode2Config                  0x080054b1   Thumb Code    32  stm32f4xx_tim.o(.text)
    TIM_SelectOutputTrigger                  0x080054d1   Thumb Code    18  stm32f4xx_tim.o(.text)
    TIM_SelectSlaveMode                      0x080054e3   Thumb Code    18  stm32f4xx_tim.o(.text)
    TIM_SelectMasterSlaveMode                0x080054f5   Thumb Code    18  stm32f4xx_tim.o(.text)
    TIM_EncoderInterfaceConfig               0x08005507   Thumb Code    66  stm32f4xx_tim.o(.text)
    TIM_SelectHallSensor                     0x08005549   Thumb Code    24  stm32f4xx_tim.o(.text)
    TIM_RemapConfig                          0x08005561   Thumb Code     6  stm32f4xx_tim.o(.text)
    SPI_I2S_DeInit                           0x08005569   Thumb Code   152  stm32f4xx_spi.o(.text)
    SPI_Init                                 0x08005601   Thumb Code    60  stm32f4xx_spi.o(.text)
    I2S_Init                                 0x0800563d   Thumb Code   396  stm32f4xx_spi.o(.text)
    SPI_StructInit                           0x080057c9   Thumb Code    24  stm32f4xx_spi.o(.text)
    I2S_StructInit                           0x080057e1   Thumb Code    20  stm32f4xx_spi.o(.text)
    SPI_Cmd                                  0x080057f5   Thumb Code    24  stm32f4xx_spi.o(.text)
    I2S_Cmd                                  0x0800580d   Thumb Code    24  stm32f4xx_spi.o(.text)
    SPI_DataSizeConfig                       0x08005825   Thumb Code    18  stm32f4xx_spi.o(.text)
    SPI_BiDirectionalLineConfig              0x08005837   Thumb Code    28  stm32f4xx_spi.o(.text)
    SPI_NSSInternalSoftwareConfig            0x08005853   Thumb Code    30  stm32f4xx_spi.o(.text)
    SPI_SSOutputCmd                          0x08005871   Thumb Code    24  stm32f4xx_spi.o(.text)
    SPI_TIModeCmd                            0x08005889   Thumb Code    14  stm32f4xx_spi.o(.text)
    I2S_FullDuplexConfig                     0x08005897   Thumb Code    80  stm32f4xx_spi.o(.text)
    SPI_I2S_ReceiveData                      0x080058e7   Thumb Code     6  stm32f4xx_spi.o(.text)
    SPI_I2S_SendData                         0x080058ed   Thumb Code     4  stm32f4xx_spi.o(.text)
    SPI_I2S_GetFlagStatus                    0x080058f1   Thumb Code    18  stm32f4xx_spi.o(.text)
    SPI_TransmitReceive                      0x08005903   Thumb Code   156  stm32f4xx_spi.o(.text)
    SPI_CalculateCRC                         0x0800599f   Thumb Code    24  stm32f4xx_spi.o(.text)
    SPI_TransmitCRC                          0x080059b7   Thumb Code    10  stm32f4xx_spi.o(.text)
    SPI_GetCRC                               0x080059c1   Thumb Code    16  stm32f4xx_spi.o(.text)
    SPI_GetCRCPolynomial                     0x080059d1   Thumb Code     6  stm32f4xx_spi.o(.text)
    SPI_I2S_DMACmd                           0x080059d7   Thumb Code    18  stm32f4xx_spi.o(.text)
    SPI_I2S_ITConfig                         0x080059e9   Thumb Code    32  stm32f4xx_spi.o(.text)
    SPI_I2S_ClearFlag                        0x08005a09   Thumb Code     6  stm32f4xx_spi.o(.text)
    SPI_I2S_GetITStatus                      0x08005a0f   Thumb Code    52  stm32f4xx_spi.o(.text)
    SPI_I2S_ClearITPendingBit                0x08005a43   Thumb Code    20  stm32f4xx_spi.o(.text)
    FLASH_SetLatency                         0x08005a59   Thumb Code     6  stm32f4xx_flash.o(.text)
    FLASH_PrefetchBufferCmd                  0x08005a5f   Thumb Code    30  stm32f4xx_flash.o(.text)
    FLASH_InstructionCacheCmd                0x08005a7d   Thumb Code    30  stm32f4xx_flash.o(.text)
    FLASH_DataCacheCmd                       0x08005a9b   Thumb Code    30  stm32f4xx_flash.o(.text)
    FLASH_InstructionCacheReset              0x08005ab9   Thumb Code    14  stm32f4xx_flash.o(.text)
    FLASH_DataCacheReset                     0x08005ac7   Thumb Code    14  stm32f4xx_flash.o(.text)
    FLASH_Unlock                             0x08005ad5   Thumb Code    26  stm32f4xx_flash.o(.text)
    FLASH_Lock                               0x08005aef   Thumb Code    18  stm32f4xx_flash.o(.text)
    FLASH_GetStatus                          0x08005b01   Thumb Code    90  stm32f4xx_flash.o(.text)
    FLASH_WaitForLastOperation               0x08005b5b   Thumb Code    34  stm32f4xx_flash.o(.text)
    FLASH_EraseSector                        0x08005b7d   Thumb Code   140  stm32f4xx_flash.o(.text)
    FLASH_EraseAllSectors                    0x08005c09   Thumb Code   118  stm32f4xx_flash.o(.text)
    FLASH_EraseAllBank1Sectors               0x08005c7f   Thumb Code   112  stm32f4xx_flash.o(.text)
    FLASH_EraseAllBank2Sectors               0x08005cef   Thumb Code   112  stm32f4xx_flash.o(.text)
    FLASH_ProgramDoubleWord                  0x08005d5f   Thumb Code    86  stm32f4xx_flash.o(.text)
    FLASH_ProgramWord                        0x08005db5   Thumb Code    82  stm32f4xx_flash.o(.text)
    FLASH_ProgramHalfWord                    0x08005e07   Thumb Code    96  stm32f4xx_flash.o(.text)
    FLASH_ProgramByte                        0x08005e67   Thumb Code    70  stm32f4xx_flash.o(.text)
    FLASH_OB_Unlock                          0x08005ead   Thumb Code    26  stm32f4xx_flash.o(.text)
    FLASH_OB_Lock                            0x08005ec7   Thumb Code    18  stm32f4xx_flash.o(.text)
    FLASH_OB_WRPConfig                       0x08005ed9   Thumb Code    54  stm32f4xx_flash.o(.text)
    FLASH_OB_WRP1Config                      0x08005f0f   Thumb Code    54  stm32f4xx_flash.o(.text)
    FLASH_OB_PCROPSelectionConfig            0x08005f45   Thumb Code    24  stm32f4xx_flash.o(.text)
    FLASH_OB_PCROPConfig                     0x08005f5d   Thumb Code    54  stm32f4xx_flash.o(.text)
    FLASH_OB_PCROP1Config                    0x08005f93   Thumb Code    54  stm32f4xx_flash.o(.text)
    FLASH_OB_RDPConfig                       0x08005fc9   Thumb Code    24  stm32f4xx_flash.o(.text)
    FLASH_OB_UserConfig                      0x08005fe1   Thumb Code    46  stm32f4xx_flash.o(.text)
    FLASH_OB_BootConfig                      0x0800600f   Thumb Code    26  stm32f4xx_flash.o(.text)
    FLASH_OB_BORConfig                       0x08006029   Thumb Code    26  stm32f4xx_flash.o(.text)
    FLASH_OB_Launch                          0x08006043   Thumb Code    30  stm32f4xx_flash.o(.text)
    FLASH_OB_GetUser                         0x08006061   Thumb Code    12  stm32f4xx_flash.o(.text)
    FLASH_OB_GetWRP                          0x0800606d   Thumb Code     8  stm32f4xx_flash.o(.text)
    FLASH_OB_GetWRP1                         0x08006075   Thumb Code     8  stm32f4xx_flash.o(.text)
    FLASH_OB_GetPCROP                        0x0800607d   Thumb Code     8  stm32f4xx_flash.o(.text)
    FLASH_OB_GetPCROP1                       0x08006085   Thumb Code     8  stm32f4xx_flash.o(.text)
    FLASH_OB_GetRDP                          0x0800608d   Thumb Code    20  stm32f4xx_flash.o(.text)
    FLASH_OB_GetBOR                          0x080060a1   Thumb Code    12  stm32f4xx_flash.o(.text)
    FLASH_ITConfig                           0x080060ad   Thumb Code    26  stm32f4xx_flash.o(.text)
    FLASH_GetFlagStatus                      0x080060c7   Thumb Code    22  stm32f4xx_flash.o(.text)
    FLASH_ClearFlag                          0x080060dd   Thumb Code     8  stm32f4xx_flash.o(.text)
    EXTI_DeInit                              0x080060f1   Thumb Code    28  stm32f4xx_exti.o(.text)
    EXTI_Init                                0x0800610d   Thumb Code   142  stm32f4xx_exti.o(.text)
    EXTI_StructInit                          0x0800619b   Thumb Code    16  stm32f4xx_exti.o(.text)
    EXTI_GenerateSWInterrupt                 0x080061ab   Thumb Code    16  stm32f4xx_exti.o(.text)
    EXTI_GetFlagStatus                       0x080061bb   Thumb Code    22  stm32f4xx_exti.o(.text)
    EXTI_ClearFlag                           0x080061d1   Thumb Code     8  stm32f4xx_exti.o(.text)
    EXTI_GetITStatus                         0x080061d9   Thumb Code    22  stm32f4xx_exti.o(.text)
    EXTI_ClearITPendingBit                   0x080061ef   Thumb Code     8  stm32f4xx_exti.o(.text)
    ADC_DeInit                               0x08006201   Thumb Code    22  stm32f4xx_adc.o(.text)
    ADC_Init                                 0x08006217   Thumb Code    74  stm32f4xx_adc.o(.text)
    ADC_StructInit                           0x08006261   Thumb Code    20  stm32f4xx_adc.o(.text)
    ADC_CommonInit                           0x08006275   Thumb Code    34  stm32f4xx_adc.o(.text)
    ADC_CommonStructInit                     0x08006297   Thumb Code    12  stm32f4xx_adc.o(.text)
    ADC_Cmd                                  0x080062a3   Thumb Code    22  stm32f4xx_adc.o(.text)
    ADC_AnalogWatchdogCmd                    0x080062b9   Thumb Code    16  stm32f4xx_adc.o(.text)
    ADC_AnalogWatchdogThresholdsConfig       0x080062c9   Thumb Code     6  stm32f4xx_adc.o(.text)
    ADC_AnalogWatchdogSingleChannelConfig    0x080062cf   Thumb Code    16  stm32f4xx_adc.o(.text)
    ADC_TempSensorVrefintCmd                 0x080062df   Thumb Code    34  stm32f4xx_adc.o(.text)
    ADC_VBATCmd                              0x08006301   Thumb Code    34  stm32f4xx_adc.o(.text)
    ADC_RegularChannelConfig                 0x08006323   Thumb Code   184  stm32f4xx_adc.o(.text)
    ADC_SoftwareStartConv                    0x080063db   Thumb Code    10  stm32f4xx_adc.o(.text)
    ADC_GetSoftwareStartConvStatus           0x080063e5   Thumb Code    20  stm32f4xx_adc.o(.text)
    ADC_EOCOnEachRegularChannelCmd           0x080063f9   Thumb Code    22  stm32f4xx_adc.o(.text)
    ADC_ContinuousModeCmd                    0x0800640f   Thumb Code    22  stm32f4xx_adc.o(.text)
    ADC_DiscModeChannelCountConfig           0x08006425   Thumb Code    24  stm32f4xx_adc.o(.text)
    ADC_DiscModeCmd                          0x0800643d   Thumb Code    22  stm32f4xx_adc.o(.text)
    ADC_GetConversionValue                   0x08006453   Thumb Code     8  stm32f4xx_adc.o(.text)
    ADC_GetMultiModeConversionValue          0x0800645b   Thumb Code     8  stm32f4xx_adc.o(.text)
    ADC_DMACmd                               0x08006463   Thumb Code    22  stm32f4xx_adc.o(.text)
    ADC_DMARequestAfterLastTransferCmd       0x08006479   Thumb Code    22  stm32f4xx_adc.o(.text)
    ADC_MultiModeDMARequestAfterLastTransferCmd 0x0800648f   Thumb Code    34  stm32f4xx_adc.o(.text)
    ADC_InjectedChannelConfig                0x080064b1   Thumb Code   130  stm32f4xx_adc.o(.text)
    ADC_InjectedSequencerLengthConfig        0x08006533   Thumb Code    24  stm32f4xx_adc.o(.text)
    ADC_SetInjectedOffset                    0x0800654b   Thumb Code    20  stm32f4xx_adc.o(.text)
    ADC_ExternalTrigInjectedConvConfig       0x0800655f   Thumb Code    16  stm32f4xx_adc.o(.text)
    ADC_ExternalTrigInjectedConvEdgeConfig   0x0800656f   Thumb Code    16  stm32f4xx_adc.o(.text)
    ADC_SoftwareStartInjectedConv            0x0800657f   Thumb Code    10  stm32f4xx_adc.o(.text)
    ADC_GetSoftwareStartInjectedConvCmdStatus 0x08006589   Thumb Code    20  stm32f4xx_adc.o(.text)
    ADC_AutoInjectedConvCmd                  0x0800659d   Thumb Code    22  stm32f4xx_adc.o(.text)
    ADC_InjectedDiscModeCmd                  0x080065b3   Thumb Code    22  stm32f4xx_adc.o(.text)
    ADC_GetInjectedConversionValue           0x080065c9   Thumb Code    28  stm32f4xx_adc.o(.text)
    ADC_ITConfig                             0x080065e5   Thumb Code    56  stm32f4xx_adc.o(.text)
    ADC_GetFlagStatus                        0x0800661d   Thumb Code    18  stm32f4xx_adc.o(.text)
    ADC_ClearFlag                            0x0800662f   Thumb Code     6  stm32f4xx_adc.o(.text)
    ADC_GetITStatus                          0x08006635   Thumb Code    38  stm32f4xx_adc.o(.text)
    ADC_ClearITPendingBit                    0x0800665b   Thumb Code    10  stm32f4xx_adc.o(.text)
    pvPortMalloc                             0x08006727   Thumb Code   296  heap_4.o(.text)
    vPortFree                                0x0800684f   Thumb Code   140  heap_4.o(.text)
    xPortGetFreeHeapSize                     0x080068db   Thumb Code     6  heap_4.o(.text)
    xPortGetMinimumEverFreeHeapSize          0x080068e1   Thumb Code     6  heap_4.o(.text)
    vPortInitialiseBlocks                    0x080068e7   Thumb Code     2  heap_4.o(.text)
    pxPortInitialiseStack                    0x0800693d   Thumb Code    38  port.o(.text)
    vPortSetupTimerInterrupt                 0x08006963   Thumb Code    36  port.o(.text)
    xPortStartScheduler                      0x08006987   Thumb Code   330  port.o(.text)
    vPortEndScheduler                        0x08006ad1   Thumb Code    42  port.o(.text)
    vPortEnterCritical                       0x08006afb   Thumb Code    78  port.o(.text)
    vPortExitCritical                        0x08006b49   Thumb Code    56  port.o(.text)
    xPortSysTickHandler                      0x08006b81   Thumb Code    48  port.o(.text)
    vPortValidateInterruptPriority           0x08006bb1   Thumb Code   108  port.o(.text)
    vListInitialise                          0x08006c41   Thumb Code    26  list.o(.text)
    vListInitialiseItem                      0x08006c5b   Thumb Code     6  list.o(.text)
    vListInsertEnd                           0x08006c61   Thumb Code    24  list.o(.text)
    vListInsert                              0x08006c79   Thumb Code    52  list.o(.text)
    uxListRemove                             0x08006cad   Thumb Code    40  list.o(.text)
    xQueueGenericReset                       0x08006cd5   Thumb Code   146  queue.o(.text)
    xQueueGenericCreate                      0x08006d91   Thumb Code    90  queue.o(.text)
    xQueueGenericSend                        0x08006f05   Thumb Code   420  queue.o(.text)
    xQueueCreateMutex                        0x080070c7   Thumb Code    34  queue.o(.text)
    xQueueGiveMutexRecursive                 0x080070e9   Thumb Code    78  queue.o(.text)
    xQueueSemaphoreTake                      0x08007165   Thumb Code   434  queue.o(.text)
    xQueueTakeMutexRecursive                 0x08007317   Thumb Code    78  queue.o(.text)
    xQueueCreateCountingSemaphore            0x08007365   Thumb Code    92  queue.o(.text)
    xQueueGenericSendFromISR                 0x080073c1   Thumb Code   248  queue.o(.text)
    xQueueGiveFromISR                        0x080074b9   Thumb Code   224  queue.o(.text)
    xQueueReceive                            0x080075c3   Thumb Code   362  queue.o(.text)
    xQueuePeek                               0x0800772d   Thumb Code   362  queue.o(.text)
    xQueueReceiveFromISR                     0x08007897   Thumb Code   202  queue.o(.text)
    xQueuePeekFromISR                        0x08007961   Thumb Code   176  queue.o(.text)
    uxQueueMessagesWaiting                   0x08007a11   Thumb Code    42  queue.o(.text)
    uxQueueSpacesAvailable                   0x08007a3b   Thumb Code    52  queue.o(.text)
    uxQueueMessagesWaitingFromISR            0x08007a6f   Thumb Code    34  queue.o(.text)
    vQueueUnregisterQueue                    0x08007a91   Thumb Code    44  queue.o(.text)
    vQueueDelete                             0x08007abd   Thumb Code    44  queue.o(.text)
    uxQueueGetQueueNumber                    0x08007ae9   Thumb Code     6  queue.o(.text)
    vQueueSetQueueNumber                     0x08007aef   Thumb Code     4  queue.o(.text)
    ucQueueGetQueueType                      0x08007af3   Thumb Code     8  queue.o(.text)
    xQueueIsQueueEmptyFromISR                0x08007afb   Thumb Code    42  queue.o(.text)
    xQueueIsQueueFullFromISR                 0x08007b25   Thumb Code    46  queue.o(.text)
    vQueueAddToRegistry                      0x08007b53   Thumb Code    38  queue.o(.text)
    pcQueueGetName                           0x08007b79   Thumb Code    38  queue.o(.text)
    vQueueWaitForMessageRestricted           0x08007b9f   Thumb Code    74  queue.o(.text)
    xTaskCreate                              0x08007d9d   Thumb Code    96  tasks.o(.text)
    vTaskDelete                              0x08007e39   Thumb Code   202  tasks.o(.text)
    xTaskIncrementTick                       0x08007f03   Thumb Code   360  tasks.o(.text)
    xTaskResumeAll                           0x0800806b   Thumb Code   224  tasks.o(.text)
    vTaskSuspendAll                          0x080081c7   Thumb Code    12  tasks.o(.text)
    vTaskDelayUntil                          0x080081d3   Thumb Code   200  tasks.o(.text)
    vTaskDelay                               0x0800829b   Thumb Code    82  tasks.o(.text)
    eTaskGetState                            0x080082ed   Thumb Code   128  tasks.o(.text)
    uxTaskPriorityGet                        0x0800836d   Thumb Code    30  tasks.o(.text)
    uxTaskPriorityGetFromISR                 0x0800838b   Thumb Code    62  tasks.o(.text)
    vTaskPrioritySet                         0x080083c9   Thumb Code   324  tasks.o(.text)
    vTaskSwitchContext                       0x0800850d   Thumb Code   170  tasks.o(.text)
    vTaskSuspend                             0x080085b7   Thumb Code   210  tasks.o(.text)
    vTaskResume                              0x080086d9   Thumb Code   128  tasks.o(.text)
    xTaskResumeFromISR                       0x08008759   Thumb Code   158  tasks.o(.text)
    vTaskStartScheduler                      0x08008891   Thumb Code   122  tasks.o(.text)
    vTaskEndScheduler                        0x0800890b   Thumb Code    32  tasks.o(.text)
    xTaskGetTickCount                        0x0800892b   Thumb Code     6  tasks.o(.text)
    xTaskGetTickCountFromISR                 0x08008931   Thumb Code    16  tasks.o(.text)
    uxTaskGetNumberOfTasks                   0x08008941   Thumb Code     6  tasks.o(.text)
    pcTaskGetName                            0x08008947   Thumb Code    44  tasks.o(.text)
    xTaskGetHandle                           0x08008a23   Thumb Code   142  tasks.o(.text)
    vTaskGetInfo                             0x08008ac7   Thumb Code   126  tasks.o(.text)
    uxTaskGetSystemState                     0x08008baf   Thumb Code   154  tasks.o(.text)
    vTaskPlaceOnEventList                    0x08008c49   Thumb Code   112  tasks.o(.text)
    vTaskPlaceOnUnorderedEventList           0x08008cb9   Thumb Code   100  tasks.o(.text)
    vTaskPlaceOnEventListRestricted          0x08008d1d   Thumb Code    60  tasks.o(.text)
    xTaskRemoveFromEventList                 0x08008d59   Thumb Code   128  tasks.o(.text)
    vTaskRemoveFromUnorderedEventList        0x08008dd9   Thumb Code   142  tasks.o(.text)
    vTaskSetTimeOutState                     0x08008e67   Thumb Code    50  tasks.o(.text)
    vTaskInternalSetTimeOutState             0x08008e99   Thumb Code    14  tasks.o(.text)
    xTaskCheckForTimeOut                     0x08008ea7   Thumb Code   132  tasks.o(.text)
    vTaskMissedYield                         0x08008f2b   Thumb Code     8  tasks.o(.text)
    uxTaskGetTaskNumber                      0x08008f33   Thumb Code    14  tasks.o(.text)
    vTaskSetTaskNumber                       0x08008f41   Thumb Code     8  tasks.o(.text)
    xTaskGetCurrentTaskHandle                0x08008f49   Thumb Code     6  tasks.o(.text)
    xTaskGetSchedulerState                   0x08008f4f   Thumb Code    24  tasks.o(.text)
    xTaskPriorityInherit                     0x08008f67   Thumb Code   186  tasks.o(.text)
    xTaskPriorityDisinherit                  0x08009021   Thumb Code   228  tasks.o(.text)
    vTaskPriorityDisinheritAfterTimeout      0x08009105   Thumb Code   230  tasks.o(.text)
    vTaskList                                0x08009215   Thumb Code   200  tasks.o(.text)
    vTaskGetRunTimeStats                     0x080092dd   Thumb Code   168  tasks.o(.text)
    uxTaskResetEventItemValue                0x08009385   Thumb Code    24  tasks.o(.text)
    pvTaskIncrementMutexHeldCount            0x0800939d   Thumb Code    26  tasks.o(.text)
    ulTaskNotifyTake                         0x080093b7   Thumb Code   108  tasks.o(.text)
    xTaskNotifyWait                          0x08009423   Thumb Code   150  tasks.o(.text)
    xTaskGenericNotify                       0x080094b9   Thumb Code   340  tasks.o(.text)
    xTaskGenericNotifyFromISR                0x0800960d   Thumb Code   334  tasks.o(.text)
    vTaskNotifyGiveFromISR                   0x0800975b   Thumb Code   214  tasks.o(.text)
    xTaskNotifyStateClear                    0x08009831   Thumb Code    48  tasks.o(.text)
    xTimerGenericCommand                     0x080098cd   Thumb Code   126  timers.o(.text)
    xTimerCreateTimerTask                    0x08009c43   Thumb Code   118  timers.o(.text)
    xTimerCreate                             0x08009d07   Thumb Code    48  timers.o(.text)
    xTimerGetTimerDaemonTaskHandle           0x08009d37   Thumb Code    42  timers.o(.text)
    xTimerGetPeriod                          0x08009d61   Thumb Code    32  timers.o(.text)
    xTimerGetExpiryTime                      0x08009d81   Thumb Code    34  timers.o(.text)
    pcTimerGetName                           0x08009da3   Thumb Code    32  timers.o(.text)
    xTimerIsTimerActive                      0x08009dc3   Thumb Code    62  timers.o(.text)
    pvTimerGetTimerID                        0x08009e01   Thumb Code    44  timers.o(.text)
    vTimerSetTimerID                         0x08009e2d   Thumb Code    44  timers.o(.text)
    uxTimerGetTimerNumber                    0x08009e59   Thumb Code     6  timers.o(.text)
    vTimerSetTimerNumber                     0x08009e5f   Thumb Code     4  timers.o(.text)
    calibrate_task                           0x0800a199   Thumb Code   348  calibrate_task.o(.text)
    get_control_temperate                    0x0800a2f5   Thumb Code     8  calibrate_task.o(.text)
    cali_param_init                          0x0800a3e1   Thumb Code   168  calibrate_task.o(.text)
    getFlashLatitude                         0x0800a597   Thumb Code    32  calibrate_task.o(.text)
    DetectTask                               0x0800a7fd   Thumb Code   686  detect_task.o(.text)
    toe_is_error                             0x0800aaab   Thumb Code    20  detect_task.o(.text)
    DetectHook                               0x0800aabf   Thumb Code   288  detect_task.o(.text)
    getErrorListPoint                        0x0800abdf   Thumb Code     4  detect_task.o(.text)
    gimbal_behaviour_mode_set                0x0800ae95   Thumb Code   136  gimbal_behaviour.o(.text)
    gimbal_behaviour_control_set             0x0800b30d   Thumb Code   418  gimbal_behaviour.o(.text)
    gimbal_cmd_to_chassis_stop               0x0800b4af   Thumb Code    38  gimbal_behaviour.o(.text)
    gimbal_cmd_to_shoot_stop                 0x0800b4d5   Thumb Code    30  gimbal_behaviour.o(.text)
    GIMBAL_task                              0x0800bbcb   Thumb Code   264  gimbal_task.o(.text)
    set_cali_gimbal_hook                     0x0800bcd3   Thumb Code    28  gimbal_task.o(.text)
    cmd_cali_gimbal_hook                     0x0800bde1   Thumb Code   194  gimbal_task.o(.text)
    get_yaw_motor_point                      0x0800bea3   Thumb Code    50  gimbal_task.o(.text)
    get_pitch_motor_point                    0x0800bed5   Thumb Code     4  gimbal_task.o(.text)
    INSTask                                  0x0800c097   Thumb Code   828  ins_task.o(.text)
    INS_cali_gyro                            0x0800c3d3   Thumb Code    96  ins_task.o(.text)
    INS_set_cali_gyro                        0x0800c433   Thumb Code    28  ins_task.o(.text)
    get_INS_angle_point                      0x0800c44f   Thumb Code     4  ins_task.o(.text)
    get_MPU6500_Gyro_Data_Point              0x0800c453   Thumb Code     4  ins_task.o(.text)
    get_MPU6500_Accel_Data_Point             0x0800c457   Thumb Code     4  ins_task.o(.text)
    EXTI9_5_IRQHandler                       0x0800c45b   Thumb Code    32  ins_task.o(.text)
    DMA2_Stream5_IRQHandler                  0x0800c47b   Thumb Code    66  ins_task.o(.text)
    PID_Init                                 0x0800c4f1   Thumb Code    92  pid.o(.text)
    PID_Calc                                 0x0800c54d   Thumb Code   492  pid.o(.text)
    PID_clear                                0x0800c739   Thumb Code    72  pid.o(.text)
    start_task                               0x0800c785   Thumb Code   128  start_task.o(.text)
    StartTask                                0x0800c805   Thumb Code    26  start_task.o(.text)
    invSqrt                                  0x0800c891   Thumb Code    56  user_lib.o(.text)
    ramp_init                                0x0800c8c9   Thumb Code    40  user_lib.o(.text)
    ramp_calc                                0x0800c8f1   Thumb Code    90  user_lib.o(.text)
    first_order_filter_init                  0x0800c94b   Thumb Code    32  user_lib.o(.text)
    first_order_filter_cali                  0x0800c96b   Thumb Code    84  user_lib.o(.text)
    abs_limit                                0x0800c9bf   Thumb Code    48  user_lib.o(.text)
    sign                                     0x0800c9ef   Thumb Code    26  user_lib.o(.text)
    fp32_deadline                            0x0800ca09   Thumb Code    30  user_lib.o(.text)
    int16_deadline                           0x0800ca27   Thumb Code    12  user_lib.o(.text)
    fp32_constrain                           0x0800ca33   Thumb Code    42  user_lib.o(.text)
    int16_constrain                          0x0800ca5d   Thumb Code    22  user_lib.o(.text)
    loop_fp32_constrain                      0x0800ca73   Thumb Code    96  user_lib.o(.text)
    theta_format                             0x0800cad3   Thumb Code    24  user_lib.o(.text)
    send_data                                0x0800cafd   Thumb Code    78  auto_attacktask.o(.text)
    receiveMainFocusData                     0x0800cb4b   Thumb Code   154  auto_attacktask.o(.text)
    chassis_behaviour_mode_set               0x0800cc01   Thumb Code   150  chassis_behaviour.o(.text)
    chassis_behaviour_control_set            0x0800cecb   Thumb Code   156  chassis_behaviour.o(.text)
    chassis_task                             0x0800d65b   Thumb Code   204  chassis_task.o(.text)
    chassis_rc_to_control_vector             0x0800d727   Thumb Code   390  chassis_task.o(.text)
    shoot_init                               0x0800dd2f   Thumb Code   420  shoot.o(.text)
    shoot_control_loop                       0x0800e579   Thumb Code  1184  shoot.o(.text)
    AHRS_get_height                          0x0800ea25   Thumb Code    12  ahrs_middleware.o(.text)
    AHRS_get_latitude                        0x0800ea31   Thumb Code    12  ahrs_middleware.o(.text)
    AHRS_invSqrt                             0x0800ea3d   Thumb Code    56  ahrs_middleware.o(.text)
    AHRS_sinf                                0x0800ea75   Thumb Code    24  ahrs_middleware.o(.text)
    AHRS_cosf                                0x0800ea8d   Thumb Code    24  ahrs_middleware.o(.text)
    AHRS_tanf                                0x0800eaa5   Thumb Code    24  ahrs_middleware.o(.text)
    AHRS_asinf                               0x0800eabd   Thumb Code    24  ahrs_middleware.o(.text)
    AHRS_acosf                               0x0800ead5   Thumb Code    24  ahrs_middleware.o(.text)
    AHRS_atan2f                              0x0800eaed   Thumb Code    32  ahrs_middleware.o(.text)
    ist8310_init                             0x0800eb19   Thumb Code   140  ist8310driver.o(.text)
    ist8310_read_over                        0x0800eba5   Thumb Code   126  ist8310driver.o(.text)
    ist8310_read_mag                         0x0800ec23   Thumb Code   136  ist8310driver.o(.text)
    ist8310_GPIO_init                        0x0800ecb5   Thumb Code    84  ist8310driver_middleware.o(.text)
    ist8310_com_init                         0x0800ed09   Thumb Code     2  ist8310driver_middleware.o(.text)
    ist8310_auto_com_by_mpu6500              0x0800ed0b   Thumb Code    20  ist8310driver_middleware.o(.text)
    ist8310_delay_us                         0x0800ed1f   Thumb Code    12  ist8310driver_middleware.o(.text)
    ist8310_IIC_read_single_reg              0x0800ed2b   Thumb Code    40  ist8310driver_middleware.o(.text)
    ist8310_IIC_write_single_reg             0x0800ed53   Thumb Code    32  ist8310driver_middleware.o(.text)
    ist8310_IIC_read_muli_reg                0x0800ed73   Thumb Code    34  ist8310driver_middleware.o(.text)
    ist8310_IIC_write_muli_reg               0x0800ed95   Thumb Code    42  ist8310driver_middleware.o(.text)
    ist8310_delay_ms                         0x0800edbf   Thumb Code    12  ist8310driver_middleware.o(.text)
    ist8310_RST_H                            0x0800edcb   Thumb Code    12  ist8310driver_middleware.o(.text)
    ist8310_RST_L                            0x0800edd7   Thumb Code    12  ist8310driver_middleware.o(.text)
    mpu6500_init                             0x0800edf5   Thumb Code   192  mpu6500driver.o(.text)
    mpu6500_read_over                        0x0800eeb5   Thumb Code   304  mpu6500driver.o(.text)
    gyro_offset                              0x0800efe5   Thumb Code    98  mpu6500driver.o(.text)
    mpu6500_read_gyro                        0x0800f047   Thumb Code   136  mpu6500driver.o(.text)
    mpu6500_read_accel                       0x0800f0cf   Thumb Code   136  mpu6500driver.o(.text)
    mpu6500_read_temp                        0x0800f157   Thumb Code    72  mpu6500driver.o(.text)
    mpu6500_GPIO_init                        0x0800f1b9   Thumb Code    48  mpu6500driver_middleware.o(.text)
    mpu6500_com_init                         0x0800f1e9   Thumb Code     8  mpu6500driver_middleware.o(.text)
    mpu6500_middleware_delay_ms              0x0800f1f1   Thumb Code    12  mpu6500driver_middleware.o(.text)
    mpu6500_middleware_delay_us              0x0800f1fd   Thumb Code    12  mpu6500driver_middleware.o(.text)
    mpu6500_SPI_NS_H                         0x0800f209   Thumb Code    12  mpu6500driver_middleware.o(.text)
    mpu6500_SPI_NS_L                         0x0800f215   Thumb Code    12  mpu6500driver_middleware.o(.text)
    mpu6500_write_single_reg                 0x0800f26f   Thumb Code    28  mpu6500driver_middleware.o(.text)
    mpu6500_read_single_reg                  0x0800f28b   Thumb Code    32  mpu6500driver_middleware.o(.text)
    mpu6500_write_muli_reg                   0x0800f2ab   Thumb Code    52  mpu6500driver_middleware.o(.text)
    mpu6500_read_muli_reg                    0x0800f2df   Thumb Code    56  mpu6500driver_middleware.o(.text)
    arm_cos_f32                              0x0800f321   Thumb Code   108  arm_cos_f32.o(.text)
    arm_sin_f32                              0x0800f399   Thumb Code   104  arm_sin_f32.o(.text)
    __use_no_semihosting                     0x0800f40d   Thumb Code     2  use_no_semi_2.o(.text)
    __2sprintf                               0x0800f411   Thumb Code    34  noretval__2sprintf.o(.text)
    __printf                                 0x0800f439   Thumb Code   104  __printf.o(.text)
    _printf_str                              0x0800f4a1   Thumb Code    82  _printf_str.o(.text)
    _printf_int_dec                          0x0800f4f5   Thumb Code   104  _printf_dec.o(.text)
    strcpy                                   0x0800f56d   Thumb Code    72  strcpy.o(.text)
    strlen                                   0x0800f5b5   Thumb Code    62  strlen.o(.text)
    __aeabi_memcpy                           0x0800f5f3   Thumb Code     0  rt_memcpy_v6.o(.text)
    __rt_memcpy                              0x0800f5f3   Thumb Code   138  rt_memcpy_v6.o(.text)
    _memcpy_lastbytes                        0x0800f659   Thumb Code     0  rt_memcpy_v6.o(.text)
    __aeabi_memcpy4                          0x0800f67d   Thumb Code     0  rt_memcpy_w.o(.text)
    __aeabi_memcpy8                          0x0800f67d   Thumb Code     0  rt_memcpy_w.o(.text)
    __rt_memcpy_w                            0x0800f67d   Thumb Code   100  rt_memcpy_w.o(.text)
    _memcpy_lastbytes_aligned                0x0800f6c5   Thumb Code     0  rt_memcpy_w.o(.text)
    __aeabi_memset                           0x0800f6e1   Thumb Code    16  aeabi_memset.o(.text)
    __aeabi_memclr4                          0x0800f6f1   Thumb Code     0  rt_memclr_w.o(.text)
    __aeabi_memclr8                          0x0800f6f1   Thumb Code     0  rt_memclr_w.o(.text)
    __rt_memclr_w                            0x0800f6f1   Thumb Code    78  rt_memclr_w.o(.text)
    _memset_w                                0x0800f6f5   Thumb Code     0  rt_memclr_w.o(.text)
    __use_two_region_memory                  0x0800f73f   Thumb Code     2  heapauxi.o(.text)
    __rt_heap_escrow$2region                 0x0800f741   Thumb Code     2  heapauxi.o(.text)
    __rt_heap_expand$2region                 0x0800f743   Thumb Code     2  heapauxi.o(.text)
    __I$use$semihosting                      0x0800f745   Thumb Code     0  use_no_semi.o(.text)
    __use_no_semihosting_swi                 0x0800f745   Thumb Code     2  use_no_semi.o(.text)
    __read_errno                             0x0800f747   Thumb Code    10  _rserrno.o(.text)
    __set_errno                              0x0800f751   Thumb Code    12  _rserrno.o(.text)
    _printf_int_common                       0x0800f75d   Thumb Code   178  _printf_intcommon.o(.text)
    _printf_char_common                      0x0800f81b   Thumb Code    32  _printf_char_common.o(.text)
    _sputc                                   0x0800f841   Thumb Code    10  _sputc.o(.text)
    _printf_cs_common                        0x0800f84b   Thumb Code    20  _printf_char.o(.text)
    _printf_char                             0x0800f85f   Thumb Code    16  _printf_char.o(.text)
    _printf_string                           0x0800f86f   Thumb Code     8  _printf_char.o(.text)
    __aeabi_memclr                           0x0800f877   Thumb Code     0  rt_memclr.o(.text)
    __rt_memclr                              0x0800f877   Thumb Code    68  rt_memclr.o(.text)
    _memset                                  0x0800f87b   Thumb Code     0  rt_memclr.o(.text)
    __aeabi_errno_addr                       0x0800f8bd   Thumb Code     8  rt_errno_addr_intlibspace.o(.text)
    __errno$intlibspace                      0x0800f8bd   Thumb Code     0  rt_errno_addr_intlibspace.o(.text)
    __rt_errno_addr$intlibspace              0x0800f8bd   Thumb Code     0  rt_errno_addr_intlibspace.o(.text)
    _fp_trap                                 0x0800f8c5   Thumb Code    44  _fptrap.o(.text)
    __user_libspace                          0x0800f8f5   Thumb Code     8  libspace.o(.text)
    __user_perproc_libspace                  0x0800f8f5   Thumb Code     0  libspace.o(.text)
    __user_perthread_libspace                0x0800f8f5   Thumb Code     0  libspace.o(.text)
    __user_setup_stackheap                   0x0800f8fd   Thumb Code    74  sys_stackheap_outer.o(.text)
    exit                                     0x0800f947   Thumb Code    18  exit.o(.text)
    __rt_SIGFPE                              0x0800f959   Thumb Code    14  defsig_fpe_outer.o(.text)
    __sig_exit                               0x0800f967   Thumb Code    10  defsig_exit.o(.text)
    __rt_SIGFPE_inner                        0x0800f971   Thumb Code    62  defsig_fpe_inner.o(.text)
    __default_signal_display                 0x0800fa1d   Thumb Code    50  defsig_general.o(.text)
    AHRS_init                                0x0800fa69   Thumb Code   626  ahrs.o(i.AHRS_init)
    AHRS_update                              0x0800fd05   Thumb Code   314  ahrs.o(i.AHRS_update)
    __ARM_fpclassifyf                        0x0800fe3f   Thumb Code    38  fpclassifyf.o(i.__ARM_fpclassifyf)
    __hardfp_acosf                           0x0800fe65   Thumb Code   234  acosf.o(i.__hardfp_acosf)
    __hardfp_asinf                           0x0800ff7d   Thumb Code   258  asinf.o(i.__hardfp_asinf)
    __hardfp_atan2f                          0x080100a9   Thumb Code   502  atan2f.o(i.__hardfp_atan2f)
    __hardfp_fabs                            0x080102f9   Thumb Code    20  fabs.o(i.__hardfp_fabs)
    __hardfp_tanf                            0x0801030d   Thumb Code   322  tanf.o(i.__hardfp_tanf)
    __mathlib_flt_infnan                     0x08010489   Thumb Code     6  funder.o(i.__mathlib_flt_infnan)
    __mathlib_flt_infnan2                    0x0801048f   Thumb Code     6  funder.o(i.__mathlib_flt_infnan2)
    __mathlib_flt_invalid                    0x08010495   Thumb Code    10  funder.o(i.__mathlib_flt_invalid)
    __mathlib_flt_underflow                  0x080104a5   Thumb Code    10  funder.o(i.__mathlib_flt_underflow)
    __mathlib_rredf2                         0x080104b5   Thumb Code   316  rredf.o(i.__mathlib_rredf2)
    get_angle                                0x08010ad1   Thumb Code   232  ahrs.o(i.get_angle)
    sqrtf                                    0x08010c3d   Thumb Code    62  sqrtf_full.o(i.sqrtf)
    __aeabi_d2f                              0x08010cf5   Thumb Code     0  d2f_clz.o(x$fpl$d2f)
    _d2f                                     0x08010cf5   Thumb Code   700  d2f_clz.o(x$fpl$d2f)
    __fpl_dcmp_Inf                           0x08010fb9   Thumb Code    24  dcmpi.o(x$fpl$dcmpinf)
    __dflt_normalise                         0x08010fd1   Thumb Code    26  dflt_clz.o(x$fpl$dfltn)
    __aeabi_cdcmple                          0x08010fed   Thumb Code     0  dleqf.o(x$fpl$dleqf)
    _dcmple                                  0x08010fed   Thumb Code   120  dleqf.o(x$fpl$dleqf)
    __fpl_dcmple_InfNaN                      0x08011045   Thumb Code     0  dleqf.o(x$fpl$dleqf)
    __fpl_dnaninf                            0x08011065   Thumb Code   258  dnaninf.o(x$fpl$dnaninf)
    __fpl_drenorm2                           0x08011167   Thumb Code   106  drenorm_clz.o(x$fpl$drenorm)
    __fpl_drenorm1                           0x080111d1   Thumb Code     6  drenorm_clz.o(x$fpl$drenorm)
    __fpl_dretinf                            0x080111d7   Thumb Code    12  dretinf.o(x$fpl$dretinf)
    __aeabi_cdrcmple                         0x080111e3   Thumb Code     0  drleqf.o(x$fpl$drleqf)
    _drcmple                                 0x080111e3   Thumb Code    98  drleqf.o(x$fpl$drleqf)
    __dunder                                 0x08011245   Thumb Code   314  dunder_clz.o(x$fpl$dunder)
    __dunder_d                               0x0801137f   Thumb Code    64  dunder_clz.o(x$fpl$dunder)
    __fpl_exception                          0x080113c1   Thumb Code   454  except.o(x$fpl$exception)
    __aeabi_f2d                              0x080115ad   Thumb Code     0  f2d.o(x$fpl$f2d)
    _f2d                                     0x080115ad   Thumb Code   122  f2d.o(x$fpl$f2d)
    __fpl_fnaninf                            0x08011627   Thumb Code   242  fnaninf.o(x$fpl$fnaninf)
    _fp_init                                 0x08011719   Thumb Code    10  fpinit.o(x$fpl$fpinit)
    __fplib_config_fpu_vfp                   0x08011721   Thumb Code     0  fpinit.o(x$fpl$fpinit)
    __fplib_config_pureend_doubles           0x08011721   Thumb Code     0  fpinit.o(x$fpl$fpinit)
    __fpl_fretinf                            0x08011723   Thumb Code    10  fretinf.o(x$fpl$fretinf)
    __funder                                 0x0801172d   Thumb Code   254  funder_clz.o(x$fpl$funder)
    __funder_d                               0x0801182b   Thumb Code    62  funder_clz.o(x$fpl$funder)
    __fpl_return_NaN                         0x08011869   Thumb Code   178  retnan.o(x$fpl$retnan)
    _fp_trapveneer                           0x0801191b   Thumb Code    36  trapv.o(x$fpl$trapveneer)
    __fpl_cmpreturn                          0x0801193f   Thumb Code    90  trapv.o(x$fpl$trapveneer)
    CRC8_INIT                                0x08011998   Data           1  referee.o(.constdata)
    __I$use$fp                               0x08011998   Number         0  usenofp.o(x$fpl$usenofp)
    CRC8_TAB                                 0x08011999   Data         256  referee.o(.constdata)
    sinTable_f32                             0x08011be4   Data        2052  arm_common_tables.o(.constdata)
    Region$$Table$$Base                      0x08012408   Number         0  anon$$obj.o(Region$$Table)
    Region$$Table$$Limit                     0x08012428   Number         0  anon$$obj.o(Region$$Table)
    SystemCoreClock                          0x20000004   Data           4  system_stm32f4xx.o(.data)
    AHBPrescTable                            0x20000008   Data          16  system_stm32f4xx.o(.data)
    FreeRTOSRunTimeTicks                     0x20000018   Data           4  basicperipherals.o(.data)
    Usart1_RX_Cou                            0x2000001e   Data           2  referee.o(.data)
    Usart1_RX_Flag                           0x20000020   Data           1  referee.o(.data)
    g_Referee_flag                           0x20000021   Data           1  referee.o(.data)
    CRC_INIT                                 0x20000022   Data           2  referee.o(.data)
    SectorsWRPStatus                         0x20000028   Data           4  flash.o(.data)
    pxCurrentTCB                             0x20000064   Data           4  tasks.o(.data)
    cali_hook_fun                            0x200000e4   Data          20  calibrate_task.o(.data)
    test                                     0x20000119   Data           1  gimbal_behaviour.o(.data)
    Yaw_Can_Set_Current                      0x2000013c   Data           2  gimbal_task.o(.data)
    Pitch_Can_Set_Current                    0x2000013e   Data           2  gimbal_task.o(.data)
    Shoot_Can_Set_Current                    0x20000140   Data           2  gimbal_task.o(.data)
    GIMBALTask_Handler                       0x200001cc   Data           4  start_task.o(.data)
    ChassisTask_Handler                      0x200001dc   Data           4  start_task.o(.data)
    Auto_Origion                             0x200001e0   Data           6  auto_attacktask.o(.data)
    SendBuff                                 0x200001e6   Data           4  auto_attacktask.o(.data)
    shoot_mode                               0x20000204   Data           1  shoot.o(.data)
    sbus_rx_buffer                           0x20000220   Data          72  remotdbus.o(.bss)
    rc_ctrl                                  0x20000268   Data          22  remotdbus.o(.bss)
    Referee_date1                            0x20000364   Data          68  referee.o(.bss)
    power                                    0x200003a8   Data          56  referee.o(.bss)
    xQueueRegistry                           0x20012ff4   Data          64  queue.o(.bss)
    errorList                                0x200133b5   Data         324  detect_task.o(.bss)
    gimbal_control                           0x200134fc   Data         488  gimbal_task.o(.bss)
    AutoData                                 0x20013808   Data          20  auto_attacktask.o(.bss)
    mainfocus_rx_buffer                      0x2001381c   Data          10  auto_attacktask.o(.bss)
    trigger_motor_pid                        0x20013a54   Data         216  shoot.o(.bss)
    fric_motor_pid                           0x20013b2c   Data         144  shoot.o(.bss)
    trigger_motor                            0x20013bbc   Data         288  shoot.o(.bss)
    fric_motor                               0x20013cdc   Data         192  shoot.o(.bss)
    __libspace_start                         0x20013dcc   Data          96  libspace.o(.bss)
    __temporary_stack_top$libspace           0x20013e2c   Data           0  libspace.o(.bss)



==============================================================================

Memory Map of the image

  Image Entry point : 0x080001ad

  Load Region LR_IROM1 (Base: 0x08000000, Size: 0x00012648, Max: 0x00200000, ABSOLUTE, COMPRESSED[0x00012498])

    Execution Region ER_IROM1 (Base: 0x08000000, Size: 0x00012428, Max: 0x00200000, ABSOLUTE)

    Base Addr    Size         Type   Attr      Idx    E Section Name        Object

    0x08000000   0x000001ac   Data   RO          837    RESET               startup_stm32f427_437xx.o
    0x080001ac   0x00000008   Code   RO         2138  * !!!main             c_w.l(__main.o)
    0x080001b4   0x00000034   Code   RO         2441    !!!scatter          c_w.l(__scatter.o)
    0x080001e8   0x0000005a   Code   RO         2439    !!dczerorl2         c_w.l(__dczerorl2.o)
    0x08000242   0x00000002   PAD
    0x08000244   0x0000001c   Code   RO         2443    !!handler_zi        c_w.l(__scatter_zi.o)
    0x08000260   0x00000000   Code   RO         2121    .ARM.Collect$$_printf_percent$$00000000  c_w.l(_printf_percent.o)
    0x08000260   0x00000006   Code   RO         2120    .ARM.Collect$$_printf_percent$$0000000A  c_w.l(_printf_u.o)
    0x08000266   0x00000006   Code   RO         2119    .ARM.Collect$$_printf_percent$$00000013  c_w.l(_printf_c.o)
    0x0800026c   0x00000004   Code   RO         2215    .ARM.Collect$$_printf_percent$$00000017  c_w.l(_printf_percent_end.o)
    0x08000270   0x00000002   Code   RO         2316    .ARM.Collect$$libinit$$00000000  c_w.l(libinit.o)
    0x08000272   0x00000004   Code   RO         2327    .ARM.Collect$$libinit$$00000001  c_w.l(libinit2.o)
    0x08000276   0x00000000   Code   RO         2330    .ARM.Collect$$libinit$$00000004  c_w.l(libinit2.o)
    0x08000276   0x00000000   Code   RO         2333    .ARM.Collect$$libinit$$0000000A  c_w.l(libinit2.o)
    0x08000276   0x00000000   Code   RO         2335    .ARM.Collect$$libinit$$0000000C  c_w.l(libinit2.o)
    0x08000276   0x00000000   Code   RO         2337    .ARM.Collect$$libinit$$0000000E  c_w.l(libinit2.o)
    0x08000276   0x00000000   Code   RO         2340    .ARM.Collect$$libinit$$00000011  c_w.l(libinit2.o)
    0x08000276   0x00000000   Code   RO         2342    .ARM.Collect$$libinit$$00000013  c_w.l(libinit2.o)
    0x08000276   0x00000000   Code   RO         2344    .ARM.Collect$$libinit$$00000015  c_w.l(libinit2.o)
    0x08000276   0x00000000   Code   RO         2346    .ARM.Collect$$libinit$$00000017  c_w.l(libinit2.o)
    0x08000276   0x00000000   Code   RO         2348    .ARM.Collect$$libinit$$00000019  c_w.l(libinit2.o)
    0x08000276   0x00000000   Code   RO         2350    .ARM.Collect$$libinit$$0000001B  c_w.l(libinit2.o)
    0x08000276   0x00000000   Code   RO         2352    .ARM.Collect$$libinit$$0000001D  c_w.l(libinit2.o)
    0x08000276   0x00000000   Code   RO         2354    .ARM.Collect$$libinit$$0000001F  c_w.l(libinit2.o)
    0x08000276   0x00000000   Code   RO         2356    .ARM.Collect$$libinit$$00000021  c_w.l(libinit2.o)
    0x08000276   0x00000000   Code   RO         2358    .ARM.Collect$$libinit$$00000023  c_w.l(libinit2.o)
    0x08000276   0x00000000   Code   RO         2360    .ARM.Collect$$libinit$$00000025  c_w.l(libinit2.o)
    0x08000276   0x00000000   Code   RO         2364    .ARM.Collect$$libinit$$0000002C  c_w.l(libinit2.o)
    0x08000276   0x00000000   Code   RO         2366    .ARM.Collect$$libinit$$0000002E  c_w.l(libinit2.o)
    0x08000276   0x00000000   Code   RO         2368    .ARM.Collect$$libinit$$00000030  c_w.l(libinit2.o)
    0x08000276   0x00000000   Code   RO         2370    .ARM.Collect$$libinit$$00000032  c_w.l(libinit2.o)
    0x08000276   0x00000002   Code   RO         2371    .ARM.Collect$$libinit$$00000033  c_w.l(libinit2.o)
    0x08000278   0x00000002   Code   RO         2395    .ARM.Collect$$libshutdown$$00000000  c_w.l(libshutdown.o)
    0x0800027a   0x00000000   Code   RO         2421    .ARM.Collect$$libshutdown$$00000002  c_w.l(libshutdown2.o)
    0x0800027a   0x00000000   Code   RO         2423    .ARM.Collect$$libshutdown$$00000004  c_w.l(libshutdown2.o)
    0x0800027a   0x00000000   Code   RO         2426    .ARM.Collect$$libshutdown$$00000007  c_w.l(libshutdown2.o)
    0x0800027a   0x00000000   Code   RO         2429    .ARM.Collect$$libshutdown$$0000000A  c_w.l(libshutdown2.o)
    0x0800027a   0x00000000   Code   RO         2431    .ARM.Collect$$libshutdown$$0000000C  c_w.l(libshutdown2.o)
    0x0800027a   0x00000000   Code   RO         2434    .ARM.Collect$$libshutdown$$0000000F  c_w.l(libshutdown2.o)
    0x0800027a   0x00000002   Code   RO         2435    .ARM.Collect$$libshutdown$$00000010  c_w.l(libshutdown2.o)
    0x0800027c   0x00000000   Code   RO         2204    .ARM.Collect$$rtentry$$00000000  c_w.l(__rtentry.o)
    0x0800027c   0x00000000   Code   RO         2273    .ARM.Collect$$rtentry$$00000002  c_w.l(__rtentry2.o)
    0x0800027c   0x00000006   Code   RO         2285    .ARM.Collect$$rtentry$$00000004  c_w.l(__rtentry4.o)
    0x08000282   0x00000000   Code   RO         2275    .ARM.Collect$$rtentry$$00000009  c_w.l(__rtentry2.o)
    0x08000282   0x00000004   Code   RO         2276    .ARM.Collect$$rtentry$$0000000A  c_w.l(__rtentry2.o)
    0x08000286   0x00000000   Code   RO         2278    .ARM.Collect$$rtentry$$0000000C  c_w.l(__rtentry2.o)
    0x08000286   0x00000008   Code   RO         2279    .ARM.Collect$$rtentry$$0000000D  c_w.l(__rtentry2.o)
    0x0800028e   0x00000002   Code   RO         2319    .ARM.Collect$$rtexit$$00000000  c_w.l(rtexit.o)
    0x08000290   0x00000000   Code   RO         2373    .ARM.Collect$$rtexit$$00000002  c_w.l(rtexit2.o)
    0x08000290   0x00000004   Code   RO         2374    .ARM.Collect$$rtexit$$00000003  c_w.l(rtexit2.o)
    0x08000294   0x00000006   Code   RO         2375    .ARM.Collect$$rtexit$$00000004  c_w.l(rtexit2.o)
    0x0800029a   0x00000002   PAD
    0x0800029c   0x000000be   Code   RO         1144    .emb_text           port.o
    0x0800035a   0x00000076   Code   RO            3    .text               main.o
    0x080003d0   0x00000200   Code   RO          247    .text               stm32f4xx_it.o
    0x080005d0   0x00000244   Code   RO          327    .text               system_stm32f4xx.o
    0x08000814   0x0000049c   Code   RO          353    .text               basicperipherals.o
    0x08000cb0   0x0000035c   Code   RO          379    .text               remotdbus.o
    0x0800100c   0x00000130   Code   RO          405    .text               frictionmoterpwm.o
    0x0800113c   0x000005c0   Code   RO          505    .text               motorcan.o
    0x080016fc   0x00000160   Code   RO          557    .text               mainfocus_usart.o
    0x0800185c   0x00000490   Code   RO          581    .text               referee.o
    0x08001cec   0x0000010c   Code   RO          612    .text               adc.o
    0x08001df8   0x000000d8   Code   RO          632    .text               buzzer.o
    0x08001ed0   0x00000088   Code   RO          652    .text               exit_init.o
    0x08001f58   0x0000057c   Code   RO          675    .text               flash.o
    0x080024d4   0x00000250   Code   RO          701    .text               spi.o
    0x08002724   0x000002dc   Code   RO          724    .text               timer.o
    0x08002a00   0x00000094   Code   RO          744    .text               power_ctrl.o
    0x08002a94   0x000000ec   Code   RO          764    .text               delay.o
    0x08002b80   0x000000b0   Code   RO          804    .text               usart.o
    0x08002c30   0x00000040   Code   RO          838    .text               startup_stm32f427_437xx.o
    0x08002c70   0x000000e0   Code   RO          844    .text               misc.o
    0x08002d50   0x00000294   Code   RO          864    .text               stm32f4xx_gpio.o
    0x08002fe4   0x00000660   Code   RO          884    .text               stm32f4xx_rcc.o
    0x08003644   0x00000094   Code   RO          906    .text               stm32f4xx_syscfg.o
    0x080036d8   0x00000454   Code   RO          926    .text               stm32f4xx_usart.o
    0x08003b2c   0x000009f0   Code   RO          946    .text               stm32f4xx_can.o
    0x0800451c   0x000003a8   Code   RO          966    .text               stm32f4xx_dma.o
    0x080048c4   0x00000ca2   Code   RO          986    .text               stm32f4xx_tim.o
    0x08005566   0x00000002   PAD
    0x08005568   0x000004ee   Code   RO         1006    .text               stm32f4xx_spi.o
    0x08005a56   0x00000002   PAD
    0x08005a58   0x00000698   Code   RO         1026    .text               stm32f4xx_flash.o
    0x080060f0   0x00000110   Code   RO         1066    .text               stm32f4xx_exti.o
    0x08006200   0x00000464   Code   RO         1086    .text               stm32f4xx_adc.o
    0x08006664   0x0000029c   Code   RO         1104    .text               heap_4.o
    0x08006900   0x00000340   Code   RO         1145    .text               port.o
    0x08006c40   0x00000094   Code   RO         1210    .text               list.o
    0x08006cd4   0x00000f18   Code   RO         1225    .text               queue.o
    0x08007bec   0x00001c90   Code   RO         1273    .text               tasks.o
    0x0800987c   0x000005ec   Code   RO         1299    .text               timers.o
    0x08009e68   0x00000774   Code   RO         1319    .text               calibrate_task.o
    0x0800a5dc   0x00000614   Code   RO         1385    .text               detect_task.o
    0x0800abf0   0x00000910   Code   RO         1422    .text               gimbal_behaviour.o
    0x0800b500   0x000009dc   Code   RO         1458    .text               gimbal_task.o
    0x0800bedc   0x00000614   Code   RO         1492    .text               ins_task.o
    0x0800c4f0   0x00000294   Code   RO         1532    .text               pid.o
    0x0800c784   0x0000010c   Code   RO         1546    .text               start_task.o
    0x0800c890   0x0000026c   Code   RO         1587    .text               user_lib.o
    0x0800cafc   0x00000104   Code   RO         1610    .text               auto_attacktask.o
    0x0800cc00   0x000003a0   Code   RO         1640    .text               chassis_behaviour.o
    0x0800cfa0   0x0000091c   Code   RO         1668    .text               chassis_task.o
    0x0800d8bc   0x00001168   Code   RO         1691    .text               shoot.o
    0x0800ea24   0x000000f4   Code   RO         1725    .text               ahrs_middleware.o
    0x0800eb18   0x0000019c   Code   RO         1758    .text               ist8310driver.o
    0x0800ecb4   0x00000140   Code   RO         1780    .text               ist8310driver_middleware.o
    0x0800edf4   0x000003c4   Code   RO         1804    .text               mpu6500driver.o
    0x0800f1b8   0x00000168   Code   RO         1821    .text               mpu6500driver_middleware.o
    0x0800f320   0x00000078   Code   RO         1929    .text               arm_cortexM4lf_math.lib(arm_cos_f32.o)
    0x0800f398   0x00000074   Code   RO         1982    .text               arm_cortexM4lf_math.lib(arm_sin_f32.o)
    0x0800f40c   0x00000002   Code   RO         2087    .text               c_w.l(use_no_semi_2.o)
    0x0800f40e   0x00000002   PAD
    0x0800f410   0x00000028   Code   RO         2091    .text               c_w.l(noretval__2sprintf.o)
    0x0800f438   0x00000068   Code   RO         2093    .text               c_w.l(__printf.o)
    0x0800f4a0   0x00000052   Code   RO         2095    .text               c_w.l(_printf_str.o)
    0x0800f4f2   0x00000002   PAD
    0x0800f4f4   0x00000078   Code   RO         2097    .text               c_w.l(_printf_dec.o)
    0x0800f56c   0x00000048   Code   RO         2122    .text               c_w.l(strcpy.o)
    0x0800f5b4   0x0000003e   Code   RO         2124    .text               c_w.l(strlen.o)
    0x0800f5f2   0x0000008a   Code   RO         2126    .text               c_w.l(rt_memcpy_v6.o)
    0x0800f67c   0x00000064   Code   RO         2128    .text               c_w.l(rt_memcpy_w.o)
    0x0800f6e0   0x00000010   Code   RO         2132    .text               c_w.l(aeabi_memset.o)
    0x0800f6f0   0x0000004e   Code   RO         2134    .text               c_w.l(rt_memclr_w.o)
    0x0800f73e   0x00000006   Code   RO         2136    .text               c_w.l(heapauxi.o)
    0x0800f744   0x00000002   Code   RO         2202    .text               c_w.l(use_no_semi.o)
    0x0800f746   0x00000016   Code   RO         2205    .text               c_w.l(_rserrno.o)
    0x0800f75c   0x000000b2   Code   RO         2207    .text               c_w.l(_printf_intcommon.o)
    0x0800f80e   0x00000002   PAD
    0x0800f810   0x00000030   Code   RO         2209    .text               c_w.l(_printf_char_common.o)
    0x0800f840   0x0000000a   Code   RO         2211    .text               c_w.l(_sputc.o)
    0x0800f84a   0x0000002c   Code   RO         2213    .text               c_w.l(_printf_char.o)
    0x0800f876   0x00000044   Code   RO         2216    .text               c_w.l(rt_memclr.o)
    0x0800f8ba   0x00000002   PAD
    0x0800f8bc   0x00000008   Code   RO         2290    .text               c_w.l(rt_errno_addr_intlibspace.o)
    0x0800f8c4   0x00000030   Code   RO         2292    .text               c_w.l(_fptrap.o)
    0x0800f8f4   0x00000008   Code   RO         2300    .text               c_w.l(libspace.o)
    0x0800f8fc   0x0000004a   Code   RO         2303    .text               c_w.l(sys_stackheap_outer.o)
    0x0800f946   0x00000012   Code   RO         2305    .text               c_w.l(exit.o)
    0x0800f958   0x0000000e   Code   RO         2307    .text               c_w.l(defsig_fpe_outer.o)
    0x0800f966   0x0000000a   Code   RO         2323    .text               c_w.l(defsig_exit.o)
    0x0800f970   0x000000ac   Code   RO         2325    .text               c_w.l(defsig_fpe_inner.o)
    0x0800fa1c   0x00000032   Code   RO         2381    .text               c_w.l(defsig_general.o)
    0x0800fa4e   0x0000001a   Code   RO         1839    i.AHRS_fabs         AHRS.lib(ahrs.o)
    0x0800fa68   0x0000029c   Code   RO         1840    i.AHRS_init         AHRS.lib(ahrs.o)
    0x0800fd04   0x0000013a   Code   RO         1841    i.AHRS_update       AHRS.lib(ahrs.o)
    0x0800fe3e   0x00000026   Code   RO         2241    i.__ARM_fpclassifyf  m_wm.l(fpclassifyf.o)
    0x0800fe64   0x00000118   Code   RO         2148    i.__hardfp_acosf    m_wm.l(acosf.o)
    0x0800ff7c   0x0000012c   Code   RO         2160    i.__hardfp_asinf    m_wm.l(asinf.o)
    0x080100a8   0x00000250   Code   RO         2172    i.__hardfp_atan2f   m_wm.l(atan2f.o)
    0x080102f8   0x00000014   Code   RO         2184    i.__hardfp_fabs     m_wm.l(fabs.o)
    0x0801030c   0x0000017c   Code   RO         2190    i.__hardfp_tanf     m_wm.l(tanf.o)
    0x08010488   0x00000006   Code   RO         2244    i.__mathlib_flt_infnan  m_wm.l(funder.o)
    0x0801048e   0x00000006   Code   RO         2245    i.__mathlib_flt_infnan2  m_wm.l(funder.o)
    0x08010494   0x00000010   Code   RO         2246    i.__mathlib_flt_invalid  m_wm.l(funder.o)
    0x080104a4   0x00000010   Code   RO         2249    i.__mathlib_flt_underflow  m_wm.l(funder.o)
    0x080104b4   0x00000154   Code   RO         2257    i.__mathlib_rredf2  m_wm.l(rredf.o)
    0x08010608   0x000001d0   Code   RO         1842    i.accel_comple_filter  AHRS.lib(ahrs.o)
    0x080107d8   0x0000018c   Code   RO         1843    i.accel_update_kp_ki  AHRS.lib(ahrs.o)
    0x08010964   0x0000016c   Code   RO         1844    i.angle_to_quat     AHRS.lib(ahrs.o)
    0x08010ad0   0x000000e8   Code   RO         1845    i.get_angle         AHRS.lib(ahrs.o)
    0x08010bb8   0x00000084   Code   RO         1850    i.quat_normalization  AHRS.lib(ahrs.o)
    0x08010c3c   0x0000003e   Code   RO         2262    i.sqrtf             m_wm.l(sqrtf_full.o)
    0x08010c7a   0x0000007a   Code   RO         1851    i.update_w          AHRS.lib(ahrs.o)
    0x08010cf4   0x000002c4   Code   RO         2140    x$fpl$d2f           g_wm.l(d2f_clz.o)
    0x08010fb8   0x00000018   Code   RO         2218    x$fpl$dcmpinf       g_wm.l(dcmpi.o)
    0x08010fd0   0x0000001a   Code   RO         2222    x$fpl$dfltn         g_wm.l(dflt_clz.o)
    0x08010fea   0x00000002   PAD
    0x08010fec   0x00000078   Code   RO         2142    x$fpl$dleqf         g_wm.l(dleqf.o)
    0x08011064   0x00000102   Code   RO         2226    x$fpl$dnaninf       g_wm.l(dnaninf.o)
    0x08011166   0x00000070   Code   RO         2317    x$fpl$drenorm       g_wm.l(drenorm_clz.o)
    0x080111d6   0x0000000c   Code   RO         2228    x$fpl$dretinf       g_wm.l(dretinf.o)
    0x080111e2   0x00000062   Code   RO         2144    x$fpl$drleqf        g_wm.l(drleqf.o)
    0x08011244   0x0000017a   Code   RO         2296    x$fpl$dunder        g_wm.l(dunder_clz.o)
    0x080113be   0x00000002   PAD
    0x080113c0   0x000001ec   Code   RO         2230    x$fpl$exception     g_wm.l(except.o)
    0x080115ac   0x0000007a   Code   RO         2146    x$fpl$f2d           g_wm.l(f2d.o)
    0x08011626   0x000000f2   Code   RO         2232    x$fpl$fnaninf       g_wm.l(fnaninf.o)
    0x08011718   0x0000000a   Code   RO         2385    x$fpl$fpinit        g_wm.l(fpinit.o)
    0x08011722   0x0000000a   Code   RO         2234    x$fpl$fretinf       g_wm.l(fretinf.o)
    0x0801172c   0x0000013c   Code   RO         2236    x$fpl$funder        g_wm.l(funder_clz.o)
    0x08011868   0x000000b2   Code   RO         2298    x$fpl$retnan        g_wm.l(retnan.o)
    0x0801191a   0x0000007e   Code   RO         2238    x$fpl$trapveneer    g_wm.l(trapv.o)
    0x08011998   0x00000000   Code   RO         2240    x$fpl$usenofp       g_wm.l(usenofp.o)
    0x08011998   0x00000101   Data   RO          583    .constdata          referee.o
    0x08011a99   0x0000000f   Data   RO         1321    .constdata          calibrate_task.o
    0x08011aa8   0x00000030   Data   RO         1387    .constdata          detect_task.o
    0x08011ad8   0x00000018   Data   RO         1460    .constdata          gimbal_task.o
    0x08011af0   0x00000030   Data   RO         1494    .constdata          ins_task.o
    0x08011b20   0x00000020   Data   RO         1670    .constdata          chassis_task.o
    0x08011b40   0x00000060   Data   RO         1693    .constdata          shoot.o
    0x08011ba0   0x0000000c   Data   RO         1759    .constdata          ist8310driver.o
    0x08011bac   0x0000002a   Data   RO         1805    .constdata          mpu6500driver.o
    0x08011bd6   0x00000002   PAD
    0x08011bd8   0x0000000c   Data   RO         1852    .constdata          AHRS.lib(ahrs.o)
    0x08011be4   0x00000804   Data   RO         2062    .constdata          arm_cortexM4lf_math.lib(arm_common_tables.o)
    0x080123e8   0x00000020   Data   RO         2258    .constdata          m_wm.l(rredf.o)
    0x08012408   0x00000020   Data   RO         2437    Region$$Table       anon$$obj.o


    Execution Region RW_IRAM1 (Base: 0x20000000, Size: 0x00014430, Max: 0x00030000, ABSOLUTE, COMPRESSED[0x00000070])

    Base Addr    Size         Type   Attr      Idx    E Section Name        Object

    0x20000000   0x00000002   Data   RW          249    .data               stm32f4xx_it.o
    0x20000002   0x00000002   PAD
    0x20000004   0x00000014   Data   RW          328    .data               system_stm32f4xx.o
    0x20000018   0x00000004   Data   RW          354    .data               basicperipherals.o
    0x2000001c   0x00000001   Data   RW          507    .data               motorcan.o
    0x2000001d   0x00000001   PAD
    0x2000001e   0x00000007   Data   RW          584    .data               referee.o
    0x20000025   0x00000003   PAD
    0x20000028   0x00000004   Data   RW          676    .data               flash.o
    0x2000002c   0x00000004   Data   RW          765    .data               delay.o
    0x20000030   0x00000010   Data   RW          885    .data               stm32f4xx_rcc.o
    0x20000040   0x00000018   Data   RW         1106    .data               heap_4.o
    0x20000058   0x0000000c   Data   RW         1146    .data               port.o
    0x20000064   0x00000044   Data   RW         1275    .data               tasks.o
    0x200000a8   0x00000014   Data   RW         1301    .data               timers.o
    0x200000bc   0x00000050   Data   RW         1322    .data               calibrate_task.o
    0x2000010c   0x0000000a   Data   RW         1388    .data               detect_task.o
    0x20000116   0x00000002   PAD
    0x20000118   0x00000024   Data   RW         1423    .data               gimbal_behaviour.o
    0x2000013c   0x00000010   Data   RW         1461    .data               gimbal_task.o
    0x2000014c   0x0000007c   Data   RW         1495    .data               ins_task.o
    0x200001c8   0x00000018   Data   RW         1547    .data               start_task.o
    0x200001e0   0x0000000b   Data   RW         1612    .data               auto_attacktask.o
    0x200001eb   0x00000001   PAD
    0x200001ec   0x00000011   Data   RW         1641    .data               chassis_behaviour.o
    0x200001fd   0x00000003   PAD
    0x20000200   0x0000000f   Data   RW         1694    .data               shoot.o
    0x2000020f   0x00000001   Data   RW         1806    .data               mpu6500driver.o
    0x20000210   0x00000010   Data   RW         1853    .data               AHRS.lib(ahrs.o)
    0x20000220   0x0000005e   Zero   RW          380    .bss                remotdbus.o
    0x2000027e   0x0000006e   Zero   RW          506    .bss                motorcan.o
    0x200002ec   0x00000108   Zero   RW          582    .bss                referee.o
    0x200003f4   0x00012c00   Zero   RW         1105    .bss                heap_4.o
    0x20012ff4   0x00000040   Zero   RW         1226    .bss                queue.o
    0x20013034   0x000002bc   Zero   RW         1274    .bss                tasks.o
    0x200132f0   0x00000028   Zero   RW         1300    .bss                timers.o
    0x20013318   0x0000009d   Zero   RW         1320    .bss                calibrate_task.o
    0x200133b5   0x00000144   Zero   RW         1386    .bss                detect_task.o
    0x200134f9   0x00000003   PAD
    0x200134fc   0x000001e8   Zero   RW         1459    .bss                gimbal_task.o
    0x200136e4   0x00000124   Zero   RW         1493    .bss                ins_task.o
    0x20013808   0x0000001e   Zero   RW         1611    .bss                auto_attacktask.o
    0x20013826   0x00000002   PAD
    0x20013828   0x0000022c   Zero   RW         1669    .bss                chassis_task.o
    0x20013a54   0x00000378   Zero   RW         1692    .bss                shoot.o
    0x20013dcc   0x00000060   Zero   RW         2301    .bss                c_w.l(libspace.o)
    0x20013e2c   0x00000004   PAD
    0x20013e30   0x00000200   Zero   RW          836    HEAP                startup_stm32f427_437xx.o
    0x20014030   0x00000400   Zero   RW          835    STACK               startup_stm32f427_437xx.o


==============================================================================

Image component sizes


      Code (inc. data)   RO Data    RW Data    ZI Data      Debug   Object Name

       268         18          0          0          0       1184   adc.o
       244         12          0          0          0       3665   ahrs_middleware.o
       260         28          0         11         30       2566   auto_attacktask.o
      1180         48          0          4          0       4661   basicperipherals.o
       216          8          0          0          0       1099   buzzer.o
      1908         92         15         80        157      21339   calibrate_task.o
       928         58          0         17          0       7403   chassis_behaviour.o
      2332        106         32          0        556       5184   chassis_task.o
       236          8          0          4          0       1689   delay.o
      1556         66         48         10        324       4095   detect_task.o
         0          0          0          0          0       7956   event_groups.o
       136          6          0          0          0        680   exit_init.o
      1404         94          0          4          0       4996   flash.o
       304          4          0          0          0     301267   frictionmoterpwm.o
      2320        154          0         36          0       9720   gimbal_behaviour.o
      2524         74         24         16        488       8679   gimbal_task.o
       668         24          0         24      76800      13228   heap_4.o
      1556        190         48        124        292       7134   ins_task.o
       412         10         12          0          0       2586   ist8310driver.o
       320         18          0          0          0       3193   ist8310driver_middleware.o
       148          0          0          0          0       1974   list.o
       118          0          0          0          0     357678   main.o
       352         18          0          0          0       1323   mainfocus_usart.o
       224         20          0          0          0       1837   misc.o
      1472         62          0          1        110       4679   motorcan.o
       964         26         42          1          0       3608   mpu6500driver.o
       360         10          0          0          0       3253   mpu6500driver_middleware.o
       660          4          0          0          0       1842   pid.o
      1022         52          0         12          0       8943   port.o
       148          4          0          0          0       1174   power_ctrl.o
      3864         20          0          0         64      21272   queue.o
      1168         58        257          7        264       5742   referee.o
       860         28          0          0         94       5123   remotdbus.o
      4456        310         96         15        888       9483   shoot.o
       592         20          0          0          0       1645   spi.o
       268        114          0         24          0       1120   start_task.o
        64         26        428          0       1536        848   startup_stm32f427_437xx.o
      1124         24          0          0          0      10706   stm32f4xx_adc.o
      2544         38          0          0          0       8164   stm32f4xx_can.o
       936         32          0          0          0       6413   stm32f4xx_dma.o
       272         10          0          0          0       2303   stm32f4xx_exti.o
      1688         24          0          0          0       9434   stm32f4xx_flash.o
       660         44          0          0          0       4177   stm32f4xx_gpio.o
       512         46          0          2          0     244604   stm32f4xx_it.o
      1632         54          0         16          0      13120   stm32f4xx_rcc.o
      1262         38          0          0          0       7421   stm32f4xx_spi.o
       148         12          0          0          0       1853   stm32f4xx_syscfg.o
      3234         60          0          0          0      23032   stm32f4xx_tim.o
      1108         34          0          0          0       7900   stm32f4xx_usart.o
       580         46          0         20          0       1835   system_stm32f4xx.o
      7312        402          0         68        700      32541   tasks.o
       732         28          0          0          0       2023   timer.o
      1516         68          0         20         40      11782   timers.o
       176         10          0          0          0       2976   usart.o
       620         18          0          0          0       4774   user_lib.o

    ----------------------------------------------------------------------
     61572       2778       1036        528      82348    1238926   Object Totals
         0          0         32          0          0          0   (incl. Generated)
         4          0          2         12          5          0   (incl. Padding)

    ----------------------------------------------------------------------

      Code (inc. data)   RO Data    RW Data    ZI Data      Debug   Library Member Name

      2718         84         12         16          0       9922   ahrs.o
         0          0       2052          0          0       4636   arm_common_tables.o
       120         12          0          0          0      16970   arm_cos_f32.o
       116         12          0          0          0        658   arm_sin_f32.o
        90          0          0          0          0          0   __dczerorl2.o
         8          0          0          0          0         68   __main.o
       104          0          0          0          0         84   __printf.o
         0          0          0          0          0          0   __rtentry.o
        12          0          0          0          0          0   __rtentry2.o
         6          0          0          0          0          0   __rtentry4.o
        52          8          0          0          0          0   __scatter.o
        28          0          0          0          0          0   __scatter_zi.o
        48          4          0          0          0         84   _fptrap.o
         6          0          0          0          0          0   _printf_c.o
        44          0          0          0          0        108   _printf_char.o
        48          6          0          0          0         96   _printf_char_common.o
       120         16          0          0          0         92   _printf_dec.o
       178          0          0          0          0         88   _printf_intcommon.o
         0          0          0          0          0          0   _printf_percent.o
         4          0          0          0          0          0   _printf_percent_end.o
        82          0          0          0          0         80   _printf_str.o
         6          0          0          0          0          0   _printf_u.o
        22          0          0          0          0        100   _rserrno.o
        10          0          0          0          0         68   _sputc.o
        16          0          0          0          0         68   aeabi_memset.o
        10          0          0          0          0         68   defsig_exit.o
       172        110          0          0          0         76   defsig_fpe_inner.o
        14          0          0          0          0         80   defsig_fpe_outer.o
        50          0          0          0          0         88   defsig_general.o
        18          0          0          0          0         80   exit.o
         6          0          0          0          0        152   heapauxi.o
         2          0          0          0          0          0   libinit.o
         6          0          0          0          0          0   libinit2.o
         2          0          0          0          0          0   libshutdown.o
         2          0          0          0          0          0   libshutdown2.o
         8          4          0          0         96         68   libspace.o
        40          6          0          0          0         84   noretval__2sprintf.o
         8          4          0          0          0         68   rt_errno_addr_intlibspace.o
        68          0          0          0          0         68   rt_memclr.o
        78          0          0          0          0         80   rt_memclr_w.o
       138          0          0          0          0         68   rt_memcpy_v6.o
       100          0          0          0          0         80   rt_memcpy_w.o
         2          0          0          0          0          0   rtexit.o
        10          0          0          0          0          0   rtexit2.o
        72          0          0          0          0         80   strcpy.o
        62          0          0          0          0         76   strlen.o
        74          0          0          0          0         80   sys_stackheap_outer.o
         2          0          0          0          0         68   use_no_semi.o
         2          0          0          0          0         68   use_no_semi_2.o
       708         16          0          0          0        140   d2f_clz.o
        24          0          0          0          0        116   dcmpi.o
        26          0          0          0          0        116   dflt_clz.o
       120          8          0          0          0        140   dleqf.o
       258          4          0          0          0        156   dnaninf.o
       112          0          0          0          0        160   drenorm_clz.o
        12          0          0          0          0        116   dretinf.o
        98          0          0          0          0        128   drleqf.o
       378          0          0          0          0        168   dunder_clz.o
       492         36          0          0          0        148   except.o
       122          8          0          0          0        132   f2d.o
       242          4          0          0          0        144   fnaninf.o
        10          0          0          0          0        116   fpinit.o
        10          0          0          0          0        116   fretinf.o
       316          0          0          0          0        132   funder_clz.o
       178          0          0          0          0        116   retnan.o
       126          0          0          0          0        148   trapv.o
         0          0          0          0          0          0   usenofp.o
       280         46          0          0          0        176   acosf.o
       300         42          0          0          0        176   asinf.o
       592         90          0          0          0        184   atan2f.o
        20          0          0          0          0        124   fabs.o
        38          0          0          0          0        116   fpclassifyf.o
        44         12          0          0          0        464   funder.o
       340         24         32          0          0        160   rredf.o
        62          0          0          0          0        136   sqrtf_full.o
       380         58          0          0          0        200   tanf.o

    ----------------------------------------------------------------------
     10088        614       2096         16        100      38582   Library Totals
        16          0          0          0          4          0   (incl. Padding)

    ----------------------------------------------------------------------

      Code (inc. data)   RO Data    RW Data    ZI Data      Debug   Library Name

      2718         84         12         16          0       9922   AHRS.lib
       236         24       2052          0          0      22264   arm_cortexM4lf_math.lib
      1830        158          0          0         96       2368   c_w.l
      3232         76          0          0          0       2292   g_wm.l
      2056        272         32          0          0       1736   m_wm.l

    ----------------------------------------------------------------------
     10088        614       2096         16        100      38582   Library Totals

    ----------------------------------------------------------------------

==============================================================================


      Code (inc. data)   RO Data    RW Data    ZI Data      Debug   

     71660       3392       3132        544      82448    1260308   Grand Totals
     71660       3392       3132        112      82448    1260308   ELF Image Totals (compressed)
     71660       3392       3132        112          0          0   ROM Totals

==============================================================================

    Total RO  Size (Code + RO Data)                74792 (  73.04kB)
    Total RW  Size (RW Data + ZI Data)             82992 (  81.05kB)
    Total ROM Size (Code + RO Data + RW Data)      74904 (  73.15kB)

==============================================================================

