<html>
<body>
<pre>
<h1>µVision Build Log</h1>
<h2>Tool Versions:</h2>
IDE-Version: ¦ÌVision V5.23.0.0
Copyright (C) 2017 ARM Ltd and ARM Germany GmbH. All rights reserved.
License Information: efdfs wky, sfs, LIC=QF830-BL30K-MMM9I-TR03X-6WJZV-7E21K
 
Tool Versions:
Toolchain:       MDK-ARM Plus  Version: 5.23
Toolchain Path:  D:\Software\Keil_v5\ARM\ARMCC\Bin
C Compiler:      Armcc.exe V5.06 update 4 (build 422)
Assembler:       Armasm.exe V5.06 update 4 (build 422)
Linker/Locator:  ArmLink.exe V5.06 update 4 (build 422)
Library Manager: ArmAr.exe V5.06 update 4 (build 422)
Hex Converter:   FromElf.exe V5.06 update 4 (build 422)
CPU DLL:         SARMCM3.DLL V5.23
Dialog DLL:      DCM.DLL V1.15.0.0
Target DLL:      Segger\JL2CM3.dll V2.99.23.0
Dialog DLL:      TCM.DLL V1.27.0.0
 
<h2>Project:</h2>
D:\RMDownload\infantry2019\Hero\Hero_FreeRTOS_2019\USER\Hero2019.uvprojx
Project File Date:  04/23/2019

<h2>Output:</h2>
*** Using Compiler 'V5.06 update 4 (build 422)', folder: 'D:\Software\Keil_v5\ARM\ARMCC\Bin'
Build target 'Hero_2019'
compiling stmflash.c...
compiling FrictionMoterPWM.c...
compiling BasicPeripherals.c...
compiling system_stm32f4xx.c...
compiling RemotDbus.c...
compiling main.c...
compiling MotorCAN.c...
compiling stm32f4xx_it.c...
compiling MainFocus_Usart.c...
compiling spi.c...
compiling buzzer.c...
compiling adc.c...
compiling power_ctrl.c...
compiling exit_init.c...
assembling startup_stm32f427_437xx.s...
compiling timer.c...
compiling flash.c...
compiling usart6.c...
compiling delay.c...
compiling misc.c...
compiling sys.c...
compiling stm32f4xx_rcc.c...
compiling stm32f4xx_gpio.c...
compiling stm32f4xx_syscfg.c...
compiling usart.c...
compiling stm32f4xx_flash.c...
compiling stm32f4xx_exti.c...
compiling stm32f4xx_spi.c...
compiling stm32f4xx_tim.c...
compiling stm32f4xx_dma.c...
compiling stm32f4xx_usart.c...
compiling stm32f4xx_iwdg.c...
compiling heap_4.c...
compiling stm32f4xx_can.c...
compiling croutine.c...
compiling port.c...
compiling list.c...
compiling event_groups.c...
compiling queue.c...
compiling stream_buffer.c...
compiling timers.c...
compiling tasks.c...
compiling stm32f4xx_adc.c...
compiling gimbal_behaviour.c...
compiling calibrate_task.c...
compiling pid.c...
compiling start_task.c...
compiling INS_task.c...
compiling detect_task.c...
compiling user_lib.c...
compiling gimbal_task.c...
compiling circular_buffer.c...
compiling AHRS_middleware.c...
compiling Auto_attackTask.c...
compiling ist8310driver_middleware.c...
compiling ist8310driver.c...
compiling chassis_task.c...
compiling chassis_behaviour.c...
compiling Referee_DispatchTask.c...
compiling shoot.c...
compiling mpu6500driver_middleware.c...
compiling mpu6500driver.c...
linking...
Program Size: Code=80056 RO-data=3840 RW-data=644 ZI-data=92500  
FromELF: creating hex file...
"..\OBJ\CAN.axf" - 0 Error(s), 0 Warning(s).

<h2>Collection of Component include folders:</h2>
  .\RTE\_Hero_2019
  D:\Software\Keil_v5\ARM\PACK\Keil\STM32F4xx_DFP\2.13.0\Drivers\CMSIS\Device\ST\STM32F4xx\Include

<h2>Collection of Component Files used:</h2>
Build Time Elapsed:  00:00:22
</pre>
</body>
</html>
