Component: ARM Compiler 5.06 update 4 (build 422) Tool: armlink [4d35d2]

==============================================================================

Section Cross References

    main.o(.text) refers to misc.o(.text) for NVIC_PriorityGroupConfig
    main.o(.text) refers to delay.o(.text) for delay_init
    main.o(.text) refers to basicperipherals.o(.text) for BasicPreiph_Init
    main.o(.text) refers to buzzer.o(.text) for buzzer_init
    main.o(.text) refers to frictionmoterpwm.o(.text) for FrictionMoterPWM_Init
    main.o(.text) refers to usart.o(.text) for uart_init
    main.o(.text) refers to motorcan.o(.text) for MoterCanInit
    main.o(.text) refers to mainfocus_usart.o(.text) for MainFocusConfig
    main.o(.text) refers to referee.o(.text) for Referee_init
    main.o(.text) refers to adc.o(.text) for temperature_ADC_init
    main.o(.text) refers to power_ctrl.o(.text) for power_ctrl_configuration
    main.o(.text) refers to remotdbus.o(.text) for RemotDbus_Init
    main.o(.text) refers to calibrate_task.o(.text) for cali_param_init
    main.o(.text) refers to start_task.o(.text) for StartTask
    main.o(.text) refers to tasks.o(.text) for vTaskStartScheduler
    stm32f4xx_it.o(.text) refers to stm32f4xx_exti.o(.text) for EXTI_GetITStatus
    stm32f4xx_it.o(.text) refers to stm32f4xx_usart.o(.text) for USART_GetITStatus
    stm32f4xx_it.o(.text) refers to stm32f4xx_dma.o(.text) for DMA_GetCurrentMemoryTarget
    stm32f4xx_it.o(.text) refers to remotdbus.o(.text) for SBUS_TO_RC
    stm32f4xx_it.o(.text) refers to detect_task.o(.text) for DetectHook
    stm32f4xx_it.o(.text) refers to stm32f4xx_can.o(.text) for CAN_GetITStatus
    stm32f4xx_it.o(.text) refers to motorcan.o(.text) for CAN_hook
    stm32f4xx_it.o(.text) refers to stm32f4xx_tim.o(.text) for TIM_GetITStatus
    stm32f4xx_it.o(.text) refers to auto_attacktask.o(.text) for receiveMainFocusData
    stm32f4xx_it.o(.text) refers to stm32f4xx_it.o(.data) for this_time_rx_len
    stm32f4xx_it.o(.text) refers to remotdbus.o(.bss) for rc_ctrl
    stm32f4xx_it.o(.text) refers to auto_attacktask.o(.bss) for mainfocus_rx_buffer
    system_stm32f4xx.o(.text) refers to system_stm32f4xx.o(.data) for SystemCoreClock
    basicperipherals.o(.text) refers to stm32f4xx_rcc.o(.text) for RCC_AHB1PeriphClockCmd
    basicperipherals.o(.text) refers to stm32f4xx_gpio.o(.text) for GPIO_Init
    basicperipherals.o(.text) refers to stm32f4xx_tim.o(.text) for TIM_TimeBaseInit
    basicperipherals.o(.text) refers to stm32f4xx_syscfg.o(.text) for SYSCFG_EXTILineConfig
    basicperipherals.o(.text) refers to stm32f4xx_exti.o(.text) for EXTI_Init
    basicperipherals.o(.text) refers to misc.o(.text) for NVIC_Init
    basicperipherals.o(.text) refers to tasks.o(.text) for vTaskDelay
    basicperipherals.o(.text) refers to basicperipherals.o(.data) for FreeRTOSRunTimeTicks
    remotdbus.o(.text) refers to stm32f4xx_rcc.o(.text) for RCC_AHB1PeriphClockCmd
    remotdbus.o(.text) refers to stm32f4xx_gpio.o(.text) for GPIO_Init
    remotdbus.o(.text) refers to stm32f4xx_usart.o(.text) for USART_DeInit
    remotdbus.o(.text) refers to misc.o(.text) for NVIC_Init
    remotdbus.o(.text) refers to stm32f4xx_dma.o(.text) for DMA_Cmd
    remotdbus.o(.text) refers to remotdbus.o(.bss) for sbus_rx_buffer
    frictionmoterpwm.o(.text) refers to stm32f4xx_rcc.o(.text) for RCC_APB1PeriphClockCmd
    frictionmoterpwm.o(.text) refers to stm32f4xx_gpio.o(.text) for GPIO_PinAFConfig
    frictionmoterpwm.o(.text) refers to stm32f4xx_tim.o(.text) for TIM_TimeBaseInit
    motorcan.o(.text) refers to stm32f4xx_rcc.o(.text) for RCC_APB1PeriphClockCmd
    motorcan.o(.text) refers to stm32f4xx_gpio.o(.text) for GPIO_Init
    motorcan.o(.text) refers to misc.o(.text) for NVIC_Init
    motorcan.o(.text) refers to stm32f4xx_can.o(.text) for CAN_DeInit
    motorcan.o(.text) refers to detect_task.o(.text) for DetectHook
    motorcan.o(.text) refers to motorcan.o(.bss) for motor_yaw
    motorcan.o(.text) refers to motorcan.o(.data) for i
    stmflash.o(.text) refers to stm32f4xx_flash.o(.text) for FLASH_Unlock
    mainfocus_usart.o(.text) refers to stm32f4xx_rcc.o(.text) for RCC_APB1PeriphClockCmd
    mainfocus_usart.o(.text) refers to stm32f4xx_gpio.o(.text) for GPIO_PinAFConfig
    mainfocus_usart.o(.text) refers to stm32f4xx_dma.o(.text) for DMA_DeInit
    mainfocus_usart.o(.text) refers to stm32f4xx_usart.o(.text) for USART_DeInit
    mainfocus_usart.o(.text) refers to misc.o(.text) for NVIC_Init
    mainfocus_usart.o(.text) refers to auto_attacktask.o(.bss) for mainfocus_rx_buffer
    referee.o(.text) refers to stm32f4xx_rcc.o(.text) for RCC_APB2PeriphClockCmd
    referee.o(.text) refers to stm32f4xx_gpio.o(.text) for GPIO_PinAFConfig
    referee.o(.text) refers to stm32f4xx_dma.o(.text) for DMA_DeInit
    referee.o(.text) refers to stm32f4xx_usart.o(.text) for USART_DeInit
    referee.o(.text) refers to misc.o(.text) for NVIC_Init
[...]
    SYSCFG_CompensationCellCmd               0x08003931   Thumb Code     6  stm32f4xx_syscfg.o(.text)
    SYSCFG_GetCompensationCellStatus         0x08003937   Thumb Code    22  stm32f4xx_syscfg.o(.text)
    USART_DeInit                             0x08003959   Thumb Code   206  stm32f4xx_usart.o(.text)
    USART_Init                               0x08003a27   Thumb Code   204  stm32f4xx_usart.o(.text)
    USART_StructInit                         0x08003af3   Thumb Code    24  stm32f4xx_usart.o(.text)
    USART_ClockInit                          0x08003b0b   Thumb Code    32  stm32f4xx_usart.o(.text)
    USART_ClockStructInit                    0x08003b2b   Thumb Code    12  stm32f4xx_usart.o(.text)
    USART_Cmd                                0x08003b37   Thumb Code    24  stm32f4xx_usart.o(.text)
    USART_SetPrescaler                       0x08003b4f   Thumb Code    16  stm32f4xx_usart.o(.text)
    USART_OverSampling8Cmd                   0x08003b5f   Thumb Code    22  stm32f4xx_usart.o(.text)
    USART_OneBitMethodCmd                    0x08003b75   Thumb Code    24  stm32f4xx_usart.o(.text)
    USART_SendData                           0x08003b8d   Thumb Code     8  stm32f4xx_usart.o(.text)
    USART_ReceiveData                        0x08003b95   Thumb Code    10  stm32f4xx_usart.o(.text)
    USART_SetAddress                         0x08003b9f   Thumb Code    18  stm32f4xx_usart.o(.text)
    USART_ReceiverWakeUpCmd                  0x08003bb1   Thumb Code    24  stm32f4xx_usart.o(.text)
    USART_WakeUpConfig                       0x08003bc9   Thumb Code    18  stm32f4xx_usart.o(.text)
    USART_LINBreakDetectLengthConfig         0x08003bdb   Thumb Code    18  stm32f4xx_usart.o(.text)
    USART_LINCmd                             0x08003bed   Thumb Code    24  stm32f4xx_usart.o(.text)
    USART_SendBreak                          0x08003c05   Thumb Code    10  stm32f4xx_usart.o(.text)
    USART_HalfDuplexCmd                      0x08003c0f   Thumb Code    24  stm32f4xx_usart.o(.text)
    USART_SetGuardTime                       0x08003c27   Thumb Code    16  stm32f4xx_usart.o(.text)
    USART_SmartCardCmd                       0x08003c37   Thumb Code    24  stm32f4xx_usart.o(.text)
    USART_SmartCardNACKCmd                   0x08003c4f   Thumb Code    24  stm32f4xx_usart.o(.text)
    USART_IrDAConfig                         0x08003c67   Thumb Code    18  stm32f4xx_usart.o(.text)
    USART_IrDACmd                            0x08003c79   Thumb Code    24  stm32f4xx_usart.o(.text)
    USART_DMACmd                             0x08003c91   Thumb Code    18  stm32f4xx_usart.o(.text)
    USART_ITConfig                           0x08003ca3   Thumb Code    74  stm32f4xx_usart.o(.text)
    USART_GetFlagStatus                      0x08003ced   Thumb Code    26  stm32f4xx_usart.o(.text)
    USART_ClearFlag                          0x08003d07   Thumb Code    18  stm32f4xx_usart.o(.text)
    USART_GetITStatus                        0x08003d19   Thumb Code   118  stm32f4xx_usart.o(.text)
    USART_ClearITPendingBit                  0x08003d8f   Thumb Code    30  stm32f4xx_usart.o(.text)
    CAN_DeInit                               0x08003dad   Thumb Code    50  stm32f4xx_can.o(.text)
    CAN_Init                                 0x08003ddf   Thumb Code   276  stm32f4xx_can.o(.text)
    CAN_FilterInit                           0x08003ef3   Thumb Code   258  stm32f4xx_can.o(.text)
    CAN_StructInit                           0x08003ff5   Thumb Code    32  stm32f4xx_can.o(.text)
    CAN_SlaveStartBank                       0x08004015   Thumb Code    48  stm32f4xx_can.o(.text)
    CAN_DBGFreeze                            0x08004045   Thumb Code    22  stm32f4xx_can.o(.text)
    CAN_TTComModeCmd                         0x0800405b   Thumb Code   118  stm32f4xx_can.o(.text)
    CAN_Transmit                             0x080040d1   Thumb Code   304  stm32f4xx_can.o(.text)
    CAN_TransmitStatus                       0x08004201   Thumb Code   138  stm32f4xx_can.o(.text)
    CAN_CancelTransmit                       0x0800428b   Thumb Code    48  stm32f4xx_can.o(.text)
    CAN_Receive                              0x080042bb   Thumb Code   240  stm32f4xx_can.o(.text)
    CAN_FIFORelease                          0x080043ab   Thumb Code    22  stm32f4xx_can.o(.text)
    CAN_MessagePending                       0x080043c1   Thumb Code    30  stm32f4xx_can.o(.text)
    CAN_OperatingModeRequest                 0x080043df   Thumb Code   162  stm32f4xx_can.o(.text)
    CAN_Sleep                                0x08004481   Thumb Code    30  stm32f4xx_can.o(.text)
    CAN_WakeUp                               0x0800449f   Thumb Code    48  stm32f4xx_can.o(.text)
    CAN_GetLastErrorCode                     0x080044cf   Thumb Code    12  stm32f4xx_can.o(.text)
    CAN_GetReceiveErrorCounter               0x080044db   Thumb Code    10  stm32f4xx_can.o(.text)
    CAN_GetLSBTransmitErrorCounter           0x080044e5   Thumb Code    12  stm32f4xx_can.o(.text)
    CAN_ITConfig                             0x080044f1   Thumb Code    18  stm32f4xx_can.o(.text)
    CAN_GetFlagStatus                        0x08004503   Thumb Code   120  stm32f4xx_can.o(.text)
    CAN_ClearFlag                            0x0800457b   Thumb Code    52  stm32f4xx_can.o(.text)
    CAN_GetITStatus                          0x080045c1   Thumb Code   310  stm32f4xx_can.o(.text)
    CAN_ClearITPendingBit                    0x080046f7   Thumb Code   162  stm32f4xx_can.o(.text)
    DMA_DeInit                               0x0800479d   Thumb Code   324  stm32f4xx_dma.o(.text)
    DMA_Init                                 0x080048e1   Thumb Code    82  stm32f4xx_dma.o(.text)
    DMA_StructInit                           0x08004933   Thumb Code    34  stm32f4xx_dma.o(.text)
    DMA_Cmd                                  0x08004955   Thumb Code    22  stm32f4xx_dma.o(.text)
    DMA_PeriphIncOffsetSizeConfig            0x0800496b   Thumb Code    22  stm32f4xx_dma.o(.text)
    DMA_FlowControllerConfig                 0x08004981   Thumb Code    22  stm32f4xx_dma.o(.text)
    DMA_SetCurrDataCounter                   0x08004997   Thumb Code     4  stm32f4xx_dma.o(.text)
    DMA_GetCurrDataCounter                   0x0800499b   Thumb Code     8  stm32f4xx_dma.o(.text)
    DMA_DoubleBufferModeConfig               0x080049a3   Thumb Code    24  stm32f4xx_dma.o(.text)
    DMA_DoubleBufferModeCmd                  0x080049bb   Thumb Code    22  stm32f4xx_dma.o(.text)
    DMA_MemoryTargetConfig                   0x080049d1   Thumb Code    10  stm32f4xx_dma.o(.text)
    DMA_GetCurrentMemoryTarget               0x080049db   Thumb Code    20  stm32f4xx_dma.o(.text)
    DMA_GetCmdStatus                         0x080049ef   Thumb Code    20  stm32f4xx_dma.o(.text)
    DMA_GetFIFOStatus                        0x08004a03   Thumb Code    12  stm32f4xx_dma.o(.text)
    DMA_GetFlagStatus                        0x08004a0f   Thumb Code    56  stm32f4xx_dma.o(.text)
    DMA_ClearFlag                            0x08004a47   Thumb Code    40  stm32f4xx_dma.o(.text)
    DMA_ITConfig                             0x08004a6f   Thumb Code    58  stm32f4xx_dma.o(.text)
    DMA_GetITStatus                          0x08004aa9   Thumb Code    84  stm32f4xx_dma.o(.text)
    DMA_ClearITPendingBit                    0x08004afd   Thumb Code    40  stm32f4xx_dma.o(.text)
    TIM_DeInit                               0x08004b45   Thumb Code   346  stm32f4xx_tim.o(.text)
    TIM_TimeBaseInit                         0x08004c9f   Thumb Code   104  stm32f4xx_tim.o(.text)
    TIM_TimeBaseStructInit                   0x08004d07   Thumb Code    18  stm32f4xx_tim.o(.text)
    TIM_PrescalerConfig                      0x08004d19   Thumb Code     6  stm32f4xx_tim.o(.text)
    TIM_CounterModeConfig                    0x08004d1f   Thumb Code    18  stm32f4xx_tim.o(.text)
    TIM_SetCounter                           0x08004d31   Thumb Code     4  stm32f4xx_tim.o(.text)
    TIM_SetAutoreload                        0x08004d35   Thumb Code     4  stm32f4xx_tim.o(.text)
    TIM_GetCounter                           0x08004d39   Thumb Code     6  stm32f4xx_tim.o(.text)
    TIM_GetPrescaler                         0x08004d3f   Thumb Code     6  stm32f4xx_tim.o(.text)
    TIM_UpdateDisableConfig                  0x08004d45   Thumb Code    24  stm32f4xx_tim.o(.text)
    TIM_UpdateRequestConfig                  0x08004d5d   Thumb Code    24  stm32f4xx_tim.o(.text)
    TIM_ARRPreloadConfig                     0x08004d75   Thumb Code    24  stm32f4xx_tim.o(.text)
    TIM_SelectOnePulseMode                   0x08004d8d   Thumb Code    18  stm32f4xx_tim.o(.text)
    TIM_SetClockDivision                     0x08004d9f   Thumb Code    18  stm32f4xx_tim.o(.text)
    TIM_Cmd                                  0x08004db1   Thumb Code    24  stm32f4xx_tim.o(.text)
    TIM_OC1Init                              0x08004dc9   Thumb Code   114  stm32f4xx_tim.o(.text)
    TIM_OC2Init                              0x08004e3b   Thumb Code   154  stm32f4xx_tim.o(.text)
    TIM_OC3Init                              0x08004ed5   Thumb Code   204  stm32f4xx_tim.o(.text)
    TIM_OC4Init                              0x08004fa1   Thumb Code   112  stm32f4xx_tim.o(.text)
    TIM_OCStructInit                         0x08005011   Thumb Code    20  stm32f4xx_tim.o(.text)
    TIM_SelectOCxM                           0x08005025   Thumb Code    86  stm32f4xx_tim.o(.text)
    TIM_SetCompare1                          0x0800507b   Thumb Code     4  stm32f4xx_tim.o(.text)
    TIM_SetCompare2                          0x0800507f   Thumb Code     4  stm32f4xx_tim.o(.text)
    TIM_SetCompare3                          0x08005083   Thumb Code     4  stm32f4xx_tim.o(.text)
    TIM_SetCompare4                          0x08005087   Thumb Code     4  stm32f4xx_tim.o(.text)
    TIM_ForcedOC1Config                      0x0800508b   Thumb Code    18  stm32f4xx_tim.o(.text)
    TIM_ForcedOC2Config                      0x0800509d   Thumb Code    26  stm32f4xx_tim.o(.text)
    TIM_ForcedOC3Config                      0x080050b7   Thumb Code    18  stm32f4xx_tim.o(.text)
    TIM_ForcedOC4Config                      0x080050c9   Thumb Code    26  stm32f4xx_tim.o(.text)
    TIM_OC1PreloadConfig                     0x080050e3   Thumb Code    18  stm32f4xx_tim.o(.text)
    TIM_OC2PreloadConfig                     0x080050f5   Thumb Code    26  stm32f4xx_tim.o(.text)
    TIM_OC3PreloadConfig                     0x0800510f   Thumb Code    18  stm32f4xx_tim.o(.text)
    TIM_OC4PreloadConfig                     0x08005121   Thumb Code    26  stm32f4xx_tim.o(.text)
    TIM_OC1FastConfig                        0x0800513b   Thumb Code    18  stm32f4xx_tim.o(.text)
    TIM_OC2FastConfig                        0x0800514d   Thumb Code    26  stm32f4xx_tim.o(.text)
    TIM_OC3FastConfig                        0x08005167   Thumb Code    18  stm32f4xx_tim.o(.text)
    TIM_OC4FastConfig                        0x08005179   Thumb Code    26  stm32f4xx_tim.o(.text)
    TIM_ClearOC1Ref                          0x08005193   Thumb Code    18  stm32f4xx_tim.o(.text)
    TIM_ClearOC2Ref                          0x080051a5   Thumb Code    24  stm32f4xx_tim.o(.text)
    TIM_ClearOC3Ref                          0x080051bd   Thumb Code    18  stm32f4xx_tim.o(.text)
    TIM_ClearOC4Ref                          0x080051cf   Thumb Code    24  stm32f4xx_tim.o(.text)
    TIM_OC1PolarityConfig                    0x080051e7   Thumb Code    18  stm32f4xx_tim.o(.text)
    TIM_OC1NPolarityConfig                   0x080051f9   Thumb Code    18  stm32f4xx_tim.o(.text)
    TIM_OC2PolarityConfig                    0x0800520b   Thumb Code    26  stm32f4xx_tim.o(.text)
    TIM_OC2NPolarityConfig                   0x08005225   Thumb Code    26  stm32f4xx_tim.o(.text)
    TIM_OC3PolarityConfig                    0x0800523f   Thumb Code    26  stm32f4xx_tim.o(.text)
    TIM_OC3NPolarityConfig                   0x08005259   Thumb Code    26  stm32f4xx_tim.o(.text)
    TIM_OC4PolarityConfig                    0x08005273   Thumb Code    26  stm32f4xx_tim.o(.text)
    TIM_CCxCmd                               0x0800528d   Thumb Code    30  stm32f4xx_tim.o(.text)
    TIM_CCxNCmd                              0x080052ab   Thumb Code    30  stm32f4xx_tim.o(.text)
    TIM_SetIC4Prescaler                      0x080052c9   Thumb Code    26  stm32f4xx_tim.o(.text)
    TIM_SetIC3Prescaler                      0x08005333   Thumb Code    18  stm32f4xx_tim.o(.text)
    TIM_SetIC2Prescaler                      0x0800538d   Thumb Code    26  stm32f4xx_tim.o(.text)
    TIM_SetIC1Prescaler                      0x08005401   Thumb Code    18  stm32f4xx_tim.o(.text)
    TIM_ICInit                               0x0800544d   Thumb Code   110  stm32f4xx_tim.o(.text)
    TIM_ICStructInit                         0x080054bb   Thumb Code    18  stm32f4xx_tim.o(.text)
    TIM_PWMIConfig                           0x080054cd   Thumb Code   124  stm32f4xx_tim.o(.text)
    TIM_GetCapture1                          0x08005549   Thumb Code     6  stm32f4xx_tim.o(.text)
    TIM_GetCapture2                          0x0800554f   Thumb Code     6  stm32f4xx_tim.o(.text)
    TIM_GetCapture3                          0x08005555   Thumb Code     6  stm32f4xx_tim.o(.text)
    TIM_GetCapture4                          0x0800555b   Thumb Code     6  stm32f4xx_tim.o(.text)
    TIM_BDTRConfig                           0x08005561   Thumb Code    32  stm32f4xx_tim.o(.text)
    TIM_BDTRStructInit                       0x08005581   Thumb Code    18  stm32f4xx_tim.o(.text)
    TIM_CtrlPWMOutputs                       0x08005593   Thumb Code    30  stm32f4xx_tim.o(.text)
    TIM_SelectCOM                            0x080055b1   Thumb Code    24  stm32f4xx_tim.o(.text)
    TIM_CCPreloadControl                     0x080055c9   Thumb Code    24  stm32f4xx_tim.o(.text)
    TIM_ITConfig                             0x080055e1   Thumb Code    18  stm32f4xx_tim.o(.text)
    TIM_GenerateEvent                        0x080055f3   Thumb Code     4  stm32f4xx_tim.o(.text)
    TIM_GetFlagStatus                        0x080055f7   Thumb Code    18  stm32f4xx_tim.o(.text)
    TIM_ClearFlag                            0x08005609   Thumb Code     6  stm32f4xx_tim.o(.text)
    TIM_GetITStatus                          0x0800560f   Thumb Code    34  stm32f4xx_tim.o(.text)
    TIM_ClearITPendingBit                    0x08005631   Thumb Code     6  stm32f4xx_tim.o(.text)
    TIM_DMAConfig                            0x08005637   Thumb Code    10  stm32f4xx_tim.o(.text)
    TIM_DMACmd                               0x08005641   Thumb Code    18  stm32f4xx_tim.o(.text)
    TIM_SelectCCDMA                          0x08005653   Thumb Code    24  stm32f4xx_tim.o(.text)
    TIM_InternalClockConfig                  0x0800566b   Thumb Code    12  stm32f4xx_tim.o(.text)
    TIM_SelectInputTrigger                   0x08005677   Thumb Code    18  stm32f4xx_tim.o(.text)
    TIM_ITRxExternalClockConfig              0x08005689   Thumb Code    24  stm32f4xx_tim.o(.text)
    TIM_TIxExternalClockConfig               0x080056a1   Thumb Code    62  stm32f4xx_tim.o(.text)
    TIM_ETRConfig                            0x080056df   Thumb Code    28  stm32f4xx_tim.o(.text)
    TIM_ETRClockMode1Config                  0x080056fb   Thumb Code    54  stm32f4xx_tim.o(.text)
    TIM_ETRClockMode2Config                  0x08005731   Thumb Code    32  stm32f4xx_tim.o(.text)
    TIM_SelectOutputTrigger                  0x08005751   Thumb Code    18  stm32f4xx_tim.o(.text)
    TIM_SelectSlaveMode                      0x08005763   Thumb Code    18  stm32f4xx_tim.o(.text)
    TIM_SelectMasterSlaveMode                0x08005775   Thumb Code    18  stm32f4xx_tim.o(.text)
    TIM_EncoderInterfaceConfig               0x08005787   Thumb Code    66  stm32f4xx_tim.o(.text)
    TIM_SelectHallSensor                     0x080057c9   Thumb Code    24  stm32f4xx_tim.o(.text)
    TIM_RemapConfig                          0x080057e1   Thumb Code     6  stm32f4xx_tim.o(.text)
    SPI_I2S_DeInit                           0x080057e9   Thumb Code   152  stm32f4xx_spi.o(.text)
    SPI_Init                                 0x08005881   Thumb Code    60  stm32f4xx_spi.o(.text)
    I2S_Init                                 0x080058bd   Thumb Code   396  stm32f4xx_spi.o(.text)
    SPI_StructInit                           0x08005a49   Thumb Code    24  stm32f4xx_spi.o(.text)
    I2S_StructInit                           0x08005a61   Thumb Code    20  stm32f4xx_spi.o(.text)
    SPI_Cmd                                  0x08005a75   Thumb Code    24  stm32f4xx_spi.o(.text)
    I2S_Cmd                                  0x08005a8d   Thumb Code    24  stm32f4xx_spi.o(.text)
    SPI_DataSizeConfig                       0x08005aa5   Thumb Code    18  stm32f4xx_spi.o(.text)
    SPI_BiDirectionalLineConfig              0x08005ab7   Thumb Code    28  stm32f4xx_spi.o(.text)
    SPI_NSSInternalSoftwareConfig            0x08005ad3   Thumb Code    30  stm32f4xx_spi.o(.text)
    SPI_SSOutputCmd                          0x08005af1   Thumb Code    24  stm32f4xx_spi.o(.text)
    SPI_TIModeCmd                            0x08005b09   Thumb Code    14  stm32f4xx_spi.o(.text)
    I2S_FullDuplexConfig                     0x08005b17   Thumb Code    80  stm32f4xx_spi.o(.text)
    SPI_I2S_ReceiveData                      0x08005b67   Thumb Code     6  stm32f4xx_spi.o(.text)
    SPI_I2S_SendData                         0x08005b6d   Thumb Code     4  stm32f4xx_spi.o(.text)
    SPI_I2S_GetFlagStatus                    0x08005b71   Thumb Code    18  stm32f4xx_spi.o(.text)
    SPI_TransmitReceive                      0x08005b83   Thumb Code   156  stm32f4xx_spi.o(.text)
    SPI_CalculateCRC                         0x08005c1f   Thumb Code    24  stm32f4xx_spi.o(.text)
    SPI_TransmitCRC                          0x08005c37   Thumb Code    10  stm32f4xx_spi.o(.text)
    SPI_GetCRC                               0x08005c41   Thumb Code    16  stm32f4xx_spi.o(.text)
    SPI_GetCRCPolynomial                     0x08005c51   Thumb Code     6  stm32f4xx_spi.o(.text)
    SPI_I2S_DMACmd                           0x08005c57   Thumb Code    18  stm32f4xx_spi.o(.text)
    SPI_I2S_ITConfig                         0x08005c69   Thumb Code    32  stm32f4xx_spi.o(.text)
    SPI_I2S_ClearFlag                        0x08005c89   Thumb Code     6  stm32f4xx_spi.o(.text)
    SPI_I2S_GetITStatus                      0x08005c8f   Thumb Code    52  stm32f4xx_spi.o(.text)
    SPI_I2S_ClearITPendingBit                0x08005cc3   Thumb Code    20  stm32f4xx_spi.o(.text)
    FLASH_SetLatency                         0x08005cd9   Thumb Code     6  stm32f4xx_flash.o(.text)
    FLASH_PrefetchBufferCmd                  0x08005cdf   Thumb Code    30  stm32f4xx_flash.o(.text)
    FLASH_InstructionCacheCmd                0x08005cfd   Thumb Code    30  stm32f4xx_flash.o(.text)
    FLASH_DataCacheCmd                       0x08005d1b   Thumb Code    30  stm32f4xx_flash.o(.text)
    FLASH_InstructionCacheReset              0x08005d39   Thumb Code    14  stm32f4xx_flash.o(.text)
    FLASH_DataCacheReset                     0x08005d47   Thumb Code    14  stm32f4xx_flash.o(.text)
    FLASH_Unlock                             0x08005d55   Thumb Code    26  stm32f4xx_flash.o(.text)
    FLASH_Lock                               0x08005d6f   Thumb Code    18  stm32f4xx_flash.o(.text)
    FLASH_GetStatus                          0x08005d81   Thumb Code    90  stm32f4xx_flash.o(.text)
    FLASH_WaitForLastOperation               0x08005ddb   Thumb Code    34  stm32f4xx_flash.o(.text)
    FLASH_EraseSector                        0x08005dfd   Thumb Code   140  stm32f4xx_flash.o(.text)
    FLASH_EraseAllSectors                    0x08005e89   Thumb Code   118  stm32f4xx_flash.o(.text)
    FLASH_EraseAllBank1Sectors               0x08005eff   Thumb Code   112  stm32f4xx_flash.o(.text)
    FLASH_EraseAllBank2Sectors               0x08005f6f   Thumb Code   112  stm32f4xx_flash.o(.text)
    FLASH_ProgramDoubleWord                  0x08005fdf   Thumb Code    86  stm32f4xx_flash.o(.text)
    FLASH_ProgramWord                        0x08006035   Thumb Code    82  stm32f4xx_flash.o(.text)
    FLASH_ProgramHalfWord                    0x08006087   Thumb Code    96  stm32f4xx_flash.o(.text)
    FLASH_ProgramByte                        0x080060e7   Thumb Code    70  stm32f4xx_flash.o(.text)
    FLASH_OB_Unlock                          0x0800612d   Thumb Code    26  stm32f4xx_flash.o(.text)
    FLASH_OB_Lock                            0x08006147   Thumb Code    18  stm32f4xx_flash.o(.text)
    FLASH_OB_WRPConfig                       0x08006159   Thumb Code    54  stm32f4xx_flash.o(.text)
    FLASH_OB_WRP1Config                      0x0800618f   Thumb Code    54  stm32f4xx_flash.o(.text)
    FLASH_OB_PCROPSelectionConfig            0x080061c5   Thumb Code    24  stm32f4xx_flash.o(.text)
    FLASH_OB_PCROPConfig                     0x080061dd   Thumb Code    54  stm32f4xx_flash.o(.text)
    FLASH_OB_PCROP1Config                    0x08006213   Thumb Code    54  stm32f4xx_flash.o(.text)
    FLASH_OB_RDPConfig                       0x08006249   Thumb Code    24  stm32f4xx_flash.o(.text)
    FLASH_OB_UserConfig                      0x08006261   Thumb Code    46  stm32f4xx_flash.o(.text)
    FLASH_OB_BootConfig                      0x0800628f   Thumb Code    26  stm32f4xx_flash.o(.text)
    FLASH_OB_BORConfig                       0x080062a9   Thumb Code    26  stm32f4xx_flash.o(.text)
    FLASH_OB_Launch                          0x080062c3   Thumb Code    30  stm32f4xx_flash.o(.text)
    FLASH_OB_GetUser                         0x080062e1   Thumb Code    12  stm32f4xx_flash.o(.text)
    FLASH_OB_GetWRP                          0x080062ed   Thumb Code     8  stm32f4xx_flash.o(.text)
    FLASH_OB_GetWRP1                         0x080062f5   Thumb Code     8  stm32f4xx_flash.o(.text)
    FLASH_OB_GetPCROP                        0x080062fd   Thumb Code     8  stm32f4xx_flash.o(.text)
    FLASH_OB_GetPCROP1                       0x08006305   Thumb Code     8  stm32f4xx_flash.o(.text)
    FLASH_OB_GetRDP                          0x0800630d   Thumb Code    20  stm32f4xx_flash.o(.text)
    FLASH_OB_GetBOR                          0x08006321   Thumb Code    12  stm32f4xx_flash.o(.text)
    FLASH_ITConfig                           0x0800632d   Thumb Code    26  stm32f4xx_flash.o(.text)
    FLASH_GetFlagStatus                      0x08006347   Thumb Code    22  stm32f4xx_flash.o(.text)
    FLASH_ClearFlag                          0x0800635d   Thumb Code     8  stm32f4xx_flash.o(.text)
    EXTI_DeInit                              0x08006371   Thumb Code    28  stm32f4xx_exti.o(.text)
    EXTI_Init                                0x0800638d   Thumb Code   142  stm32f4xx_exti.o(.text)
    EXTI_StructInit                          0x0800641b   Thumb Code    16  stm32f4xx_exti.o(.text)
    EXTI_GenerateSWInterrupt                 0x0800642b   Thumb Code    16  stm32f4xx_exti.o(.text)
    EXTI_GetFlagStatus                       0x0800643b   Thumb Code    22  stm32f4xx_exti.o(.text)
    EXTI_ClearFlag                           0x08006451   Thumb Code     8  stm32f4xx_exti.o(.text)
    EXTI_GetITStatus                         0x08006459   Thumb Code    22  stm32f4xx_exti.o(.text)
    EXTI_ClearITPendingBit                   0x0800646f   Thumb Code     8  stm32f4xx_exti.o(.text)
    ADC_DeInit                               0x08006481   Thumb Code    22  stm32f4xx_adc.o(.text)
    ADC_Init                                 0x08006497   Thumb Code    74  stm32f4xx_adc.o(.text)
    ADC_StructInit                           0x080064e1   Thumb Code    20  stm32f4xx_adc.o(.text)
    ADC_CommonInit                           0x080064f5   Thumb Code    34  stm32f4xx_adc.o(.text)
    ADC_CommonStructInit                     0x08006517   Thumb Code    12  stm32f4xx_adc.o(.text)
    ADC_Cmd                                  0x08006523   Thumb Code    22  stm32f4xx_adc.o(.text)
    ADC_AnalogWatchdogCmd                    0x08006539   Thumb Code    16  stm32f4xx_adc.o(.text)
    ADC_AnalogWatchdogThresholdsConfig       0x08006549   Thumb Code     6  stm32f4xx_adc.o(.text)
    ADC_AnalogWatchdogSingleChannelConfig    0x0800654f   Thumb Code    16  stm32f4xx_adc.o(.text)
    ADC_TempSensorVrefintCmd                 0x0800655f   Thumb Code    34  stm32f4xx_adc.o(.text)
    ADC_VBATCmd                              0x08006581   Thumb Code    34  stm32f4xx_adc.o(.text)
    ADC_RegularChannelConfig                 0x080065a3   Thumb Code   184  stm32f4xx_adc.o(.text)
    ADC_SoftwareStartConv                    0x0800665b   Thumb Code    10  stm32f4xx_adc.o(.text)
    ADC_GetSoftwareStartConvStatus           0x08006665   Thumb Code    20  stm32f4xx_adc.o(.text)
    ADC_EOCOnEachRegularChannelCmd           0x08006679   Thumb Code    22  stm32f4xx_adc.o(.text)
    ADC_ContinuousModeCmd                    0x0800668f   Thumb Code    22  stm32f4xx_adc.o(.text)
    ADC_DiscModeChannelCountConfig           0x080066a5   Thumb Code    24  stm32f4xx_adc.o(.text)
    ADC_DiscModeCmd                          0x080066bd   Thumb Code    22  stm32f4xx_adc.o(.text)
    ADC_GetConversionValue                   0x080066d3   Thumb Code     8  stm32f4xx_adc.o(.text)
    ADC_GetMultiModeConversionValue          0x080066db   Thumb Code     8  stm32f4xx_adc.o(.text)
    ADC_DMACmd                               0x080066e3   Thumb Code    22  stm32f4xx_adc.o(.text)
    ADC_DMARequestAfterLastTransferCmd       0x080066f9   Thumb Code    22  stm32f4xx_adc.o(.text)
    ADC_MultiModeDMARequestAfterLastTransferCmd 0x0800670f   Thumb Code    34  stm32f4xx_adc.o(.text)
    ADC_InjectedChannelConfig                0x08006731   Thumb Code   130  stm32f4xx_adc.o(.text)
    ADC_InjectedSequencerLengthConfig        0x080067b3   Thumb Code    24  stm32f4xx_adc.o(.text)
    ADC_SetInjectedOffset                    0x080067cb   Thumb Code    20  stm32f4xx_adc.o(.text)
    ADC_ExternalTrigInjectedConvConfig       0x080067df   Thumb Code    16  stm32f4xx_adc.o(.text)
    ADC_ExternalTrigInjectedConvEdgeConfig   0x080067ef   Thumb Code    16  stm32f4xx_adc.o(.text)
    ADC_SoftwareStartInjectedConv            0x080067ff   Thumb Code    10  stm32f4xx_adc.o(.text)
    ADC_GetSoftwareStartInjectedConvCmdStatus 0x08006809   Thumb Code    20  stm32f4xx_adc.o(.text)
    ADC_AutoInjectedConvCmd                  0x0800681d   Thumb Code    22  stm32f4xx_adc.o(.text)
    ADC_InjectedDiscModeCmd                  0x08006833   Thumb Code    22  stm32f4xx_adc.o(.text)
    ADC_GetInjectedConversionValue           0x08006849   Thumb Code    28  stm32f4xx_adc.o(.text)
    ADC_ITConfig                             0x08006865   Thumb Code    56  stm32f4xx_adc.o(.text)
    ADC_GetFlagStatus                        0x0800689d   Thumb Code    18  stm32f4xx_adc.o(.text)
    ADC_ClearFlag                            0x080068af   Thumb Code     6  stm32f4xx_adc.o(.text)
    ADC_GetITStatus                          0x080068b5   Thumb Code    38  stm32f4xx_adc.o(.text)
    ADC_ClearITPendingBit                    0x080068db   Thumb Code    10  stm32f4xx_adc.o(.text)
    pvPortMalloc                             0x080069a7   Thumb Code   296  heap_4.o(.text)
    vPortFree                                0x08006acf   Thumb Code   140  heap_4.o(.text)
    xPortGetFreeHeapSize                     0x08006b5b   Thumb Code     6  heap_4.o(.text)
    xPortGetMinimumEverFreeHeapSize          0x08006b61   Thumb Code     6  heap_4.o(.text)
    vPortInitialiseBlocks                    0x08006b67   Thumb Code     2  heap_4.o(.text)
    pxPortInitialiseStack                    0x08006bbd   Thumb Code    38  port.o(.text)
    vPortSetupTimerInterrupt                 0x08006be3   Thumb Code    36  port.o(.text)
    xPortStartScheduler                      0x08006c07   Thumb Code   330  port.o(.text)
    vPortEndScheduler                        0x08006d51   Thumb Code    42  port.o(.text)
    vPortEnterCritical                       0x08006d7b   Thumb Code    78  port.o(.text)
    vPortExitCritical                        0x08006dc9   Thumb Code    56  port.o(.text)
    xPortSysTickHandler                      0x08006e01   Thumb Code    48  port.o(.text)
    vPortValidateInterruptPriority           0x08006e31   Thumb Code   108  port.o(.text)
    vListInitialise                          0x08006ec1   Thumb Code    26  list.o(.text)
    vListInitialiseItem                      0x08006edb   Thumb Code     6  list.o(.text)
    vListInsertEnd                           0x08006ee1   Thumb Code    24  list.o(.text)
    vListInsert                              0x08006ef9   Thumb Code    52  list.o(.text)
    uxListRemove                             0x08006f2d   Thumb Code    40  list.o(.text)
    xQueueGenericReset                       0x08006f55   Thumb Code   146  queue.o(.text)
    xQueueGenericCreate                      0x08007011   Thumb Code    90  queue.o(.text)
    xQueueGenericSend                        0x08007185   Thumb Code   420  queue.o(.text)
    xQueueCreateMutex                        0x08007347   Thumb Code    34  queue.o(.text)
    xQueueGiveMutexRecursive                 0x08007369   Thumb Code    78  queue.o(.text)
    xQueueSemaphoreTake                      0x080073e5   Thumb Code   434  queue.o(.text)
    xQueueTakeMutexRecursive                 0x08007597   Thumb Code    78  queue.o(.text)
    xQueueCreateCountingSemaphore            0x080075e5   Thumb Code    92  queue.o(.text)
    xQueueGenericSendFromISR                 0x08007641   Thumb Code   248  queue.o(.text)
    xQueueGiveFromISR                        0x08007739   Thumb Code   224  queue.o(.text)
    xQueueReceive                            0x08007843   Thumb Code   362  queue.o(.text)
    xQueuePeek                               0x080079ad   Thumb Code   362  queue.o(.text)
    xQueueReceiveFromISR                     0x08007b17   Thumb Code   202  queue.o(.text)
    xQueuePeekFromISR                        0x08007be1   Thumb Code   176  queue.o(.text)
    uxQueueMessagesWaiting                   0x08007c91   Thumb Code    42  queue.o(.text)
    uxQueueSpacesAvailable                   0x08007cbb   Thumb Code    52  queue.o(.text)
    uxQueueMessagesWaitingFromISR            0x08007cef   Thumb Code    34  queue.o(.text)
    vQueueUnregisterQueue                    0x08007d11   Thumb Code    44  queue.o(.text)
    vQueueDelete                             0x08007d3d   Thumb Code    44  queue.o(.text)
    uxQueueGetQueueNumber                    0x08007d69   Thumb Code     6  queue.o(.text)
    vQueueSetQueueNumber                     0x08007d6f   Thumb Code     4  queue.o(.text)
    ucQueueGetQueueType                      0x08007d73   Thumb Code     8  queue.o(.text)
    xQueueIsQueueEmptyFromISR                0x08007d7b   Thumb Code    42  queue.o(.text)
    xQueueIsQueueFullFromISR                 0x08007da5   Thumb Code    46  queue.o(.text)
    vQueueAddToRegistry                      0x08007dd3   Thumb Code    38  queue.o(.text)
    pcQueueGetName                           0x08007df9   Thumb Code    38  queue.o(.text)
    vQueueWaitForMessageRestricted           0x08007e1f   Thumb Code    74  queue.o(.text)
    xTaskCreate                              0x0800801d   Thumb Code    96  tasks.o(.text)
    vTaskDelete                              0x080080b9   Thumb Code   202  tasks.o(.text)
    xTaskIncrementTick                       0x08008183   Thumb Code   360  tasks.o(.text)
    xTaskResumeAll                           0x080082eb   Thumb Code   224  tasks.o(.text)
    vTaskSuspendAll                          0x08008447   Thumb Code    12  tasks.o(.text)
    vTaskDelayUntil                          0x08008453   Thumb Code   200  tasks.o(.text)
    vTaskDelay                               0x0800851b   Thumb Code    82  tasks.o(.text)
    eTaskGetState                            0x0800856d   Thumb Code   128  tasks.o(.text)
    uxTaskPriorityGet                        0x080085ed   Thumb Code    30  tasks.o(.text)
    uxTaskPriorityGetFromISR                 0x0800860b   Thumb Code    62  tasks.o(.text)
    vTaskPrioritySet                         0x08008649   Thumb Code   324  tasks.o(.text)
    vTaskSwitchContext                       0x0800878d   Thumb Code   170  tasks.o(.text)
    vTaskSuspend                             0x08008837   Thumb Code   210  tasks.o(.text)
    vTaskResume                              0x08008959   Thumb Code   128  tasks.o(.text)
    xTaskResumeFromISR                       0x080089d9   Thumb Code   158  tasks.o(.text)
    vTaskStartScheduler                      0x08008b11   Thumb Code   122  tasks.o(.text)
    vTaskEndScheduler                        0x08008b8b   Thumb Code    32  tasks.o(.text)
    xTaskGetTickCount                        0x08008bab   Thumb Code     6  tasks.o(.text)
    xTaskGetTickCountFromISR                 0x08008bb1   Thumb Code    16  tasks.o(.text)
    uxTaskGetNumberOfTasks                   0x08008bc1   Thumb Code     6  tasks.o(.text)
    pcTaskGetName                            0x08008bc7   Thumb Code    44  tasks.o(.text)
    xTaskGetHandle                           0x08008ca3   Thumb Code   142  tasks.o(.text)
    vTaskGetInfo                             0x08008d47   Thumb Code   126  tasks.o(.text)
    uxTaskGetSystemState                     0x08008e2f   Thumb Code   154  tasks.o(.text)
    vTaskPlaceOnEventList                    0x08008ec9   Thumb Code   112  tasks.o(.text)
    vTaskPlaceOnUnorderedEventList           0x08008f39   Thumb Code   100  tasks.o(.text)
    vTaskPlaceOnEventListRestricted          0x08008f9d   Thumb Code    60  tasks.o(.text)
    xTaskRemoveFromEventList                 0x08008fd9   Thumb Code   128  tasks.o(.text)
    vTaskRemoveFromUnorderedEventList        0x08009059   Thumb Code   142  tasks.o(.text)
    vTaskSetTimeOutState                     0x080090e7   Thumb Code    50  tasks.o(.text)
    vTaskInternalSetTimeOutState             0x08009119   Thumb Code    14  tasks.o(.text)
    xTaskCheckForTimeOut                     0x08009127   Thumb Code   132  tasks.o(.text)
    vTaskMissedYield                         0x080091ab   Thumb Code     8  tasks.o(.text)
    uxTaskGetTaskNumber                      0x080091b3   Thumb Code    14  tasks.o(.text)
    vTaskSetTaskNumber                       0x080091c1   Thumb Code     8  tasks.o(.text)
    xTaskGetCurrentTaskHandle                0x080091c9   Thumb Code     6  tasks.o(.text)
    xTaskGetSchedulerState                   0x080091cf   Thumb Code    24  tasks.o(.text)
    xTaskPriorityInherit                     0x080091e7   Thumb Code   186  tasks.o(.text)
    xTaskPriorityDisinherit                  0x080092a1   Thumb Code   228  tasks.o(.text)
    vTaskPriorityDisinheritAfterTimeout      0x08009385   Thumb Code   230  tasks.o(.text)
    vTaskList                                0x08009495   Thumb Code   200  tasks.o(.text)
    vTaskGetRunTimeStats                     0x0800955d   Thumb Code   168  tasks.o(.text)
    uxTaskResetEventItemValue                0x08009605   Thumb Code    24  tasks.o(.text)
    pvTaskIncrementMutexHeldCount            0x0800961d   Thumb Code    26  tasks.o(.text)
    ulTaskNotifyTake                         0x08009637   Thumb Code   108  tasks.o(.text)
    xTaskNotifyWait                          0x080096a3   Thumb Code   150  tasks.o(.text)
    xTaskGenericNotify                       0x08009739   Thumb Code   340  tasks.o(.text)
    xTaskGenericNotifyFromISR                0x0800988d   Thumb Code   334  tasks.o(.text)
    vTaskNotifyGiveFromISR                   0x080099db   Thumb Code   214  tasks.o(.text)
    xTaskNotifyStateClear                    0x08009ab1   Thumb Code    48  tasks.o(.text)
    xTimerGenericCommand                     0x08009b4d   Thumb Code   126  timers.o(.text)
    xTimerCreateTimerTask                    0x08009ec3   Thumb Code   118  timers.o(.text)
    xTimerCreate                             0x08009f87   Thumb Code    48  timers.o(.text)
    xTimerGetTimerDaemonTaskHandle           0x08009fb7   Thumb Code    42  timers.o(.text)
    xTimerGetPeriod                          0x08009fe1   Thumb Code    32  timers.o(.text)
    xTimerGetExpiryTime                      0x0800a001   Thumb Code    34  timers.o(.text)
    pcTimerGetName                           0x0800a023   Thumb Code    32  timers.o(.text)
    xTimerIsTimerActive                      0x0800a043   Thumb Code    62  timers.o(.text)
    pvTimerGetTimerID                        0x0800a081   Thumb Code    44  timers.o(.text)
    vTimerSetTimerID                         0x0800a0ad   Thumb Code    44  timers.o(.text)
    uxTimerGetTimerNumber                    0x0800a0d9   Thumb Code     6  timers.o(.text)
    vTimerSetTimerNumber                     0x0800a0df   Thumb Code     4  timers.o(.text)
    calibrate_task                           0x0800a419   Thumb Code   348  calibrate_task.o(.text)
    get_control_temperate                    0x0800a575   Thumb Code     8  calibrate_task.o(.text)
    cali_param_init                          0x0800a661   Thumb Code   168  calibrate_task.o(.text)
    getFlashLatitude                         0x0800a817   Thumb Code    32  calibrate_task.o(.text)
    DetectTask                               0x0800aa7d   Thumb Code   686  detect_task.o(.text)
    toe_is_error                             0x0800ad2b   Thumb Code    20  detect_task.o(.text)
    DetectHook                               0x0800ad3f   Thumb Code   288  detect_task.o(.text)
    getErrorListPoint                        0x0800ae5f   Thumb Code     4  detect_task.o(.text)
    gimbal_behaviour_mode_set                0x0800b15b   Thumb Code   160  gimbal_behaviour.o(.text)
    gimbal_behaviour_control_set             0x0800b5ef   Thumb Code   444  gimbal_behaviour.o(.text)
    gimbal_cmd_to_chassis_stop               0x0800b7ab   Thumb Code    38  gimbal_behaviour.o(.text)
    gimbal_cmd_to_shoot_stop                 0x0800b7d1   Thumb Code    30  gimbal_behaviour.o(.text)
    GIMBAL_task                              0x0800c003   Thumb Code   302  gimbal_task.o(.text)
    set_cali_gimbal_hook                     0x0800c131   Thumb Code    28  gimbal_task.o(.text)
    cmd_cali_gimbal_hook                     0x0800c23f   Thumb Code   194  gimbal_task.o(.text)
    get_yaw_motor_point                      0x0800c301   Thumb Code     6  gimbal_task.o(.text)
    get_pitch_motor_point                    0x0800c307   Thumb Code     6  gimbal_task.o(.text)
    getPitchAngle                            0x0800c30d   Thumb Code    34  gimbal_task.o(.text)
    getEenmyColor                            0x0800c32f   Thumb Code    60  gimbal_task.o(.text)
    INSTask                                  0x0800c547   Thumb Code   828  ins_task.o(.text)
    INS_cali_gyro                            0x0800c883   Thumb Code    96  ins_task.o(.text)
    INS_set_cali_gyro                        0x0800c8e3   Thumb Code    28  ins_task.o(.text)
    get_INS_angle_point                      0x0800c8ff   Thumb Code     4  ins_task.o(.text)
    get_MPU6500_Gyro_Data_Point              0x0800c903   Thumb Code     4  ins_task.o(.text)
    get_MPU6500_Accel_Data_Point             0x0800c907   Thumb Code     4  ins_task.o(.text)
    EXTI9_5_IRQHandler                       0x0800c90b   Thumb Code    32  ins_task.o(.text)
    DMA2_Stream5_IRQHandler                  0x0800c92b   Thumb Code    66  ins_task.o(.text)
    PID_Init                                 0x0800c9a1   Thumb Code    92  pid.o(.text)
    PID_Calc                                 0x0800c9fd   Thumb Code   492  pid.o(.text)
    PID_clear                                0x0800cbe9   Thumb Code    72  pid.o(.text)
    Sned_MainFoucs_Task                      0x0800cc35   Thumb Code    48  start_task.o(.text)
    start_task                               0x0800cc65   Thumb Code   130  start_task.o(.text)
    StartTask                                0x0800cce7   Thumb Code    26  start_task.o(.text)
    invSqrt                                  0x0800cd71   Thumb Code    56  user_lib.o(.text)
    ramp_init                                0x0800cda9   Thumb Code    40  user_lib.o(.text)
    ramp_calc                                0x0800cdd1   Thumb Code    90  user_lib.o(.text)
    first_order_filter_init                  0x0800ce2b   Thumb Code    32  user_lib.o(.text)
    first_order_filter_cali                  0x0800ce4b   Thumb Code    84  user_lib.o(.text)
    abs_limit                                0x0800ce9f   Thumb Code    48  user_lib.o(.text)
    sign                                     0x0800cecf   Thumb Code    26  user_lib.o(.text)
    fp32_deadline                            0x0800cee9   Thumb Code    30  user_lib.o(.text)
    int16_deadline                           0x0800cf07   Thumb Code    12  user_lib.o(.text)
    fp32_constrain                           0x0800cf13   Thumb Code    42  user_lib.o(.text)
    int16_constrain                          0x0800cf3d   Thumb Code    22  user_lib.o(.text)
    loop_fp32_constrain                      0x0800cf53   Thumb Code    96  user_lib.o(.text)
    theta_format                             0x0800cfb3   Thumb Code    24  user_lib.o(.text)
    send_data                                0x0800cfdd   Thumb Code    78  auto_attacktask.o(.text)
    receiveMainFocusData                     0x0800d02b   Thumb Code   180  auto_attacktask.o(.text)
    GetAutoDataPoint                         0x0800d0df   Thumb Code     4  auto_attacktask.o(.text)
    shoot_init                               0x0800d577   Thumb Code   420  shoot.o(.text)
    shoot_control_loop                       0x0800ddc5   Thumb Code  1180  shoot.o(.text)
    AHRS_get_height                          0x0800e26d   Thumb Code    12  ahrs_middleware.o(.text)
    AHRS_get_latitude                        0x0800e279   Thumb Code    12  ahrs_middleware.o(.text)
    AHRS_invSqrt                             0x0800e285   Thumb Code    56  ahrs_middleware.o(.text)
    AHRS_sinf                                0x0800e2bd   Thumb Code    24  ahrs_middleware.o(.text)
    AHRS_cosf                                0x0800e2d5   Thumb Code    24  ahrs_middleware.o(.text)
    AHRS_tanf                                0x0800e2ed   Thumb Code    24  ahrs_middleware.o(.text)
    AHRS_asinf                               0x0800e305   Thumb Code    24  ahrs_middleware.o(.text)
    AHRS_acosf                               0x0800e31d   Thumb Code    24  ahrs_middleware.o(.text)
    AHRS_atan2f                              0x0800e335   Thumb Code    32  ahrs_middleware.o(.text)
    ist8310_init                             0x0800e361   Thumb Code   140  ist8310driver.o(.text)
    ist8310_read_over                        0x0800e3ed   Thumb Code   126  ist8310driver.o(.text)
    ist8310_read_mag                         0x0800e46b   Thumb Code   136  ist8310driver.o(.text)
    ist8310_GPIO_init                        0x0800e4fd   Thumb Code    84  ist8310driver_middleware.o(.text)
    ist8310_com_init                         0x0800e551   Thumb Code     2  ist8310driver_middleware.o(.text)
    ist8310_auto_com_by_mpu6500              0x0800e553   Thumb Code    20  ist8310driver_middleware.o(.text)
    ist8310_delay_us                         0x0800e567   Thumb Code    12  ist8310driver_middleware.o(.text)
    ist8310_IIC_read_single_reg              0x0800e573   Thumb Code    40  ist8310driver_middleware.o(.text)
    ist8310_IIC_write_single_reg             0x0800e59b   Thumb Code    32  ist8310driver_middleware.o(.text)
    ist8310_IIC_read_muli_reg                0x0800e5bb   Thumb Code    34  ist8310driver_middleware.o(.text)
    ist8310_IIC_write_muli_reg               0x0800e5dd   Thumb Code    42  ist8310driver_middleware.o(.text)
    ist8310_delay_ms                         0x0800e607   Thumb Code    12  ist8310driver_middleware.o(.text)
    ist8310_RST_H                            0x0800e613   Thumb Code    12  ist8310driver_middleware.o(.text)
    ist8310_RST_L                            0x0800e61f   Thumb Code    12  ist8310driver_middleware.o(.text)
    mpu6500_init                             0x0800e63d   Thumb Code   192  mpu6500driver.o(.text)
    mpu6500_read_over                        0x0800e6fd   Thumb Code   304  mpu6500driver.o(.text)
    gyro_offset                              0x0800e82d   Thumb Code    98  mpu6500driver.o(.text)
    mpu6500_read_gyro                        0x0800e88f   Thumb Code   136  mpu6500driver.o(.text)
    mpu6500_read_accel                       0x0800e917   Thumb Code   136  mpu6500driver.o(.text)
    mpu6500_read_temp                        0x0800e99f   Thumb Code    72  mpu6500driver.o(.text)
    mpu6500_GPIO_init                        0x0800ea01   Thumb Code    48  mpu6500driver_middleware.o(.text)
    mpu6500_com_init                         0x0800ea31   Thumb Code     8  mpu6500driver_middleware.o(.text)
    mpu6500_middleware_delay_ms              0x0800ea39   Thumb Code    12  mpu6500driver_middleware.o(.text)
    mpu6500_middleware_delay_us              0x0800ea45   Thumb Code    12  mpu6500driver_middleware.o(.text)
    mpu6500_SPI_NS_H                         0x0800ea51   Thumb Code    12  mpu6500driver_middleware.o(.text)
    mpu6500_SPI_NS_L                         0x0800ea5d   Thumb Code    12  mpu6500driver_middleware.o(.text)
    mpu6500_write_single_reg                 0x0800eab7   Thumb Code    28  mpu6500driver_middleware.o(.text)
    mpu6500_read_single_reg                  0x0800ead3   Thumb Code    32  mpu6500driver_middleware.o(.text)
    mpu6500_write_muli_reg                   0x0800eaf3   Thumb Code    52  mpu6500driver_middleware.o(.text)
    mpu6500_read_muli_reg                    0x0800eb27   Thumb Code    56  mpu6500driver_middleware.o(.text)
    arm_cos_f32                              0x0800eb69   Thumb Code   108  arm_cos_f32.o(.text)
    arm_sin_f32                              0x0800ebe1   Thumb Code   104  arm_sin_f32.o(.text)
    __use_no_semihosting                     0x0800ec55   Thumb Code     2  use_no_semi_2.o(.text)
    __2sprintf                               0x0800ec59   Thumb Code    34  noretval__2sprintf.o(.text)
    __printf                                 0x0800ec81   Thumb Code   104  __printf.o(.text)
    _printf_str                              0x0800ece9   Thumb Code    82  _printf_str.o(.text)
    _printf_int_dec                          0x0800ed3d   Thumb Code   104  _printf_dec.o(.text)
    strcpy                                   0x0800edb5   Thumb Code    72  strcpy.o(.text)
    strlen                                   0x0800edfd   Thumb Code    62  strlen.o(.text)
    __aeabi_memcpy                           0x0800ee3b   Thumb Code     0  rt_memcpy_v6.o(.text)
    __rt_memcpy                              0x0800ee3b   Thumb Code   138  rt_memcpy_v6.o(.text)
    _memcpy_lastbytes                        0x0800eea1   Thumb Code     0  rt_memcpy_v6.o(.text)
    __aeabi_memcpy4                          0x0800eec5   Thumb Code     0  rt_memcpy_w.o(.text)
    __aeabi_memcpy8                          0x0800eec5   Thumb Code     0  rt_memcpy_w.o(.text)
    __rt_memcpy_w                            0x0800eec5   Thumb Code   100  rt_memcpy_w.o(.text)
    _memcpy_lastbytes_aligned                0x0800ef0d   Thumb Code     0  rt_memcpy_w.o(.text)
    __aeabi_memset                           0x0800ef29   Thumb Code    16  aeabi_memset.o(.text)
    __aeabi_memclr4                          0x0800ef39   Thumb Code     0  rt_memclr_w.o(.text)
    __aeabi_memclr8                          0x0800ef39   Thumb Code     0  rt_memclr_w.o(.text)
    __rt_memclr_w                            0x0800ef39   Thumb Code    78  rt_memclr_w.o(.text)
    _memset_w                                0x0800ef3d   Thumb Code     0  rt_memclr_w.o(.text)
    __use_two_region_memory                  0x0800ef87   Thumb Code     2  heapauxi.o(.text)
    __rt_heap_escrow$2region                 0x0800ef89   Thumb Code     2  heapauxi.o(.text)
    __rt_heap_expand$2region                 0x0800ef8b   Thumb Code     2  heapauxi.o(.text)
    __I$use$semihosting                      0x0800ef8d   Thumb Code     0  use_no_semi.o(.text)
    __use_no_semihosting_swi                 0x0800ef8d   Thumb Code     2  use_no_semi.o(.text)
    __read_errno                             0x0800ef8f   Thumb Code    10  _rserrno.o(.text)
    __set_errno                              0x0800ef99   Thumb Code    12  _rserrno.o(.text)
    _printf_int_common                       0x0800efa5   Thumb Code   178  _printf_intcommon.o(.text)
    _printf_char_common                      0x0800f063   Thumb Code    32  _printf_char_common.o(.text)
    _sputc                                   0x0800f089   Thumb Code    10  _sputc.o(.text)
    _printf_cs_common                        0x0800f093   Thumb Code    20  _printf_char.o(.text)
    _printf_char                             0x0800f0a7   Thumb Code    16  _printf_char.o(.text)
    _printf_string                           0x0800f0b7   Thumb Code     8  _printf_char.o(.text)
    __aeabi_memclr                           0x0800f0bf   Thumb Code     0  rt_memclr.o(.text)
    __rt_memclr                              0x0800f0bf   Thumb Code    68  rt_memclr.o(.text)
    _memset                                  0x0800f0c3   Thumb Code     0  rt_memclr.o(.text)
    __aeabi_errno_addr                       0x0800f105   Thumb Code     8  rt_errno_addr_intlibspace.o(.text)
    __errno$intlibspace                      0x0800f105   Thumb Code     0  rt_errno_addr_intlibspace.o(.text)
    __rt_errno_addr$intlibspace              0x0800f105   Thumb Code     0  rt_errno_addr_intlibspace.o(.text)
    _fp_trap                                 0x0800f10d   Thumb Code    44  _fptrap.o(.text)
    __user_libspace                          0x0800f13d   Thumb Code     8  libspace.o(.text)
    __user_perproc_libspace                  0x0800f13d   Thumb Code     0  libspace.o(.text)
    __user_perthread_libspace                0x0800f13d   Thumb Code     0  libspace.o(.text)
    __user_setup_stackheap                   0x0800f145   Thumb Code    74  sys_stackheap_outer.o(.text)
    exit                                     0x0800f18f   Thumb Code    18  exit.o(.text)
    __rt_SIGFPE                              0x0800f1a1   Thumb Code    14  defsig_fpe_outer.o(.text)
    __sig_exit                               0x0800f1af   Thumb Code    10  defsig_exit.o(.text)
    __rt_SIGFPE_inner                        0x0800f1b9   Thumb Code    62  defsig_fpe_inner.o(.text)
    __default_signal_display                 0x0800f265   Thumb Code    50  defsig_general.o(.text)
    AHRS_init                                0x0800f2b1   Thumb Code   626  ahrs.o(i.AHRS_init)
    AHRS_update                              0x0800f54d   Thumb Code   314  ahrs.o(i.AHRS_update)
    __ARM_fpclassifyf                        0x0800f687   Thumb Code    38  fpclassifyf.o(i.__ARM_fpclassifyf)
    __hardfp_acosf                           0x0800f6ad   Thumb Code   234  acosf.o(i.__hardfp_acosf)
    __hardfp_asinf                           0x0800f7c5   Thumb Code   258  asinf.o(i.__hardfp_asinf)
    __hardfp_atan2f                          0x0800f8f1   Thumb Code   502  atan2f.o(i.__hardfp_atan2f)
    __hardfp_fabs                            0x0800fb41   Thumb Code    20  fabs.o(i.__hardfp_fabs)
    __hardfp_tanf                            0x0800fb55   Thumb Code   322  tanf.o(i.__hardfp_tanf)
    __mathlib_flt_infnan                     0x0800fcd1   Thumb Code     6  funder.o(i.__mathlib_flt_infnan)
    __mathlib_flt_infnan2                    0x0800fcd7   Thumb Code     6  funder.o(i.__mathlib_flt_infnan2)
    __mathlib_flt_invalid                    0x0800fcdd   Thumb Code    10  funder.o(i.__mathlib_flt_invalid)
    __mathlib_flt_underflow                  0x0800fced   Thumb Code    10  funder.o(i.__mathlib_flt_underflow)
    __mathlib_rredf2                         0x0800fcfd   Thumb Code   316  rredf.o(i.__mathlib_rredf2)
    get_angle                                0x08010319   Thumb Code   232  ahrs.o(i.get_angle)
    sqrtf                                    0x08010485   Thumb Code    62  sqrtf_full.o(i.sqrtf)
    __fpl_dcmp_Inf                           0x0801053d   Thumb Code    24  dcmpi.o(x$fpl$dcmpinf)
    __dflt_normalise                         0x08010555   Thumb Code    26  dflt_clz.o(x$fpl$dfltn)
    __aeabi_cdcmple                          0x08010571   Thumb Code     0  dleqf.o(x$fpl$dleqf)
    _dcmple                                  0x08010571   Thumb Code   120  dleqf.o(x$fpl$dleqf)
    __fpl_dcmple_InfNaN                      0x080105c9   Thumb Code     0  dleqf.o(x$fpl$dleqf)
    __fpl_dnaninf                            0x080105e9   Thumb Code   258  dnaninf.o(x$fpl$dnaninf)
    __fpl_drenorm2                           0x080106eb   Thumb Code   106  drenorm_clz.o(x$fpl$drenorm)
    __fpl_drenorm1                           0x08010755   Thumb Code     6  drenorm_clz.o(x$fpl$drenorm)
    __fpl_dretinf                            0x0801075b   Thumb Code    12  dretinf.o(x$fpl$dretinf)
    __aeabi_cdrcmple                         0x08010767   Thumb Code     0  drleqf.o(x$fpl$drleqf)
    _drcmple                                 0x08010767   Thumb Code    98  drleqf.o(x$fpl$drleqf)
    __dunder                                 0x080107c9   Thumb Code   314  dunder_clz.o(x$fpl$dunder)
    __dunder_d                               0x08010903   Thumb Code    64  dunder_clz.o(x$fpl$dunder)
    __fpl_exception                          0x08010945   Thumb Code   454  except.o(x$fpl$exception)
    __aeabi_f2d                              0x08010b31   Thumb Code     0  f2d.o(x$fpl$f2d)
    _f2d                                     0x08010b31   Thumb Code   122  f2d.o(x$fpl$f2d)
    __fpl_fnaninf                            0x08010bab   Thumb Code   242  fnaninf.o(x$fpl$fnaninf)
    _fp_init                                 0x08010c9d   Thumb Code    10  fpinit.o(x$fpl$fpinit)
    __fplib_config_fpu_vfp                   0x08010ca5   Thumb Code     0  fpinit.o(x$fpl$fpinit)
    __fplib_config_pureend_doubles           0x08010ca5   Thumb Code     0  fpinit.o(x$fpl$fpinit)
    __funder                                 0x08010ca7   Thumb Code   254  funder_clz.o(x$fpl$funder)
    __funder_d                               0x08010da5   Thumb Code    62  funder_clz.o(x$fpl$funder)
    __fpl_return_NaN                         0x08010de3   Thumb Code   178  retnan.o(x$fpl$retnan)
    _fp_trapveneer                           0x08010e95   Thumb Code    36  trapv.o(x$fpl$trapveneer)
    __fpl_cmpreturn                          0x08010eb9   Thumb Code    90  trapv.o(x$fpl$trapveneer)
    CRC8_INIT                                0x08010f12   Data           1  referee.o(.constdata)
    __I$use$fp                               0x08010f12   Number         0  usenofp.o(x$fpl$usenofp)
    CRC8_TAB                                 0x08010f13   Data         256  referee.o(.constdata)
    wCRC_Table                               0x08011014   Data         512  referee.o(.constdata)
    sinTable_f32                             0x08011370   Data        2052  arm_common_tables.o(.constdata)
    Region$$Table$$Base                      0x08011b94   Number         0  anon$$obj.o(Region$$Table)
    Region$$Table$$Limit                     0x08011bb4   Number         0  anon$$obj.o(Region$$Table)
    failcnt                                  0x20000000   Data           2  stm32f4xx_it.o(.data)
    SystemCoreClock                          0x20000008   Data           4  system_stm32f4xx.o(.data)
    AHBPrescTable                            0x2000000c   Data          16  system_stm32f4xx.o(.data)
    FreeRTOSRunTimeTicks                     0x2000001c   Data           4  basicperipherals.o(.data)
    g_Referee_flag                           0x20000022   Data           1  referee.o(.data)
    CRC_INIT                                 0x20000024   Data           2  referee.o(.data)
    SectorsWRPStatus                         0x20000028   Data           4  flash.o(.data)
    pxCurrentTCB                             0x20000064   Data           4  tasks.o(.data)
    cali_hook_fun                            0x200000e4   Data          20  calibrate_task.o(.data)
    test                                     0x20000119   Data           1  gimbal_behaviour.o(.data)
    ration_y                                 0x2000011c   Data           4  gimbal_behaviour.o(.data)
    ration_p                                 0x20000120   Data           4  gimbal_behaviour.o(.data)
    Yaw_Can_Set_Current                      0x20000144   Data           2  gimbal_task.o(.data)
    Pitch_Can_Set_Current                    0x20000146   Data           2  gimbal_task.o(.data)
    Shoot_Can_Set_Current                    0x20000148   Data           2  gimbal_task.o(.data)
    time_delay                               0x2000014a   Data           1  gimbal_task.o(.data)
    set_p                                    0x2000014c   Data           4  gimbal_task.o(.data)
    fdb_p                                    0x20000150   Data           4  gimbal_task.o(.data)
    set_y                                    0x20000154   Data           4  gimbal_task.o(.data)
    fdb_y                                    0x20000158   Data           4  gimbal_task.o(.data)
    GIMBALTask_Handler                       0x200001f4   Data           4  start_task.o(.data)
    ChassisTask_Handler                      0x20000204   Data           4  start_task.o(.data)
    pitch                                    0x20000208   Data           1  start_task.o(.data)
    Auto_Origion                             0x2000020a   Data           6  auto_attacktask.o(.data)
    SendBuff                                 0x20000210   Data           4  auto_attacktask.o(.data)
    rx_fail_cnt                              0x20000214   Data           2  auto_attacktask.o(.data)
    shoot_mode                               0x2000021c   Data           1  shoot.o(.data)
    sbus_rx_buffer                           0x20000238   Data          72  remotdbus.o(.bss)
    rc_ctrl                                  0x20000280   Data          22  remotdbus.o(.bss)
    Referee_date1                            0x200003f4   Data          86  referee.o(.bss)
    power                                    0x2000044c   Data          56  referee.o(.bss)
    xQueueRegistry                           0x20013084   Data          64  queue.o(.bss)
    errorList                                0x20013445   Data         324  detect_task.o(.bss)
    gimbal_control                           0x2001358c   Data         496  gimbal_task.o(.bss)
    AutoData                                 0x200138a0   Data          20  auto_attacktask.o(.bss)
    mainfocus_rx_buffer                      0x200138b4   Data         200  auto_attacktask.o(.bss)
    trigger_motor_pid                        0x2001397c   Data         216  shoot.o(.bss)
    fric_motor_pid                           0x20013a54   Data         144  shoot.o(.bss)
    trigger_motor                            0x20013ae4   Data         288  shoot.o(.bss)
    fric_motor                               0x20013c04   Data         192  shoot.o(.bss)
    __libspace_start                         0x20013cf4   Data          96  libspace.o(.bss)
    __temporary_stack_top$libspace           0x20013d54   Data           0  libspace.o(.bss)



==============================================================================

Memory Map of the image

  Image Entry point : 0x080001ad

  Load Region LR_IROM1 (Base: 0x08000000, Size: 0x00011dec, Max: 0x00200000, ABSOLUTE, COMPRESSED[0x00011c28])

    Execution Region ER_IROM1 (Base: 0x08000000, Size: 0x00011bb4, Max: 0x00200000, ABSOLUTE)

    Base Addr    Size         Type   Attr      Idx    E Section Name        Object

    0x08000000   0x000001ac   Data   RO          761    RESET               startup_stm32f427_437xx.o
    0x080001ac   0x00000008   Code   RO         2116  * !!!main             c_w.l(__main.o)
    0x080001b4   0x00000034   Code   RO         2419    !!!scatter          c_w.l(__scatter.o)
    0x080001e8   0x0000005a   Code   RO         2417    !!dczerorl2         c_w.l(__dczerorl2.o)
    0x08000242   0x00000002   PAD
    0x08000244   0x0000001c   Code   RO         2421    !!handler_zi        c_w.l(__scatter_zi.o)
    0x08000260   0x00000000   Code   RO         2099    .ARM.Collect$$_printf_percent$$00000000  c_w.l(_printf_percent.o)
    0x08000260   0x00000006   Code   RO         2098    .ARM.Collect$$_printf_percent$$0000000A  c_w.l(_printf_u.o)
    0x08000266   0x00000006   Code   RO         2097    .ARM.Collect$$_printf_percent$$00000013  c_w.l(_printf_c.o)
    0x0800026c   0x00000004   Code   RO         2193    .ARM.Collect$$_printf_percent$$00000017  c_w.l(_printf_percent_end.o)
    0x08000270   0x00000002   Code   RO         2294    .ARM.Collect$$libinit$$00000000  c_w.l(libinit.o)
    0x08000272   0x00000004   Code   RO         2305    .ARM.Collect$$libinit$$00000001  c_w.l(libinit2.o)
    0x08000276   0x00000000   Code   RO         2308    .ARM.Collect$$libinit$$00000004  c_w.l(libinit2.o)
    0x08000276   0x00000000   Code   RO         2311    .ARM.Collect$$libinit$$0000000A  c_w.l(libinit2.o)
    0x08000276   0x00000000   Code   RO         2313    .ARM.Collect$$libinit$$0000000C  c_w.l(libinit2.o)
    0x08000276   0x00000000   Code   RO         2315    .ARM.Collect$$libinit$$0000000E  c_w.l(libinit2.o)
    0x08000276   0x00000000   Code   RO         2318    .ARM.Collect$$libinit$$00000011  c_w.l(libinit2.o)
    0x08000276   0x00000000   Code   RO         2320    .ARM.Collect$$libinit$$00000013  c_w.l(libinit2.o)
    0x08000276   0x00000000   Code   RO         2322    .ARM.Collect$$libinit$$00000015  c_w.l(libinit2.o)
    0x08000276   0x00000000   Code   RO         2324    .ARM.Collect$$libinit$$00000017  c_w.l(libinit2.o)
    0x08000276   0x00000000   Code   RO         2326    .ARM.Collect$$libinit$$00000019  c_w.l(libinit2.o)
    0x08000276   0x00000000   Code   RO         2328    .ARM.Collect$$libinit$$0000001B  c_w.l(libinit2.o)
    0x08000276   0x00000000   Code   RO         2330    .ARM.Collect$$libinit$$0000001D  c_w.l(libinit2.o)
    0x08000276   0x00000000   Code   RO         2332    .ARM.Collect$$libinit$$0000001F  c_w.l(libinit2.o)
    0x08000276   0x00000000   Code   RO         2334    .ARM.Collect$$libinit$$00000021  c_w.l(libinit2.o)
    0x08000276   0x00000000   Code   RO         2336    .ARM.Collect$$libinit$$00000023  c_w.l(libinit2.o)
    0x08000276   0x00000000   Code   RO         2338    .ARM.Collect$$libinit$$00000025  c_w.l(libinit2.o)
    0x08000276   0x00000000   Code   RO         2342    .ARM.Collect$$libinit$$0000002C  c_w.l(libinit2.o)
    0x08000276   0x00000000   Code   RO         2344    .ARM.Collect$$libinit$$0000002E  c_w.l(libinit2.o)
    0x08000276   0x00000000   Code   RO         2346    .ARM.Collect$$libinit$$00000030  c_w.l(libinit2.o)
    0x08000276   0x00000000   Code   RO         2348    .ARM.Collect$$libinit$$00000032  c_w.l(libinit2.o)
    0x08000276   0x00000002   Code   RO         2349    .ARM.Collect$$libinit$$00000033  c_w.l(libinit2.o)
    0x08000278   0x00000002   Code   RO         2373    .ARM.Collect$$libshutdown$$00000000  c_w.l(libshutdown.o)
    0x0800027a   0x00000000   Code   RO         2399    .ARM.Collect$$libshutdown$$00000002  c_w.l(libshutdown2.o)
    0x0800027a   0x00000000   Code   RO         2401    .ARM.Collect$$libshutdown$$00000004  c_w.l(libshutdown2.o)
    0x0800027a   0x00000000   Code   RO         2404    .ARM.Collect$$libshutdown$$00000007  c_w.l(libshutdown2.o)
    0x0800027a   0x00000000   Code   RO         2407    .ARM.Collect$$libshutdown$$0000000A  c_w.l(libshutdown2.o)
    0x0800027a   0x00000000   Code   RO         2409    .ARM.Collect$$libshutdown$$0000000C  c_w.l(libshutdown2.o)
    0x0800027a   0x00000000   Code   RO         2412    .ARM.Collect$$libshutdown$$0000000F  c_w.l(libshutdown2.o)
    0x0800027a   0x00000002   Code   RO         2413    .ARM.Collect$$libshutdown$$00000010  c_w.l(libshutdown2.o)
    0x0800027c   0x00000000   Code   RO         2182    .ARM.Collect$$rtentry$$00000000  c_w.l(__rtentry.o)
    0x0800027c   0x00000000   Code   RO         2251    .ARM.Collect$$rtentry$$00000002  c_w.l(__rtentry2.o)
    0x0800027c   0x00000006   Code   RO         2263    .ARM.Collect$$rtentry$$00000004  c_w.l(__rtentry4.o)
    0x08000282   0x00000000   Code   RO         2253    .ARM.Collect$$rtentry$$00000009  c_w.l(__rtentry2.o)
    0x08000282   0x00000004   Code   RO         2254    .ARM.Collect$$rtentry$$0000000A  c_w.l(__rtentry2.o)
    0x08000286   0x00000000   Code   RO         2256    .ARM.Collect$$rtentry$$0000000C  c_w.l(__rtentry2.o)
    0x08000286   0x00000008   Code   RO         2257    .ARM.Collect$$rtentry$$0000000D  c_w.l(__rtentry2.o)
    0x0800028e   0x00000002   Code   RO         2297    .ARM.Collect$$rtexit$$00000000  c_w.l(rtexit.o)
    0x08000290   0x00000000   Code   RO         2351    .ARM.Collect$$rtexit$$00000002  c_w.l(rtexit2.o)
    0x08000290   0x00000004   Code   RO         2352    .ARM.Collect$$rtexit$$00000003  c_w.l(rtexit2.o)
    0x08000294   0x00000006   Code   RO         2353    .ARM.Collect$$rtexit$$00000004  c_w.l(rtexit2.o)
    0x0800029a   0x00000002   PAD
    0x0800029c   0x000000be   Code   RO         1068    .emb_text           port.o
    0x0800035a   0x00000076   Code   RO            3    .text               main.o
    0x080003d0   0x000002d4   Code   RO          247    .text               stm32f4xx_it.o
    0x080006a4   0x00000244   Code   RO          327    .text               system_stm32f4xx.o
    0x080008e8   0x0000049c   Code   RO          353    .text               basicperipherals.o
    0x08000d84   0x0000035c   Code   RO          379    .text               remotdbus.o
    0x080010e0   0x00000130   Code   RO          405    .text               frictionmoterpwm.o
    0x08001210   0x000005c0   Code   RO          428    .text               motorcan.o
    0x080017d0   0x000001c4   Code   RO          477    .text               mainfocus_usart.o
    0x08001994   0x000005d8   Code   RO          501    .text               referee.o
    0x08001f6c   0x0000010c   Code   RO          536    .text               adc.o
    0x08002078   0x000000d8   Code   RO          556    .text               buzzer.o
    0x08002150   0x00000088   Code   RO          576    .text               exit_init.o
    0x080021d8   0x0000057c   Code   RO          599    .text               flash.o
    0x08002754   0x00000250   Code   RO          625    .text               spi.o
    0x080029a4   0x000002dc   Code   RO          648    .text               timer.o
    0x08002c80   0x00000094   Code   RO          668    .text               power_ctrl.o
    0x08002d14   0x000000ec   Code   RO          688    .text               delay.o
    0x08002e00   0x000000b0   Code   RO          728    .text               usart.o
    0x08002eb0   0x00000040   Code   RO          762    .text               startup_stm32f427_437xx.o
    0x08002ef0   0x000000e0   Code   RO          768    .text               misc.o
    0x08002fd0   0x00000294   Code   RO          788    .text               stm32f4xx_gpio.o
    0x08003264   0x00000660   Code   RO          808    .text               stm32f4xx_rcc.o
    0x080038c4   0x00000094   Code   RO          830    .text               stm32f4xx_syscfg.o
    0x08003958   0x00000454   Code   RO          850    .text               stm32f4xx_usart.o
    0x08003dac   0x000009f0   Code   RO          870    .text               stm32f4xx_can.o
    0x0800479c   0x000003a8   Code   RO          890    .text               stm32f4xx_dma.o
    0x08004b44   0x00000ca2   Code   RO          910    .text               stm32f4xx_tim.o
    0x080057e6   0x00000002   PAD
    0x080057e8   0x000004ee   Code   RO          930    .text               stm32f4xx_spi.o
    0x08005cd6   0x00000002   PAD
    0x08005cd8   0x00000698   Code   RO          950    .text               stm32f4xx_flash.o
    0x08006370   0x00000110   Code   RO          990    .text               stm32f4xx_exti.o
    0x08006480   0x00000464   Code   RO         1010    .text               stm32f4xx_adc.o
    0x080068e4   0x0000029c   Code   RO         1028    .text               heap_4.o
    0x08006b80   0x00000340   Code   RO         1069    .text               port.o
    0x08006ec0   0x00000094   Code   RO         1134    .text               list.o
    0x08006f54   0x00000f18   Code   RO         1149    .text               queue.o
    0x08007e6c   0x00001c90   Code   RO         1197    .text               tasks.o
    0x08009afc   0x000005ec   Code   RO         1223    .text               timers.o
    0x0800a0e8   0x00000774   Code   RO         1243    .text               calibrate_task.o
    0x0800a85c   0x00000614   Code   RO         1286    .text               detect_task.o
    0x0800ae70   0x00000990   Code   RO         1317    .text               gimbal_behaviour.o
    0x0800b800   0x00000b8c   Code   RO         1353    .text               gimbal_task.o
    0x0800c38c   0x00000614   Code   RO         1384    .text               ins_task.o
    0x0800c9a0   0x00000294   Code   RO         1426    .text               pid.o
    0x0800cc34   0x0000013c   Code   RO         1446    .text               start_task.o
    0x0800cd70   0x0000026c   Code   RO         1487    .text               user_lib.o
    0x0800cfdc   0x00000128   Code   RO         1507    .text               auto_attacktask.o
    0x0800d104   0x00001168   Code   RO         1585    .text               shoot.o
    0x0800e26c   0x000000f4   Code   RO         1616    .text               ahrs_middleware.o
    0x0800e360   0x0000019c   Code   RO         1722    .text               ist8310driver.o
    0x0800e4fc   0x00000140   Code   RO         1750    .text               ist8310driver_middleware.o
    0x0800e63c   0x000003c4   Code   RO         1776    .text               mpu6500driver.o
    0x0800ea00   0x00000168   Code   RO         1799    .text               mpu6500driver_middleware.o
    0x0800eb68   0x00000078   Code   RO         1907    .text               arm_cortexM4lf_math.lib(arm_cos_f32.o)
    0x0800ebe0   0x00000074   Code   RO         1960    .text               arm_cortexM4lf_math.lib(arm_sin_f32.o)
    0x0800ec54   0x00000002   Code   RO         2065    .text               c_w.l(use_no_semi_2.o)
    0x0800ec56   0x00000002   PAD
    0x0800ec58   0x00000028   Code   RO         2069    .text               c_w.l(noretval__2sprintf.o)
    0x0800ec80   0x00000068   Code   RO         2071    .text               c_w.l(__printf.o)
    0x0800ece8   0x00000052   Code   RO         2073    .text               c_w.l(_printf_str.o)
    0x0800ed3a   0x00000002   PAD
    0x0800ed3c   0x00000078   Code   RO         2075    .text               c_w.l(_printf_dec.o)
    0x0800edb4   0x00000048   Code   RO         2100    .text               c_w.l(strcpy.o)
    0x0800edfc   0x0000003e   Code   RO         2102    .text               c_w.l(strlen.o)
    0x0800ee3a   0x0000008a   Code   RO         2104    .text               c_w.l(rt_memcpy_v6.o)
    0x0800eec4   0x00000064   Code   RO         2106    .text               c_w.l(rt_memcpy_w.o)
    0x0800ef28   0x00000010   Code   RO         2110    .text               c_w.l(aeabi_memset.o)
    0x0800ef38   0x0000004e   Code   RO         2112    .text               c_w.l(rt_memclr_w.o)
    0x0800ef86   0x00000006   Code   RO         2114    .text               c_w.l(heapauxi.o)
    0x0800ef8c   0x00000002   Code   RO         2180    .text               c_w.l(use_no_semi.o)
    0x0800ef8e   0x00000016   Code   RO         2183    .text               c_w.l(_rserrno.o)
    0x0800efa4   0x000000b2   Code   RO         2185    .text               c_w.l(_printf_intcommon.o)
    0x0800f056   0x00000002   PAD
    0x0800f058   0x00000030   Code   RO         2187    .text               c_w.l(_printf_char_common.o)
    0x0800f088   0x0000000a   Code   RO         2189    .text               c_w.l(_sputc.o)
    0x0800f092   0x0000002c   Code   RO         2191    .text               c_w.l(_printf_char.o)
    0x0800f0be   0x00000044   Code   RO         2194    .text               c_w.l(rt_memclr.o)
    0x0800f102   0x00000002   PAD
    0x0800f104   0x00000008   Code   RO         2268    .text               c_w.l(rt_errno_addr_intlibspace.o)
    0x0800f10c   0x00000030   Code   RO         2270    .text               c_w.l(_fptrap.o)
    0x0800f13c   0x00000008   Code   RO         2278    .text               c_w.l(libspace.o)
    0x0800f144   0x0000004a   Code   RO         2281    .text               c_w.l(sys_stackheap_outer.o)
    0x0800f18e   0x00000012   Code   RO         2283    .text               c_w.l(exit.o)
    0x0800f1a0   0x0000000e   Code   RO         2285    .text               c_w.l(defsig_fpe_outer.o)
    0x0800f1ae   0x0000000a   Code   RO         2301    .text               c_w.l(defsig_exit.o)
    0x0800f1b8   0x000000ac   Code   RO         2303    .text               c_w.l(defsig_fpe_inner.o)
    0x0800f264   0x00000032   Code   RO         2359    .text               c_w.l(defsig_general.o)
    0x0800f296   0x0000001a   Code   RO         1817    i.AHRS_fabs         AHRS.lib(ahrs.o)
    0x0800f2b0   0x0000029c   Code   RO         1818    i.AHRS_init         AHRS.lib(ahrs.o)
    0x0800f54c   0x0000013a   Code   RO         1819    i.AHRS_update       AHRS.lib(ahrs.o)
    0x0800f686   0x00000026   Code   RO         2219    i.__ARM_fpclassifyf  m_wm.l(fpclassifyf.o)
    0x0800f6ac   0x00000118   Code   RO         2126    i.__hardfp_acosf    m_wm.l(acosf.o)
    0x0800f7c4   0x0000012c   Code   RO         2138    i.__hardfp_asinf    m_wm.l(asinf.o)
    0x0800f8f0   0x00000250   Code   RO         2150    i.__hardfp_atan2f   m_wm.l(atan2f.o)
    0x0800fb40   0x00000014   Code   RO         2162    i.__hardfp_fabs     m_wm.l(fabs.o)
    0x0800fb54   0x0000017c   Code   RO         2168    i.__hardfp_tanf     m_wm.l(tanf.o)
    0x0800fcd0   0x00000006   Code   RO         2222    i.__mathlib_flt_infnan  m_wm.l(funder.o)
    0x0800fcd6   0x00000006   Code   RO         2223    i.__mathlib_flt_infnan2  m_wm.l(funder.o)
    0x0800fcdc   0x00000010   Code   RO         2224    i.__mathlib_flt_invalid  m_wm.l(funder.o)
    0x0800fcec   0x00000010   Code   RO         2227    i.__mathlib_flt_underflow  m_wm.l(funder.o)
    0x0800fcfc   0x00000154   Code   RO         2235    i.__mathlib_rredf2  m_wm.l(rredf.o)
    0x0800fe50   0x000001d0   Code   RO         1820    i.accel_comple_filter  AHRS.lib(ahrs.o)
    0x08010020   0x0000018c   Code   RO         1821    i.accel_update_kp_ki  AHRS.lib(ahrs.o)
    0x080101ac   0x0000016c   Code   RO         1822    i.angle_to_quat     AHRS.lib(ahrs.o)
    0x08010318   0x000000e8   Code   RO         1823    i.get_angle         AHRS.lib(ahrs.o)
    0x08010400   0x00000084   Code   RO         1828    i.quat_normalization  AHRS.lib(ahrs.o)
    0x08010484   0x0000003e   Code   RO         2240    i.sqrtf             m_wm.l(sqrtf_full.o)
    0x080104c2   0x0000007a   Code   RO         1829    i.update_w          AHRS.lib(ahrs.o)
    0x0801053c   0x00000018   Code   RO         2196    x$fpl$dcmpinf       g_wm.l(dcmpi.o)
    0x08010554   0x0000001a   Code   RO         2200    x$fpl$dfltn         g_wm.l(dflt_clz.o)
    0x0801056e   0x00000002   PAD
    0x08010570   0x00000078   Code   RO         2120    x$fpl$dleqf         g_wm.l(dleqf.o)
    0x080105e8   0x00000102   Code   RO         2204    x$fpl$dnaninf       g_wm.l(dnaninf.o)
    0x080106ea   0x00000070   Code   RO         2295    x$fpl$drenorm       g_wm.l(drenorm_clz.o)
    0x0801075a   0x0000000c   Code   RO         2206    x$fpl$dretinf       g_wm.l(dretinf.o)
    0x08010766   0x00000062   Code   RO         2122    x$fpl$drleqf        g_wm.l(drleqf.o)
    0x080107c8   0x0000017a   Code   RO         2274    x$fpl$dunder        g_wm.l(dunder_clz.o)
    0x08010942   0x00000002   PAD
    0x08010944   0x000001ec   Code   RO         2208    x$fpl$exception     g_wm.l(except.o)
    0x08010b30   0x0000007a   Code   RO         2124    x$fpl$f2d           g_wm.l(f2d.o)
    0x08010baa   0x000000f2   Code   RO         2210    x$fpl$fnaninf       g_wm.l(fnaninf.o)
    0x08010c9c   0x0000000a   Code   RO         2363    x$fpl$fpinit        g_wm.l(fpinit.o)
    0x08010ca6   0x0000013c   Code   RO         2214    x$fpl$funder        g_wm.l(funder_clz.o)
    0x08010de2   0x000000b2   Code   RO         2276    x$fpl$retnan        g_wm.l(retnan.o)
    0x08010e94   0x0000007e   Code   RO         2216    x$fpl$trapveneer    g_wm.l(trapv.o)
    0x08010f12   0x00000000   Code   RO         2218    x$fpl$usenofp       g_wm.l(usenofp.o)
    0x08010f12   0x00000302   Data   RO          503    .constdata          referee.o
    0x08011214   0x0000000f   Data   RO         1245    .constdata          calibrate_task.o
    0x08011223   0x00000001   PAD
    0x08011224   0x00000030   Data   RO         1288    .constdata          detect_task.o
    0x08011254   0x00000048   Data   RO         1355    .constdata          gimbal_task.o
    0x0801129c   0x00000030   Data   RO         1386    .constdata          ins_task.o
    0x080112cc   0x00000060   Data   RO         1587    .constdata          shoot.o
    0x0801132c   0x0000000c   Data   RO         1723    .constdata          ist8310driver.o
    0x08011338   0x0000002a   Data   RO         1777    .constdata          mpu6500driver.o
    0x08011362   0x00000002   PAD
    0x08011364   0x0000000c   Data   RO         1830    .constdata          AHRS.lib(ahrs.o)
    0x08011370   0x00000804   Data   RO         2040    .constdata          arm_cortexM4lf_math.lib(arm_common_tables.o)
    0x08011b74   0x00000020   Data   RO         2236    .constdata          m_wm.l(rredf.o)
    0x08011b94   0x00000020   Data   RO         2415    Region$$Table       anon$$obj.o


    Execution Region RW_IRAM1 (Base: 0x20000000, Size: 0x00014358, Max: 0x00030000, ABSOLUTE, COMPRESSED[0x00000074])

    Base Addr    Size         Type   Attr      Idx    E Section Name        Object

    0x20000000   0x00000006   Data   RW          249    .data               stm32f4xx_it.o
    0x20000006   0x00000002   PAD
    0x20000008   0x00000014   Data   RW          328    .data               system_stm32f4xx.o
    0x2000001c   0x00000004   Data   RW          354    .data               basicperipherals.o
    0x20000020   0x00000001   Data   RW          430    .data               motorcan.o
    0x20000021   0x00000001   PAD
    0x20000022   0x00000006   Data   RW          504    .data               referee.o
    0x20000028   0x00000004   Data   RW          600    .data               flash.o
    0x2000002c   0x00000004   Data   RW          689    .data               delay.o
    0x20000030   0x00000010   Data   RW          809    .data               stm32f4xx_rcc.o
    0x20000040   0x00000018   Data   RW         1030    .data               heap_4.o
    0x20000058   0x0000000c   Data   RW         1070    .data               port.o
    0x20000064   0x00000044   Data   RW         1199    .data               tasks.o
    0x200000a8   0x00000014   Data   RW         1225    .data               timers.o
    0x200000bc   0x00000050   Data   RW         1246    .data               calibrate_task.o
    0x2000010c   0x0000000a   Data   RW         1289    .data               detect_task.o
    0x20000116   0x00000002   PAD
    0x20000118   0x0000002c   Data   RW         1318    .data               gimbal_behaviour.o
    0x20000144   0x0000002d   Data   RW         1356    .data               gimbal_task.o
    0x20000171   0x00000003   PAD
    0x20000174   0x0000007c   Data   RW         1387    .data               ins_task.o
    0x200001f0   0x00000019   Data   RW         1447    .data               start_task.o
    0x20000209   0x00000001   PAD
    0x2000020a   0x0000000d   Data   RW         1509    .data               auto_attacktask.o
    0x20000217   0x00000001   PAD
    0x20000218   0x0000000f   Data   RW         1588    .data               shoot.o
    0x20000227   0x00000001   Data   RW         1778    .data               mpu6500driver.o
    0x20000228   0x00000010   Data   RW         1831    .data               AHRS.lib(ahrs.o)
    0x20000238   0x0000005e   Zero   RW          380    .bss                remotdbus.o
    0x20000296   0x0000006e   Zero   RW          429    .bss                motorcan.o
    0x20000304   0x00000180   Zero   RW          502    .bss                referee.o
    0x20000484   0x00012c00   Zero   RW         1029    .bss                heap_4.o
    0x20013084   0x00000040   Zero   RW         1150    .bss                queue.o
    0x200130c4   0x000002bc   Zero   RW         1198    .bss                tasks.o
    0x20013380   0x00000028   Zero   RW         1224    .bss                timers.o
    0x200133a8   0x0000009d   Zero   RW         1244    .bss                calibrate_task.o
    0x20013445   0x00000144   Zero   RW         1287    .bss                detect_task.o
    0x20013589   0x00000003   PAD
    0x2001358c   0x000001f0   Zero   RW         1354    .bss                gimbal_task.o
    0x2001377c   0x00000124   Zero   RW         1385    .bss                ins_task.o
    0x200138a0   0x000000dc   Zero   RW         1508    .bss                auto_attacktask.o
    0x2001397c   0x00000378   Zero   RW         1586    .bss                shoot.o
    0x20013cf4   0x00000060   Zero   RW         2279    .bss                c_w.l(libspace.o)
    0x20013d54   0x00000004   PAD
    0x20013d58   0x00000200   Zero   RW          760    HEAP                startup_stm32f427_437xx.o
    0x20013f58   0x00000400   Zero   RW          759    STACK               startup_stm32f427_437xx.o


==============================================================================

Image component sizes


      Code (inc. data)   RO Data    RW Data    ZI Data      Debug   Object Name

       268         18          0          0          0       1184   adc.o
       244         12          0          0          0       3665   ahrs_middleware.o
       296         34          0         13        220       2931   auto_attacktask.o
      1180         48          0          4          0       4661   basicperipherals.o
       216          8          0          0          0       1099   buzzer.o
      1908         92         15         80        157      11816   calibrate_task.o
       236          8          0          4          0       1689   delay.o
      1556         66         48         10        324       4095   detect_task.o
         0          0          0          0          0       7956   event_groups.o
       136          6          0          0          0        680   exit_init.o
      1404         94          0          4          0       4996   flash.o
       304          4          0          0          0       2003   frictionmoterpwm.o
      2448        146          0         44          0      10406   gimbal_behaviour.o
      2956        128         72         45        496       9790   gimbal_task.o
       668         24          0         24      76800      13228   heap_4.o
      1556        190         48        124        292       7134   ins_task.o
       412         10         12          0          0       2586   ist8310driver.o
       320         18          0          0          0       3193   ist8310driver_middleware.o
       148          0          0          0          0       1974   list.o
       118          0          0          0          0     363023   main.o
       452         16          0          0          0       2206   mainfocus_usart.o
       224         20          0          0          0       1837   misc.o
      1472         62          0          1        110       4679   motorcan.o
       964         26         42          1          0       3608   mpu6500driver.o
       360         10          0          0          0       3253   mpu6500driver_middleware.o
       660          4          0          0          0       1842   pid.o
      1022         52          0         12          0       8943   port.o
       148          4          0          0          0       1174   power_ctrl.o
      3864         20          0          0         64      21272   queue.o
      1496         58        770          6        384       8153   referee.o
       860         28          0          0         94       5123   remotdbus.o
      4456        310         96         15        888       8127   shoot.o
       592         20          0          0          0       1645   spi.o
       316        112          0         25          0       2658   start_task.o
        64         26        428          0       1536        848   startup_stm32f427_437xx.o
      1124         24          0          0          0      10706   stm32f4xx_adc.o
      2544         38          0          0          0       8164   stm32f4xx_can.o
       936         32          0          0          0       6413   stm32f4xx_dma.o
       272         10          0          0          0       2303   stm32f4xx_exti.o
      1688         24          0          0          0       9434   stm32f4xx_flash.o
       660         44          0          0          0       4177   stm32f4xx_gpio.o
       724         60          0          6          0     245956   stm32f4xx_it.o
      1632         54          0         16          0      13120   stm32f4xx_rcc.o
      1262         38          0          0          0       7421   stm32f4xx_spi.o
       148         12          0          0          0       1853   stm32f4xx_syscfg.o
      3234         60          0          0          0      23032   stm32f4xx_tim.o
      1108         34          0          0          0       7900   stm32f4xx_usart.o
       580         46          0         20          0       1835   system_stm32f4xx.o
      7312        402          0         68        700      32541   tasks.o
       732         28          0          0          0       2023   timer.o
      1516         68          0         20         40      11782   timers.o
       176         10          0          0          0       3000   usart.o
       620         18          0          0          0       4774   user_lib.o

    ----------------------------------------------------------------------
     59596       2676       1566        552      82108     929911   Object Totals
         0          0         32          0          0          0   (incl. Generated)
         4          0          3         10          3          0   (incl. Padding)

    ----------------------------------------------------------------------

      Code (inc. data)   RO Data    RW Data    ZI Data      Debug   Library Member Name

      2718         84         12         16          0       9922   ahrs.o
         0          0       2052          0          0       4636   arm_common_tables.o
       120         12          0          0          0      16970   arm_cos_f32.o
       116         12          0          0          0        658   arm_sin_f32.o
        90          0          0          0          0          0   __dczerorl2.o
         8          0          0          0          0         68   __main.o
       104          0          0          0          0         84   __printf.o
         0          0          0          0          0          0   __rtentry.o
        12          0          0          0          0          0   __rtentry2.o
         6          0          0          0          0          0   __rtentry4.o
        52          8          0          0          0          0   __scatter.o
        28          0          0          0          0          0   __scatter_zi.o
        48          4          0          0          0         84   _fptrap.o
         6          0          0          0          0          0   _printf_c.o
        44          0          0          0          0        108   _printf_char.o
        48          6          0          0          0         96   _printf_char_common.o
       120         16          0          0          0         92   _printf_dec.o
       178          0          0          0          0         88   _printf_intcommon.o
         0          0          0          0          0          0   _printf_percent.o
         4          0          0          0          0          0   _printf_percent_end.o
        82          0          0          0          0         80   _printf_str.o
         6          0          0          0          0          0   _printf_u.o
        22          0          0          0          0        100   _rserrno.o
        10          0          0          0          0         68   _sputc.o
        16          0          0          0          0         68   aeabi_memset.o
        10          0          0          0          0         68   defsig_exit.o
       172        110          0          0          0         76   defsig_fpe_inner.o
        14          0          0          0          0         80   defsig_fpe_outer.o
        50          0          0          0          0         88   defsig_general.o
        18          0          0          0          0         80   exit.o
         6          0          0          0          0        152   heapauxi.o
         2          0          0          0          0          0   libinit.o
         6          0          0          0          0          0   libinit2.o
         2          0          0          0          0          0   libshutdown.o
         2          0          0          0          0          0   libshutdown2.o
         8          4          0          0         96         68   libspace.o
        40          6          0          0          0         84   noretval__2sprintf.o
         8          4          0          0          0         68   rt_errno_addr_intlibspace.o
        68          0          0          0          0         68   rt_memclr.o
        78          0          0          0          0         80   rt_memclr_w.o
       138          0          0          0          0         68   rt_memcpy_v6.o
       100          0          0          0          0         80   rt_memcpy_w.o
         2          0          0          0          0          0   rtexit.o
        10          0          0          0          0          0   rtexit2.o
        72          0          0          0          0         80   strcpy.o
        62          0          0          0          0         76   strlen.o
        74          0          0          0          0         80   sys_stackheap_outer.o
         2          0          0          0          0         68   use_no_semi.o
         2          0          0          0          0         68   use_no_semi_2.o
        24          0          0          0          0        116   dcmpi.o
        26          0          0          0          0        116   dflt_clz.o
       120          8          0          0          0        140   dleqf.o
       258          4          0          0          0        156   dnaninf.o
       112          0          0          0          0        160   drenorm_clz.o
        12          0          0          0          0        116   dretinf.o
        98          0          0          0          0        128   drleqf.o
       378          0          0          0          0        168   dunder_clz.o
       492         36          0          0          0        148   except.o
       122          8          0          0          0        132   f2d.o
       242          4          0          0          0        144   fnaninf.o
        10          0          0          0          0        116   fpinit.o
       316          0          0          0          0        132   funder_clz.o
       178          0          0          0          0        116   retnan.o
       126          0          0          0          0        148   trapv.o
         0          0          0          0          0          0   usenofp.o
       280         46          0          0          0        176   acosf.o
       300         42          0          0          0        176   asinf.o
       592         90          0          0          0        184   atan2f.o
        20          0          0          0          0        124   fabs.o
        38          0          0          0          0        116   fpclassifyf.o
        44         12          0          0          0        464   funder.o
       340         24         32          0          0        160   rredf.o
        62          0          0          0          0        136   sqrtf_full.o
       380         58          0          0          0        200   tanf.o

    ----------------------------------------------------------------------
      9370        598       2096         16        100      38326   Library Totals
        16          0          0          0          4          0   (incl. Padding)

    ----------------------------------------------------------------------

      Code (inc. data)   RO Data    RW Data    ZI Data      Debug   Library Name

      2718         84         12         16          0       9922   AHRS.lib
       236         24       2052          0          0      22264   arm_cortexM4lf_math.lib
      1830        158          0          0         96       2368   c_w.l
      2514         60          0          0          0       2036   g_wm.l
      2056        272         32          0          0       1736   m_wm.l

    ----------------------------------------------------------------------
      9370        598       2096         16        100      38326   Library Totals

    ----------------------------------------------------------------------

==============================================================================


      Code (inc. data)   RO Data    RW Data    ZI Data      Debug   

     68966       3274       3662        568      82208     951037   Grand Totals
     68966       3274       3662        116      82208     951037   ELF Image Totals (compressed)
     68966       3274       3662        116          0          0   ROM Totals

==============================================================================

    Total RO  Size (Code + RO Data)                72628 (  70.93kB)
    Total RW  Size (RW Data + ZI Data)             82776 (  80.84kB)
    Total ROM Size (Code + RO Data + RW Data)      72744 (  71.04kB)

==============================================================================

