<!doctype html public "-//w3c//dtd html 4.0 transitional//en">
<html><head>
<title>Static Call Graph - [..\OBJ\CAN.axf]</title></head>
<body><HR>
<H1>Static Call Graph for image ..\OBJ\CAN.axf</H1><HR>
<BR><P>#&#060CALLGRAPH&#062# ARM Linker, 5060422: Last Updated: Sun Apr 21 22:02:19 2019
<BR><P>
<H3>Maximum Stack Usage =        248 bytes + Unknown(Functions without stacksize, Cycles, Untraceable Function Pointers)</H3><H3>
Call chain for Maximum Stack Depth:</H3>
INSTask &rArr; AHRS_update &rArr; accel_comple_filter &rArr; accel_update_kp_ki
<P>
<H3>
Functions with no stack information
</H3><UL>
 <LI><a href="#[26e]">__user_initial_stackheap</a>
</UL>
</UL>
<P>
<H3>
Mutually Recursive functions
</H3> <LI><a href="#[21]">ADC_IRQHandler</a>&nbsp;&nbsp;&nbsp;&rArr;&nbsp;&nbsp;&nbsp;<a href="#[21]">ADC_IRQHandler</a><BR>
</UL>
<P>
<H3>
Function Pointers
</H3><UL>
 <LI><a href="#[21]">ADC_IRQHandler</a> from startup_stm32f427_437xx.o(.text) referenced from startup_stm32f427_437xx.o(RESET)
 <LI><a href="#[9]">BusFault_Handler</a> from stm32f4xx_it.o(.text) referenced from startup_stm32f427_437xx.o(RESET)
 <LI><a href="#[23]">CAN1_RX0_IRQHandler</a> from stm32f4xx_it.o(.text) referenced from startup_stm32f427_437xx.o(RESET)
 <LI><a href="#[24]">CAN1_RX1_IRQHandler</a> from startup_stm32f427_437xx.o(.text) referenced from startup_stm32f427_437xx.o(RESET)
 <LI><a href="#[25]">CAN1_SCE_IRQHandler</a> from startup_stm32f427_437xx.o(.text) referenced from startup_stm32f427_437xx.o(RESET)
 <LI><a href="#[22]">CAN1_TX_IRQHandler</a> from stm32f4xx_it.o(.text) referenced from startup_stm32f427_437xx.o(RESET)
 <LI><a href="#[4f]">CAN2_RX0_IRQHandler</a> from stm32f4xx_it.o(.text) referenced from startup_stm32f427_437xx.o(RESET)
 <LI><a href="#[50]">CAN2_RX1_IRQHandler</a> from startup_stm32f427_437xx.o(.text) referenced from startup_stm32f427_437xx.o(RESET)
 <LI><a href="#[51]">CAN2_SCE_IRQHandler</a> from startup_stm32f427_437xx.o(.text) referenced from startup_stm32f427_437xx.o(RESET)
 <LI><a href="#[4e]">CAN2_TX_IRQHandler</a> from stm32f4xx_it.o(.text) referenced from startup_stm32f427_437xx.o(RESET)
 <LI><a href="#[5e]">CRYP_IRQHandler</a> from startup_stm32f427_437xx.o(.text) referenced from startup_stm32f427_437xx.o(RESET)
 <LI><a href="#[5d]">DCMI_IRQHandler</a> from startup_stm32f427_437xx.o(.text) referenced from startup_stm32f427_437xx.o(RESET)
 <LI><a href="#[1a]">DMA1_Stream0_IRQHandler</a> from startup_stm32f427_437xx.o(.text) referenced from startup_stm32f427_437xx.o(RESET)
 <LI><a href="#[1b]">DMA1_Stream1_IRQHandler</a> from startup_stm32f427_437xx.o(.text) referenced from startup_stm32f427_437xx.o(RESET)
 <LI><a href="#[1c]">DMA1_Stream2_IRQHandler</a> from startup_stm32f427_437xx.o(.text) referenced from startup_stm32f427_437xx.o(RESET)
 <LI><a href="#[1d]">DMA1_Stream3_IRQHandler</a> from startup_stm32f427_437xx.o(.text) referenced from startup_stm32f427_437xx.o(RESET)
 <LI><a href="#[1e]">DMA1_Stream4_IRQHandler</a> from startup_stm32f427_437xx.o(.text) referenced from startup_stm32f427_437xx.o(RESET)
 <LI><a href="#[1f]">DMA1_Stream5_IRQHandler</a> from startup_stm32f427_437xx.o(.text) referenced from startup_stm32f427_437xx.o(RESET)
 <LI><a href="#[20]">DMA1_Stream6_IRQHandler</a> from startup_stm32f427_437xx.o(.text) referenced from startup_stm32f427_437xx.o(RESET)
 <LI><a href="#[3e]">DMA1_Stream7_IRQHandler</a> from startup_stm32f427_437xx.o(.text) referenced from startup_stm32f427_437xx.o(RESET)
 <LI><a href="#[67]">DMA2D_IRQHandler</a> from startup_stm32f427_437xx.o(.text) referenced from startup_stm32f427_437xx.o(RESET)
 <LI><a href="#[47]">DMA2_Stream0_IRQHandler</a> from startup_stm32f427_437xx.o(.text) referenced from startup_stm32f427_437xx.o(RESET)
 <LI><a href="#[48]">DMA2_Stream1_IRQHandler</a> from startup_stm32f427_437xx.o(.text) referenced from startup_stm32f427_437xx.o(RESET)
 <LI><a href="#[49]">DMA2_Stream2_IRQHandler</a> from startup_stm32f427_437xx.o(.text) referenced from startup_stm32f427_437xx.o(RESET)
 <LI><a href="#[4a]">DMA2_Stream3_IRQHandler</a> from startup_stm32f427_437xx.o(.text) referenced from startup_stm32f427_437xx.o(RESET)
 <LI><a href="#[4b]">DMA2_Stream4_IRQHandler</a> from startup_stm32f427_437xx.o(.text) referenced from startup_stm32f427_437xx.o(RESET)
 <LI><a href="#[53]">DMA2_Stream5_IRQHandler</a> from ins_task.o(.text) referenced from startup_stm32f427_437xx.o(RESET)
 <LI><a href="#[54]">DMA2_Stream6_IRQHandler</a> from startup_stm32f427_437xx.o(.text) referenced from startup_stm32f427_437xx.o(RESET)
 <LI><a href="#[55]">DMA2_Stream7_IRQHandler</a> from startup_stm32f427_437xx.o(.text) referenced from startup_stm32f427_437xx.o(RESET)
 <LI><a href="#[c]">DebugMon_Handler</a> from stm32f4xx_it.o(.text) referenced from startup_stm32f427_437xx.o(RESET)
 <LI><a href="#[72]">DetectTask</a> from detect_task.o(.text) referenced from start_task.o(.text)
 <LI><a href="#[4c]">ETH_IRQHandler</a> from startup_stm32f427_437xx.o(.text) referenced from startup_stm32f427_437xx.o(RESET)
 <LI><a href="#[4d]">ETH_WKUP_IRQHandler</a> from startup_stm32f427_437xx.o(.text) referenced from startup_stm32f427_437xx.o(RESET)
 <LI><a href="#[15]">EXTI0_IRQHandler</a> from startup_stm32f427_437xx.o(.text) referenced from startup_stm32f427_437xx.o(RESET)
 <LI><a href="#[37]">EXTI15_10_IRQHandler</a> from startup_stm32f427_437xx.o(.text) referenced from startup_stm32f427_437xx.o(RESET)
 <LI><a href="#[16]">EXTI1_IRQHandler</a> from startup_stm32f427_437xx.o(.text) referenced from startup_stm32f427_437xx.o(RESET)
 <LI><a href="#[17]">EXTI2_IRQHandler</a> from stm32f4xx_it.o(.text) referenced from startup_stm32f427_437xx.o(RESET)
 <LI><a href="#[18]">EXTI3_IRQHandler</a> from startup_stm32f427_437xx.o(.text) referenced from startup_stm32f427_437xx.o(RESET)
 <LI><a href="#[19]">EXTI4_IRQHandler</a> from startup_stm32f427_437xx.o(.text) referenced from startup_stm32f427_437xx.o(RESET)
 <LI><a href="#[26]">EXTI9_5_IRQHandler</a> from ins_task.o(.text) referenced from startup_stm32f427_437xx.o(RESET)
 <LI><a href="#[13]">FLASH_IRQHandler</a> from startup_stm32f427_437xx.o(.text) referenced from startup_stm32f427_437xx.o(RESET)
 <LI><a href="#[3f]">FMC_IRQHandler</a> from startup_stm32f427_437xx.o(.text) referenced from startup_stm32f427_437xx.o(RESET)
 <LI><a href="#[60]">FPU_IRQHandler</a> from startup_stm32f427_437xx.o(.text) referenced from startup_stm32f427_437xx.o(RESET)
 <LI><a href="#[70]">GIMBAL_task</a> from gimbal_task.o(.text) referenced from start_task.o(.text)
 <LI><a href="#[5f]">HASH_RNG_IRQHandler</a> from startup_stm32f427_437xx.o(.text) referenced from startup_stm32f427_437xx.o(RESET)
 <LI><a href="#[7]">HardFault_Handler</a> from stm32f4xx_it.o(.text) referenced from startup_stm32f427_437xx.o(RESET)
 <LI><a href="#[2f]">I2C1_ER_IRQHandler</a> from startup_stm32f427_437xx.o(.text) referenced from startup_stm32f427_437xx.o(RESET)
 <LI><a href="#[2e]">I2C1_EV_IRQHandler</a> from startup_stm32f427_437xx.o(.text) referenced from startup_stm32f427_437xx.o(RESET)
 <LI><a href="#[31]">I2C2_ER_IRQHandler</a> from startup_stm32f427_437xx.o(.text) referenced from startup_stm32f427_437xx.o(RESET)
 <LI><a href="#[30]">I2C2_EV_IRQHandler</a> from startup_stm32f427_437xx.o(.text) referenced from startup_stm32f427_437xx.o(RESET)
 <LI><a href="#[58]">I2C3_ER_IRQHandler</a> from startup_stm32f427_437xx.o(.text) referenced from startup_stm32f427_437xx.o(RESET)
 <LI><a href="#[57]">I2C3_EV_IRQHandler</a> from startup_stm32f427_437xx.o(.text) referenced from startup_stm32f427_437xx.o(RESET)
 <LI><a href="#[71]">INSTask</a> from ins_task.o(.text) referenced from start_task.o(.text)
 <LI><a href="#[8]">MemManage_Handler</a> from stm32f4xx_it.o(.text) referenced from startup_stm32f427_437xx.o(RESET)
 <LI><a href="#[6]">NMI_Handler</a> from stm32f4xx_it.o(.text) referenced from startup_stm32f427_437xx.o(RESET)
 <LI><a href="#[52]">OTG_FS_IRQHandler</a> from startup_stm32f427_437xx.o(.text) referenced from startup_stm32f427_437xx.o(RESET)
 <LI><a href="#[39]">OTG_FS_WKUP_IRQHandler</a> from startup_stm32f427_437xx.o(.text) referenced from startup_stm32f427_437xx.o(RESET)
 <LI><a href="#[5a]">OTG_HS_EP1_IN_IRQHandler</a> from startup_stm32f427_437xx.o(.text) referenced from startup_stm32f427_437xx.o(RESET)
 <LI><a href="#[59]">OTG_HS_EP1_OUT_IRQHandler</a> from startup_stm32f427_437xx.o(.text) referenced from startup_stm32f427_437xx.o(RESET)
 <LI><a href="#[5c]">OTG_HS_IRQHandler</a> from startup_stm32f427_437xx.o(.text) referenced from startup_stm32f427_437xx.o(RESET)
 <LI><a href="#[5b]">OTG_HS_WKUP_IRQHandler</a> from startup_stm32f427_437xx.o(.text) referenced from startup_stm32f427_437xx.o(RESET)
 <LI><a href="#[10]">PVD_IRQHandler</a> from startup_stm32f427_437xx.o(.text) referenced from startup_stm32f427_437xx.o(RESET)
 <LI><a href="#[d]">PendSV_Handler</a> from port.o(.emb_text) referenced from startup_stm32f427_437xx.o(RESET)
 <LI><a href="#[14]">RCC_IRQHandler</a> from startup_stm32f427_437xx.o(.text) referenced from startup_stm32f427_437xx.o(RESET)
 <LI><a href="#[6d]">RC_data_is_error</a> from remotdbus.o(.text) referenced from detect_task.o(.text)
 <LI><a href="#[38]">RTC_Alarm_IRQHandler</a> from startup_stm32f427_437xx.o(.text) referenced from startup_stm32f427_437xx.o(RESET)
 <LI><a href="#[12]">RTC_WKUP_IRQHandler</a> from startup_stm32f427_437xx.o(.text) referenced from startup_stm32f427_437xx.o(RESET)
 <LI><a href="#[5]">Reset_Handler</a> from startup_stm32f427_437xx.o(.text) referenced from startup_stm32f427_437xx.o(RESET)
 <LI><a href="#[66]">SAI1_IRQHandler</a> from startup_stm32f427_437xx.o(.text) referenced from startup_stm32f427_437xx.o(RESET)
 <LI><a href="#[40]">SDIO_IRQHandler</a> from startup_stm32f427_437xx.o(.text) referenced from startup_stm32f427_437xx.o(RESET)
 <LI><a href="#[32]">SPI1_IRQHandler</a> from startup_stm32f427_437xx.o(.text) referenced from startup_stm32f427_437xx.o(RESET)
 <LI><a href="#[33]">SPI2_IRQHandler</a> from startup_stm32f427_437xx.o(.text) referenced from startup_stm32f427_437xx.o(RESET)
 <LI><a href="#[42]">SPI3_IRQHandler</a> from startup_stm32f427_437xx.o(.text) referenced from startup_stm32f427_437xx.o(RESET)
 <LI><a href="#[63]">SPI4_IRQHandler</a> from startup_stm32f427_437xx.o(.text) referenced from startup_stm32f427_437xx.o(RESET)
 <LI><a href="#[64]">SPI5_IRQHandler</a> from startup_stm32f427_437xx.o(.text) referenced from startup_stm32f427_437xx.o(RESET)
 <LI><a href="#[65]">SPI6_IRQHandler</a> from startup_stm32f427_437xx.o(.text) referenced from startup_stm32f427_437xx.o(RESET)
 <LI><a href="#[b]">SVC_Handler</a> from port.o(.emb_text) referenced from startup_stm32f427_437xx.o(RESET)
 <LI><a href="#[223]">Sned_MainFoucs_Task</a> from start_task.o(.text) referenced from start_task.o(.text)
 <LI><a href="#[e]">SysTick_Handler</a> from delay.o(.text) referenced from startup_stm32f427_437xx.o(RESET)
 <LI><a href="#[68]">SystemInit</a> from system_stm32f4xx.o(.text) referenced from startup_stm32f427_437xx.o(.text)
 <LI><a href="#[11]">TAMP_STAMP_IRQHandler</a> from startup_stm32f427_437xx.o(.text) referenced from startup_stm32f427_437xx.o(RESET)
 <LI><a href="#[27]">TIM1_BRK_TIM9_IRQHandler</a> from startup_stm32f427_437xx.o(.text) referenced from startup_stm32f427_437xx.o(RESET)
 <LI><a href="#[2a]">TIM1_CC_IRQHandler</a> from startup_stm32f427_437xx.o(.text) referenced from startup_stm32f427_437xx.o(RESET)
 <LI><a href="#[29]">TIM1_TRG_COM_TIM11_IRQHandler</a> from startup_stm32f427_437xx.o(.text) referenced from startup_stm32f427_437xx.o(RESET)
 <LI><a href="#[28]">TIM1_UP_TIM10_IRQHandler</a> from startup_stm32f427_437xx.o(.text) referenced from startup_stm32f427_437xx.o(RESET)
 <LI><a href="#[2b]">TIM2_IRQHandler</a> from stm32f4xx_it.o(.text) referenced from startup_stm32f427_437xx.o(RESET)
 <LI><a href="#[2c]">TIM3_IRQHandler</a> from timer.o(.text) referenced from startup_stm32f427_437xx.o(RESET)
 <LI><a href="#[2d]">TIM4_IRQHandler</a> from basicperipherals.o(.text) referenced from startup_stm32f427_437xx.o(RESET)
 <LI><a href="#[41]">TIM5_IRQHandler</a> from startup_stm32f427_437xx.o(.text) referenced from startup_stm32f427_437xx.o(RESET)
 <LI><a href="#[45]">TIM6_DAC_IRQHandler</a> from startup_stm32f427_437xx.o(.text) referenced from startup_stm32f427_437xx.o(RESET)
 <LI><a href="#[46]">TIM7_IRQHandler</a> from startup_stm32f427_437xx.o(.text) referenced from startup_stm32f427_437xx.o(RESET)
 <LI><a href="#[3a]">TIM8_BRK_TIM12_IRQHandler</a> from startup_stm32f427_437xx.o(.text) referenced from startup_stm32f427_437xx.o(RESET)
 <LI><a href="#[3d]">TIM8_CC_IRQHandler</a> from startup_stm32f427_437xx.o(.text) referenced from startup_stm32f427_437xx.o(RESET)
 <LI><a href="#[3c]">TIM8_TRG_COM_TIM14_IRQHandler</a> from startup_stm32f427_437xx.o(.text) referenced from startup_stm32f427_437xx.o(RESET)
 <LI><a href="#[3b]">TIM8_UP_TIM13_IRQHandler</a> from startup_stm32f427_437xx.o(.text) referenced from startup_stm32f427_437xx.o(RESET)
 <LI><a href="#[43]">UART4_IRQHandler</a> from startup_stm32f427_437xx.o(.text) referenced from startup_stm32f427_437xx.o(RESET)
 <LI><a href="#[44]">UART5_IRQHandler</a> from startup_stm32f427_437xx.o(.text) referenced from startup_stm32f427_437xx.o(RESET)
 <LI><a href="#[61]">UART7_IRQHandler</a> from startup_stm32f427_437xx.o(.text) referenced from startup_stm32f427_437xx.o(RESET)
 <LI><a href="#[62]">UART8_IRQHandler</a> from startup_stm32f427_437xx.o(.text) referenced from startup_stm32f427_437xx.o(RESET)
 <LI><a href="#[34]">USART1_IRQHandler</a> from stm32f4xx_it.o(.text) referenced from startup_stm32f427_437xx.o(RESET)
 <LI><a href="#[35]">USART2_IRQHandler</a> from startup_stm32f427_437xx.o(.text) referenced from startup_stm32f427_437xx.o(RESET)
 <LI><a href="#[36]">USART3_IRQHandler</a> from stm32f4xx_it.o(.text) referenced from startup_stm32f427_437xx.o(RESET)
 <LI><a href="#[56]">USART6_IRQHandler</a> from referee.o(.text) referenced from startup_stm32f427_437xx.o(RESET)
 <LI><a href="#[a]">UsageFault_Handler</a> from stm32f4xx_it.o(.text) referenced from startup_stm32f427_437xx.o(RESET)
 <LI><a href="#[f]">WWDG_IRQHandler</a> from startup_stm32f427_437xx.o(.text) referenced from startup_stm32f427_437xx.o(RESET)
 <LI><a href="#[76]">__main</a> from __main.o(!!!main) referenced from startup_stm32f427_437xx.o(.text)
 <LI><a href="#[75]">_printf_input_char</a> from _printf_char_common.o(.text) referenced from _printf_char_common.o(.text)
 <LI><a href="#[74]">_sputc</a> from _sputc.o(.text) referenced from noretval__2sprintf.o(.text)
 <LI><a href="#[3]">cali_gimbal_hook</a> from calibrate_task.o(.text) referenced 2 times from calibrate_task.o(.data)
 <LI><a href="#[4]">cali_gyro_hook</a> from calibrate_task.o(.text) referenced 2 times from calibrate_task.o(.data)
 <LI><a href="#[2]">cali_head_hook</a> from calibrate_task.o(.text) referenced 2 times from calibrate_task.o(.data)
 <LI><a href="#[73]">calibrate_task</a> from calibrate_task.o(.text) referenced from start_task.o(.text)
 <LI><a href="#[6b]">prvIdleTask</a> from tasks.o(.text) referenced from tasks.o(.text)
 <LI><a href="#[6a]">prvTaskExitError</a> from port.o(.text) referenced from port.o(.text)
 <LI><a href="#[6c]">prvTimerTask</a> from timers.o(.text) referenced from timers.o(.text)
 <LI><a href="#[6e]">slove_RC_lost</a> from remotdbus.o(.text) referenced from detect_task.o(.text)
 <LI><a href="#[6f]">slove_data_error</a> from remotdbus.o(.text) referenced from detect_task.o(.text)
 <LI><a href="#[227]">start_task</a> from start_task.o(.text) referenced from start_task.o(.text)
</UL>
<P>
<H3>
Global Symbols
</H3>
<P><STRONG><a name="[76]"></a>__main</STRONG> (Thumb, 8 bytes, Stack size 0 bytes, __main.o(!!!main))
<BR><BR>[Calls]<UL><LI><a href="#[77]">&gt;&gt;</a>&nbsp;&nbsp;&nbsp;__scatterload
<LI><a href="#[78]">&gt;&gt;</a>&nbsp;&nbsp;&nbsp;__rt_entry
</UL>

<P><STRONG><a name="[77]"></a>__scatterload</STRONG> (Thumb, 0 bytes, Stack size unknown bytes, __scatter.o(!!!scatter))
<BR><BR>[Called By]<UL><LI><a href="#[76]">&gt;&gt;</a>&nbsp;&nbsp;&nbsp;__main
</UL>

<P><STRONG><a name="[79]"></a>__scatterload_rt2</STRONG> (Thumb, 44 bytes, Stack size unknown bytes, __scatter.o(!!!scatter), UNUSED)
<BR><BR>[Calls]<UL><LI><a href="#[78]">&gt;&gt;</a>&nbsp;&nbsp;&nbsp;__rt_entry
</UL>

<P><STRONG><a name="[297]"></a>__scatterload_rt2_thumb_only</STRONG> (Thumb, 0 bytes, Stack size unknown bytes, __scatter.o(!!!scatter), UNUSED)

<P><STRONG><a name="[298]"></a>__scatterload_null</STRONG> (Thumb, 0 bytes, Stack size unknown bytes, __scatter.o(!!!scatter), UNUSED)

<P><STRONG><a name="[299]"></a>__decompress</STRONG> (Thumb, 90 bytes, Stack size unknown bytes, __dczerorl2.o(!!dczerorl2), UNUSED)

<P><STRONG><a name="[29a]"></a>__decompress1</STRONG> (Thumb, 0 bytes, Stack size unknown bytes, __dczerorl2.o(!!dczerorl2), UNUSED)

<P><STRONG><a name="[29b]"></a>__scatterload_zeroinit</STRONG> (Thumb, 28 bytes, Stack size unknown bytes, __scatter_zi.o(!!handler_zi), UNUSED)

<P><STRONG><a name="[25f]"></a>_printf_percent</STRONG> (Thumb, 0 bytes, Stack size unknown bytes, _printf_percent.o(.ARM.Collect$$_printf_percent$$00000000))
<BR><BR>[Called By]<UL><LI><a href="#[25e]">&gt;&gt;</a>&nbsp;&nbsp;&nbsp;__printf
</UL>

<P><STRONG><a name="[7a]"></a>_printf_u</STRONG> (Thumb, 0 bytes, Stack size unknown bytes, _printf_u.o(.ARM.Collect$$_printf_percent$$0000000A))
<BR><BR>[Stack]<UL><LI>Max Depth = 56 + Unknown Stack Size
<LI>Call Chain = _printf_u &rArr; _printf_int_dec &rArr; _printf_int_common
</UL>
<BR>[Calls]<UL><LI><a href="#[7b]">&gt;&gt;</a>&nbsp;&nbsp;&nbsp;_printf_int_dec
</UL>

<P><STRONG><a name="[7c]"></a>_printf_c</STRONG> (Thumb, 0 bytes, Stack size unknown bytes, _printf_c.o(.ARM.Collect$$_printf_percent$$00000013))
<BR><BR>[Stack]<UL><LI>Max Depth = 24 + Unknown Stack Size
<LI>Call Chain = _printf_c &rArr; _printf_char &rArr; _printf_cs_common &rArr; _printf_str
</UL>
<BR>[Calls]<UL><LI><a href="#[7d]">&gt;&gt;</a>&nbsp;&nbsp;&nbsp;_printf_char
</UL>

<P><STRONG><a name="[29c]"></a>_printf_percent_end</STRONG> (Thumb, 0 bytes, Stack size unknown bytes, _printf_percent_end.o(.ARM.Collect$$_printf_percent$$00000017))

<P><STRONG><a name="[83]"></a>__rt_lib_init</STRONG> (Thumb, 0 bytes, Stack size unknown bytes, libinit.o(.ARM.Collect$$libinit$$00000000))
<BR><BR>[Called By]<UL><LI><a href="#[82]">&gt;&gt;</a>&nbsp;&nbsp;&nbsp;__rt_entry_li
</UL>

<P><STRONG><a name="[7e]"></a>__rt_lib_init_fp_1</STRONG> (Thumb, 0 bytes, Stack size unknown bytes, libinit2.o(.ARM.Collect$$libinit$$00000001))
<BR><BR>[Calls]<UL><LI><a href="#[7f]">&gt;&gt;</a>&nbsp;&nbsp;&nbsp;_fp_init
</UL>

<P><STRONG><a name="[29d]"></a>__rt_lib_init_alloca_1</STRONG> (Thumb, 0 bytes, Stack size unknown bytes, libinit2.o(.ARM.Collect$$libinit$$0000002E))

<P><STRONG><a name="[29e]"></a>__rt_lib_init_argv_1</STRONG> (Thumb, 0 bytes, Stack size unknown bytes, libinit2.o(.ARM.Collect$$libinit$$0000002C))

<P><STRONG><a name="[29f]"></a>__rt_lib_init_atexit_1</STRONG> (Thumb, 0 bytes, Stack size unknown bytes, libinit2.o(.ARM.Collect$$libinit$$0000001B))

<P><STRONG><a name="[2a0]"></a>__rt_lib_init_clock_1</STRONG> (Thumb, 0 bytes, Stack size unknown bytes, libinit2.o(.ARM.Collect$$libinit$$00000021))

<P><STRONG><a name="[2a1]"></a>__rt_lib_init_cpp_1</STRONG> (Thumb, 0 bytes, Stack size unknown bytes, libinit2.o(.ARM.Collect$$libinit$$00000032))

<P><STRONG><a name="[2a2]"></a>__rt_lib_init_exceptions_1</STRONG> (Thumb, 0 bytes, Stack size unknown bytes, libinit2.o(.ARM.Collect$$libinit$$00000030))

<P><STRONG><a name="[2a3]"></a>__rt_lib_init_fp_trap_1</STRONG> (Thumb, 0 bytes, Stack size unknown bytes, libinit2.o(.ARM.Collect$$libinit$$0000001F))

<P><STRONG><a name="[2a4]"></a>__rt_lib_init_getenv_1</STRONG> (Thumb, 0 bytes, Stack size unknown bytes, libinit2.o(.ARM.Collect$$libinit$$00000023))

<P><STRONG><a name="[2a5]"></a>__rt_lib_init_heap_1</STRONG> (Thumb, 0 bytes, Stack size unknown bytes, libinit2.o(.ARM.Collect$$libinit$$0000000A))

<P><STRONG><a name="[2a6]"></a>__rt_lib_init_lc_collate_1</STRONG> (Thumb, 0 bytes, Stack size unknown bytes, libinit2.o(.ARM.Collect$$libinit$$00000011))

<P><STRONG><a name="[2a7]"></a>__rt_lib_init_lc_ctype_1</STRONG> (Thumb, 0 bytes, Stack size unknown bytes, libinit2.o(.ARM.Collect$$libinit$$00000013))

<P><STRONG><a name="[2a8]"></a>__rt_lib_init_lc_monetary_1</STRONG> (Thumb, 0 bytes, Stack size unknown bytes, libinit2.o(.ARM.Collect$$libinit$$00000015))

<P><STRONG><a name="[2a9]"></a>__rt_lib_init_lc_numeric_1</STRONG> (Thumb, 0 bytes, Stack size unknown bytes, libinit2.o(.ARM.Collect$$libinit$$00000017))

<P><STRONG><a name="[2aa]"></a>__rt_lib_init_lc_time_1</STRONG> (Thumb, 0 bytes, Stack size unknown bytes, libinit2.o(.ARM.Collect$$libinit$$00000019))

<P><STRONG><a name="[2ab]"></a>__rt_lib_init_preinit_1</STRONG> (Thumb, 0 bytes, Stack size unknown bytes, libinit2.o(.ARM.Collect$$libinit$$00000004))

<P><STRONG><a name="[2ac]"></a>__rt_lib_init_rand_1</STRONG> (Thumb, 0 bytes, Stack size unknown bytes, libinit2.o(.ARM.Collect$$libinit$$0000000E))

<P><STRONG><a name="[2ad]"></a>__rt_lib_init_return</STRONG> (Thumb, 0 bytes, Stack size unknown bytes, libinit2.o(.ARM.Collect$$libinit$$00000033))

<P><STRONG><a name="[2ae]"></a>__rt_lib_init_signal_1</STRONG> (Thumb, 0 bytes, Stack size unknown bytes, libinit2.o(.ARM.Collect$$libinit$$0000001D))

<P><STRONG><a name="[2af]"></a>__rt_lib_init_stdio_1</STRONG> (Thumb, 0 bytes, Stack size unknown bytes, libinit2.o(.ARM.Collect$$libinit$$00000025))

<P><STRONG><a name="[2b0]"></a>__rt_lib_init_user_alloc_1</STRONG> (Thumb, 0 bytes, Stack size unknown bytes, libinit2.o(.ARM.Collect$$libinit$$0000000C))

<P><STRONG><a name="[88]"></a>__rt_lib_shutdown</STRONG> (Thumb, 0 bytes, Stack size unknown bytes, libshutdown.o(.ARM.Collect$$libshutdown$$00000000))
<BR><BR>[Called By]<UL><LI><a href="#[87]">&gt;&gt;</a>&nbsp;&nbsp;&nbsp;__rt_exit_ls
</UL>

<P><STRONG><a name="[2b1]"></a>__rt_lib_shutdown_cpp_1</STRONG> (Thumb, 0 bytes, Stack size unknown bytes, libshutdown2.o(.ARM.Collect$$libshutdown$$00000002))

<P><STRONG><a name="[2b2]"></a>__rt_lib_shutdown_fp_trap_1</STRONG> (Thumb, 0 bytes, Stack size unknown bytes, libshutdown2.o(.ARM.Collect$$libshutdown$$00000007))

<P><STRONG><a name="[2b3]"></a>__rt_lib_shutdown_heap_1</STRONG> (Thumb, 0 bytes, Stack size unknown bytes, libshutdown2.o(.ARM.Collect$$libshutdown$$0000000F))

<P><STRONG><a name="[2b4]"></a>__rt_lib_shutdown_return</STRONG> (Thumb, 0 bytes, Stack size unknown bytes, libshutdown2.o(.ARM.Collect$$libshutdown$$00000010))

<P><STRONG><a name="[2b5]"></a>__rt_lib_shutdown_signal_1</STRONG> (Thumb, 0 bytes, Stack size unknown bytes, libshutdown2.o(.ARM.Collect$$libshutdown$$0000000A))

<P><STRONG><a name="[2b6]"></a>__rt_lib_shutdown_stdio_1</STRONG> (Thumb, 0 bytes, Stack size unknown bytes, libshutdown2.o(.ARM.Collect$$libshutdown$$00000004))

<P><STRONG><a name="[2b7]"></a>__rt_lib_shutdown_user_alloc_1</STRONG> (Thumb, 0 bytes, Stack size unknown bytes, libshutdown2.o(.ARM.Collect$$libshutdown$$0000000C))

<P><STRONG><a name="[78]"></a>__rt_entry</STRONG> (Thumb, 0 bytes, Stack size unknown bytes, __rtentry.o(.ARM.Collect$$rtentry$$00000000))
<BR><BR>[Called By]<UL><LI><a href="#[79]">&gt;&gt;</a>&nbsp;&nbsp;&nbsp;__scatterload_rt2
<LI><a href="#[76]">&gt;&gt;</a>&nbsp;&nbsp;&nbsp;__main
</UL>

<P><STRONG><a name="[2b8]"></a>__rt_entry_presh_1</STRONG> (Thumb, 0 bytes, Stack size unknown bytes, __rtentry2.o(.ARM.Collect$$rtentry$$00000002))

<P><STRONG><a name="[80]"></a>__rt_entry_sh</STRONG> (Thumb, 0 bytes, Stack size unknown bytes, __rtentry4.o(.ARM.Collect$$rtentry$$00000004))
<BR><BR>[Stack]<UL><LI>Max Depth = 8 + Unknown Stack Size
<LI>Call Chain = __rt_entry_sh &rArr; __user_setup_stackheap
</UL>
<BR>[Calls]<UL><LI><a href="#[81]">&gt;&gt;</a>&nbsp;&nbsp;&nbsp;__user_setup_stackheap
</UL>

<P><STRONG><a name="[82]"></a>__rt_entry_li</STRONG> (Thumb, 0 bytes, Stack size unknown bytes, __rtentry2.o(.ARM.Collect$$rtentry$$0000000A))
<BR><BR>[Calls]<UL><LI><a href="#[83]">&gt;&gt;</a>&nbsp;&nbsp;&nbsp;__rt_lib_init
</UL>

<P><STRONG><a name="[2b9]"></a>__rt_entry_postsh_1</STRONG> (Thumb, 0 bytes, Stack size unknown bytes, __rtentry2.o(.ARM.Collect$$rtentry$$00000009))

<P><STRONG><a name="[84]"></a>__rt_entry_main</STRONG> (Thumb, 0 bytes, Stack size unknown bytes, __rtentry2.o(.ARM.Collect$$rtentry$$0000000D))
<BR><BR>[Stack]<UL><LI>Max Depth = 172 + Unknown Stack Size
<LI>Call Chain = __rt_entry_main &rArr; main &rArr; BSP_Init &rArr; RemotDbus_Init &rArr; USART_Init &rArr; RCC_GetClocksFreq
</UL>
<BR>[Calls]<UL><LI><a href="#[85]">&gt;&gt;</a>&nbsp;&nbsp;&nbsp;main
<LI><a href="#[86]">&gt;&gt;</a>&nbsp;&nbsp;&nbsp;exit
</UL>

<P><STRONG><a name="[2ba]"></a>__rt_entry_postli_1</STRONG> (Thumb, 0 bytes, Stack size unknown bytes, __rtentry2.o(.ARM.Collect$$rtentry$$0000000C))

<P><STRONG><a name="[26f]"></a>__rt_exit</STRONG> (Thumb, 0 bytes, Stack size unknown bytes, rtexit.o(.ARM.Collect$$rtexit$$00000000))
<BR><BR>[Called By]<UL><LI><a href="#[86]">&gt;&gt;</a>&nbsp;&nbsp;&nbsp;exit
</UL>

<P><STRONG><a name="[87]"></a>__rt_exit_ls</STRONG> (Thumb, 0 bytes, Stack size unknown bytes, rtexit2.o(.ARM.Collect$$rtexit$$00000003))
<BR><BR>[Calls]<UL><LI><a href="#[88]">&gt;&gt;</a>&nbsp;&nbsp;&nbsp;__rt_lib_shutdown
</UL>

<P><STRONG><a name="[2bb]"></a>__rt_exit_prels_1</STRONG> (Thumb, 0 bytes, Stack size unknown bytes, rtexit2.o(.ARM.Collect$$rtexit$$00000002))

<P><STRONG><a name="[89]"></a>__rt_exit_exit</STRONG> (Thumb, 0 bytes, Stack size unknown bytes, rtexit2.o(.ARM.Collect$$rtexit$$00000004))
<BR><BR>[Calls]<UL><LI><a href="#[8a]">&gt;&gt;</a>&nbsp;&nbsp;&nbsp;_sys_exit
</UL>

<P><STRONG><a name="[b]"></a>SVC_Handler</STRONG> (Thumb, 28 bytes, Stack size 0 bytes, port.o(.emb_text))
<BR>[Address Reference Count : 1]<UL><LI> startup_stm32f427_437xx.o(RESET)
</UL>
<P><STRONG><a name="[16d]"></a>__asm___6_port_c_39a90d8d__prvStartFirstTask</STRONG> (Thumb, 36 bytes, Stack size 0 bytes, port.o(.emb_text))
<BR><BR>[Called By]<UL><LI><a href="#[16a]">&gt;&gt;</a>&nbsp;&nbsp;&nbsp;xPortStartScheduler
</UL>

<P><STRONG><a name="[16c]"></a>__asm___6_port_c_39a90d8d__prvEnableVFP</STRONG> (Thumb, 16 bytes, Stack size 0 bytes, port.o(.emb_text))
<BR><BR>[Called By]<UL><LI><a href="#[16a]">&gt;&gt;</a>&nbsp;&nbsp;&nbsp;xPortStartScheduler
</UL>

<P><STRONG><a name="[d]"></a>PendSV_Handler</STRONG> (Thumb, 88 bytes, Stack size 0 bytes, port.o(.emb_text))
<BR><BR>[Calls]<UL><LI><a href="#[8b]">&gt;&gt;</a>&nbsp;&nbsp;&nbsp;vTaskSwitchContext
</UL>
<BR>[Address Reference Count : 1]<UL><LI> startup_stm32f427_437xx.o(RESET)
</UL>
<P><STRONG><a name="[170]"></a>vPortGetIPSR</STRONG> (Thumb, 6 bytes, Stack size 0 bytes, port.o(.emb_text))
<BR><BR>[Called By]<UL><LI><a href="#[16f]">&gt;&gt;</a>&nbsp;&nbsp;&nbsp;vPortValidateInterruptPriority
</UL>

<P><STRONG><a name="[8c]"></a>BSP_Init</STRONG> (Thumb, 102 bytes, Stack size 8 bytes, main.o(.text))
<BR><BR>[Stack]<UL><LI>Max Depth = 172<LI>Call Chain = BSP_Init &rArr; RemotDbus_Init &rArr; USART_Init &rArr; RCC_GetClocksFreq
</UL>
<BR>[Calls]<UL><LI><a href="#[92]">&gt;&gt;</a>&nbsp;&nbsp;&nbsp;uart_init
<LI><a href="#[96]">&gt;&gt;</a>&nbsp;&nbsp;&nbsp;temperature_ADC_init
<LI><a href="#[98]">&gt;&gt;</a>&nbsp;&nbsp;&nbsp;power_ctrl_on
<LI><a href="#[97]">&gt;&gt;</a>&nbsp;&nbsp;&nbsp;power_ctrl_configuration
<LI><a href="#[99]">&gt;&gt;</a>&nbsp;&nbsp;&nbsp;delay_us
<LI><a href="#[8e]">&gt;&gt;</a>&nbsp;&nbsp;&nbsp;delay_init
<LI><a href="#[9b]">&gt;&gt;</a>&nbsp;&nbsp;&nbsp;cali_param_init
<LI><a href="#[90]">&gt;&gt;</a>&nbsp;&nbsp;&nbsp;buzzer_init
<LI><a href="#[9a]">&gt;&gt;</a>&nbsp;&nbsp;&nbsp;RemotDbus_Init
<LI><a href="#[95]">&gt;&gt;</a>&nbsp;&nbsp;&nbsp;Referee_init
<LI><a href="#[8d]">&gt;&gt;</a>&nbsp;&nbsp;&nbsp;NVIC_PriorityGroupConfig
<LI><a href="#[93]">&gt;&gt;</a>&nbsp;&nbsp;&nbsp;MoterCanInit
<LI><a href="#[94]">&gt;&gt;</a>&nbsp;&nbsp;&nbsp;MainFocusConfig
<LI><a href="#[91]">&gt;&gt;</a>&nbsp;&nbsp;&nbsp;FrictionMoterPWM_Init
<LI><a href="#[8f]">&gt;&gt;</a>&nbsp;&nbsp;&nbsp;BasicPreiph_Init
</UL>
<BR>[Called By]<UL><LI><a href="#[85]">&gt;&gt;</a>&nbsp;&nbsp;&nbsp;main
</UL>

<P><STRONG><a name="[85]"></a>main</STRONG> (Thumb, 16 bytes, Stack size 0 bytes, main.o(.text))
<BR><BR>[Stack]<UL><LI>Max Depth = 172 + Unknown Stack Size
<LI>Call Chain = main &rArr; BSP_Init &rArr; RemotDbus_Init &rArr; USART_Init &rArr; RCC_GetClocksFreq
</UL>
<BR>[Calls]<UL><LI><a href="#[9d]">&gt;&gt;</a>&nbsp;&nbsp;&nbsp;vTaskStartScheduler
<LI><a href="#[9c]">&gt;&gt;</a>&nbsp;&nbsp;&nbsp;StartTask
<LI><a href="#[8c]">&gt;&gt;</a>&nbsp;&nbsp;&nbsp;BSP_Init
</UL>
<BR>[Called By]<UL><LI><a href="#[84]">&gt;&gt;</a>&nbsp;&nbsp;&nbsp;__rt_entry_main
</UL>

<P><STRONG><a name="[6]"></a>NMI_Handler</STRONG> (Thumb, 2 bytes, Stack size 0 bytes, stm32f4xx_it.o(.text))
<BR>[Address Reference Count : 1]<UL><LI> startup_stm32f427_437xx.o(RESET)
</UL>
<P><STRONG><a name="[7]"></a>HardFault_Handler</STRONG> (Thumb, 4 bytes, Stack size 0 bytes, stm32f4xx_it.o(.text))
<BR>[Address Reference Count : 1]<UL><LI> startup_stm32f427_437xx.o(RESET)
</UL>
<P><STRONG><a name="[8]"></a>MemManage_Handler</STRONG> (Thumb, 4 bytes, Stack size 0 bytes, stm32f4xx_it.o(.text))
<BR>[Address Reference Count : 1]<UL><LI> startup_stm32f427_437xx.o(RESET)
</UL>
<P><STRONG><a name="[9]"></a>BusFault_Handler</STRONG> (Thumb, 4 bytes, Stack size 0 bytes, stm32f4xx_it.o(.text))
<BR>[Address Reference Count : 1]<UL><LI> startup_stm32f427_437xx.o(RESET)
</UL>
<P><STRONG><a name="[a]"></a>UsageFault_Handler</STRONG> (Thumb, 4 bytes, Stack size 0 bytes, stm32f4xx_it.o(.text))
<BR>[Address Reference Count : 1]<UL><LI> startup_stm32f427_437xx.o(RESET)
</UL>
<P><STRONG><a name="[c]"></a>DebugMon_Handler</STRONG> (Thumb, 2 bytes, Stack size 0 bytes, stm32f4xx_it.o(.text))
<BR>[Address Reference Count : 1]<UL><LI> startup_stm32f427_437xx.o(RESET)
</UL>
<P><STRONG><a name="[17]"></a>EXTI2_IRQHandler</STRONG> (Thumb, 16 bytes, Stack size 8 bytes, stm32f4xx_it.o(.text))
<BR><BR>[Stack]<UL><LI>Max Depth = 8<LI>Call Chain = EXTI2_IRQHandler
</UL>
<BR>[Calls]<UL><LI><a href="#[9e]">&gt;&gt;</a>&nbsp;&nbsp;&nbsp;EXTI_GetITStatus
<LI><a href="#[9f]">&gt;&gt;</a>&nbsp;&nbsp;&nbsp;EXTI_ClearITPendingBit
</UL>
<BR>[Address Reference Count : 1]<UL><LI> startup_stm32f427_437xx.o(RESET)
</UL>
<P><STRONG><a name="[34]"></a>USART1_IRQHandler</STRONG> (Thumb, 216 bytes, Stack size 8 bytes, stm32f4xx_it.o(.text))
<BR><BR>[Stack]<UL><LI>Max Depth = 24<LI>Call Chain = USART1_IRQHandler &rArr; USART_GetITStatus
</UL>
<BR>[Calls]<UL><LI><a href="#[a1]">&gt;&gt;</a>&nbsp;&nbsp;&nbsp;USART_ReceiveData
<LI><a href="#[a0]">&gt;&gt;</a>&nbsp;&nbsp;&nbsp;USART_GetITStatus
<LI><a href="#[a7]">&gt;&gt;</a>&nbsp;&nbsp;&nbsp;SBUS_TO_RC
<LI><a href="#[a8]">&gt;&gt;</a>&nbsp;&nbsp;&nbsp;DetectHook
<LI><a href="#[a5]">&gt;&gt;</a>&nbsp;&nbsp;&nbsp;DMA_SetCurrDataCounter
<LI><a href="#[a2]">&gt;&gt;</a>&nbsp;&nbsp;&nbsp;DMA_GetCurrentMemoryTarget
<LI><a href="#[a4]">&gt;&gt;</a>&nbsp;&nbsp;&nbsp;DMA_GetCurrDataCounter
<LI><a href="#[a3]">&gt;&gt;</a>&nbsp;&nbsp;&nbsp;DMA_Cmd
<LI><a href="#[a6]">&gt;&gt;</a>&nbsp;&nbsp;&nbsp;DMA_ClearFlag
</UL>
<BR>[Address Reference Count : 1]<UL><LI> startup_stm32f427_437xx.o(RESET)
</UL>
<P><STRONG><a name="[23]"></a>CAN1_RX0_IRQHandler</STRONG> (Thumb, 52 bytes, Stack size 24 bytes, stm32f4xx_it.o(.text))
<BR><BR>[Stack]<UL><LI>Max Depth = 48<LI>Call Chain = CAN1_RX0_IRQHandler &rArr; CAN_hook &rArr; DetectHook
</UL>
<BR>[Calls]<UL><LI><a href="#[ad]">&gt;&gt;</a>&nbsp;&nbsp;&nbsp;CAN_hook
<LI><a href="#[ac]">&gt;&gt;</a>&nbsp;&nbsp;&nbsp;CAN_Receive
<LI><a href="#[a9]">&gt;&gt;</a>&nbsp;&nbsp;&nbsp;CAN_GetITStatus
<LI><a href="#[aa]">&gt;&gt;</a>&nbsp;&nbsp;&nbsp;CAN_ClearITPendingBit
<LI><a href="#[ab]">&gt;&gt;</a>&nbsp;&nbsp;&nbsp;CAN_ClearFlag
</UL>
<BR>[Address Reference Count : 1]<UL><LI> startup_stm32f427_437xx.o(RESET)
</UL>
<P><STRONG><a name="[4f]"></a>CAN2_RX0_IRQHandler</STRONG> (Thumb, 52 bytes, Stack size 24 bytes, stm32f4xx_it.o(.text))
<BR><BR>[Stack]<UL><LI>Max Depth = 48<LI>Call Chain = CAN2_RX0_IRQHandler &rArr; CAN_hook &rArr; DetectHook
</UL>
<BR>[Calls]<UL><LI><a href="#[ad]">&gt;&gt;</a>&nbsp;&nbsp;&nbsp;CAN_hook
<LI><a href="#[ac]">&gt;&gt;</a>&nbsp;&nbsp;&nbsp;CAN_Receive
<LI><a href="#[a9]">&gt;&gt;</a>&nbsp;&nbsp;&nbsp;CAN_GetITStatus
<LI><a href="#[aa]">&gt;&gt;</a>&nbsp;&nbsp;&nbsp;CAN_ClearITPendingBit
<LI><a href="#[ab]">&gt;&gt;</a>&nbsp;&nbsp;&nbsp;CAN_ClearFlag
</UL>
<BR>[Address Reference Count : 1]<UL><LI> startup_stm32f427_437xx.o(RESET)
</UL>
<P><STRONG><a name="[4e]"></a>CAN2_TX_IRQHandler</STRONG> (Thumb, 22 bytes, Stack size 8 bytes, stm32f4xx_it.o(.text))
<BR><BR>[Stack]<UL><LI>Max Depth = 24<LI>Call Chain = CAN2_TX_IRQHandler &rArr; CAN_GetITStatus
</UL>
<BR>[Calls]<UL><LI><a href="#[a9]">&gt;&gt;</a>&nbsp;&nbsp;&nbsp;CAN_GetITStatus
<LI><a href="#[aa]">&gt;&gt;</a>&nbsp;&nbsp;&nbsp;CAN_ClearITPendingBit
</UL>
<BR>[Address Reference Count : 1]<UL><LI> startup_stm32f427_437xx.o(RESET)
</UL>
<P><STRONG><a name="[22]"></a>CAN1_TX_IRQHandler</STRONG> (Thumb, 22 bytes, Stack size 8 bytes, stm32f4xx_it.o(.text))
<BR><BR>[Stack]<UL><LI>Max Depth = 24<LI>Call Chain = CAN1_TX_IRQHandler &rArr; CAN_GetITStatus
</UL>
<BR>[Calls]<UL><LI><a href="#[a9]">&gt;&gt;</a>&nbsp;&nbsp;&nbsp;CAN_GetITStatus
<LI><a href="#[aa]">&gt;&gt;</a>&nbsp;&nbsp;&nbsp;CAN_ClearITPendingBit
</UL>
<BR>[Address Reference Count : 1]<UL><LI> startup_stm32f427_437xx.o(RESET)
</UL>
<P><STRONG><a name="[2b]"></a>TIM2_IRQHandler</STRONG> (Thumb, 30 bytes, Stack size 8 bytes, stm32f4xx_it.o(.text))
<BR><BR>[Stack]<UL><LI>Max Depth = 20<LI>Call Chain = TIM2_IRQHandler &rArr; TIM_GetITStatus
</UL>
<BR>[Calls]<UL><LI><a href="#[ae]">&gt;&gt;</a>&nbsp;&nbsp;&nbsp;TIM_GetITStatus
<LI><a href="#[af]">&gt;&gt;</a>&nbsp;&nbsp;&nbsp;TIM_ClearITPendingBit
<LI><a href="#[b0]">&gt;&gt;</a>&nbsp;&nbsp;&nbsp;TIM_ClearFlag
</UL>
<BR>[Address Reference Count : 1]<UL><LI> startup_stm32f427_437xx.o(RESET)
</UL>
<P><STRONG><a name="[36]"></a>USART3_IRQHandler</STRONG> (Thumb, 234 bytes, Stack size 8 bytes, stm32f4xx_it.o(.text))
<BR><BR>[Stack]<UL><LI>Max Depth = 24<LI>Call Chain = USART3_IRQHandler &rArr; USART_GetITStatus
</UL>
<BR>[Calls]<UL><LI><a href="#[b1]">&gt;&gt;</a>&nbsp;&nbsp;&nbsp;receiveMainFocusData
<LI><a href="#[a1]">&gt;&gt;</a>&nbsp;&nbsp;&nbsp;USART_ReceiveData
<LI><a href="#[a0]">&gt;&gt;</a>&nbsp;&nbsp;&nbsp;USART_GetITStatus
<LI><a href="#[a5]">&gt;&gt;</a>&nbsp;&nbsp;&nbsp;DMA_SetCurrDataCounter
<LI><a href="#[a2]">&gt;&gt;</a>&nbsp;&nbsp;&nbsp;DMA_GetCurrentMemoryTarget
<LI><a href="#[a4]">&gt;&gt;</a>&nbsp;&nbsp;&nbsp;DMA_GetCurrDataCounter
<LI><a href="#[a3]">&gt;&gt;</a>&nbsp;&nbsp;&nbsp;DMA_Cmd
<LI><a href="#[a6]">&gt;&gt;</a>&nbsp;&nbsp;&nbsp;DMA_ClearFlag
</UL>
<BR>[Address Reference Count : 1]<UL><LI> startup_stm32f427_437xx.o(RESET)
</UL>
<P><STRONG><a name="[68]"></a>SystemInit</STRONG> (Thumb, 88 bytes, Stack size 8 bytes, system_stm32f4xx.o(.text))
<BR><BR>[Stack]<UL><LI>Max Depth = 20<LI>Call Chain = SystemInit &rArr; SetSysClock
</UL>
<BR>[Calls]<UL><LI><a href="#[b2]">&gt;&gt;</a>&nbsp;&nbsp;&nbsp;SetSysClock
</UL>
<BR>[Address Reference Count : 1]<UL><LI> startup_stm32f427_437xx.o(.text)
</UL>
<P><STRONG><a name="[2bc]"></a>SystemCoreClockUpdate</STRONG> (Thumb, 174 bytes, Stack size 16 bytes, system_stm32f4xx.o(.text), UNUSED)

<P><STRONG><a name="[2bd]"></a>InitOLED_MASTER_SH1106G</STRONG> (Thumb, 2 bytes, Stack size 0 bytes, basicperipherals.o(.text), UNUSED)

<P><STRONG><a name="[8f]"></a>BasicPreiph_Init</STRONG> (Thumb, 20 bytes, Stack size 8 bytes, basicperipherals.o(.text))
<BR><BR>[Stack]<UL><LI>Max Depth = 52<LI>Call Chain = BasicPreiph_Init &rArr; Key_init &rArr; GPIO_Init
</UL>
<BR>[Calls]<UL><LI><a href="#[c4]">&gt;&gt;</a>&nbsp;&nbsp;&nbsp;BulletLimitConfig
<LI><a href="#[c3]">&gt;&gt;</a>&nbsp;&nbsp;&nbsp;LaserConfig
<LI><a href="#[be]">&gt;&gt;</a>&nbsp;&nbsp;&nbsp;Key_init
<LI><a href="#[b3]">&gt;&gt;</a>&nbsp;&nbsp;&nbsp;LEDConfig
</UL>
<BR>[Called By]<UL><LI><a href="#[8c]">&gt;&gt;</a>&nbsp;&nbsp;&nbsp;BSP_Init
</UL>

<P><STRONG><a name="[c5]"></a>StrartingMusic</STRONG> (Thumb, 70 bytes, Stack size 8 bytes, basicperipherals.o(.text), UNUSED)
<BR><BR>[Calls]<UL><LI><a href="#[c6]">&gt;&gt;</a>&nbsp;&nbsp;&nbsp;vTaskDelay
</UL>

<P><STRONG><a name="[c7]"></a>FrictionCaliTriggerMusic</STRONG> (Thumb, 70 bytes, Stack size 8 bytes, basicperipherals.o(.text), UNUSED)
<BR><BR>[Calls]<UL><LI><a href="#[c6]">&gt;&gt;</a>&nbsp;&nbsp;&nbsp;vTaskDelay
</UL>

<P><STRONG><a name="[c8]"></a>FrictionCaliMusic</STRONG> (Thumb, 70 bytes, Stack size 8 bytes, basicperipherals.o(.text), UNUSED)
<BR><BR>[Calls]<UL><LI><a href="#[c6]">&gt;&gt;</a>&nbsp;&nbsp;&nbsp;vTaskDelay
</UL>

<P><STRONG><a name="[c9]"></a>ImuCaliMusic</STRONG> (Thumb, 70 bytes, Stack size 8 bytes, basicperipherals.o(.text), UNUSED)
<BR><BR>[Calls]<UL><LI><a href="#[c6]">&gt;&gt;</a>&nbsp;&nbsp;&nbsp;vTaskDelay
</UL>

<P><STRONG><a name="[ca]"></a>TIM4_Config</STRONG> (Thumb, 96 bytes, Stack size 24 bytes, basicperipherals.o(.text))
<BR><BR>[Stack]<UL><LI>Max Depth = 40<LI>Call Chain = TIM4_Config &rArr; NVIC_Init
</UL>
<BR>[Calls]<UL><LI><a href="#[ba]">&gt;&gt;</a>&nbsp;&nbsp;&nbsp;TIM_TimeBaseInit
<LI><a href="#[cc]">&gt;&gt;</a>&nbsp;&nbsp;&nbsp;TIM_ITConfig
<LI><a href="#[bc]">&gt;&gt;</a>&nbsp;&nbsp;&nbsp;TIM_Cmd
<LI><a href="#[cb]">&gt;&gt;</a>&nbsp;&nbsp;&nbsp;TIM_ARRPreloadConfig
<LI><a href="#[b8]">&gt;&gt;</a>&nbsp;&nbsp;&nbsp;RCC_APB1PeriphClockCmd
<LI><a href="#[c2]">&gt;&gt;</a>&nbsp;&nbsp;&nbsp;NVIC_Init
</UL>
<BR>[Called By]<UL><LI><a href="#[cd]">&gt;&gt;</a>&nbsp;&nbsp;&nbsp;ConfigureTimeForTimeStats
</UL>

<P><STRONG><a name="[2d]"></a>TIM4_IRQHandler</STRONG> (Thumb, 34 bytes, Stack size 8 bytes, basicperipherals.o(.text))
<BR><BR>[Stack]<UL><LI>Max Depth = 20<LI>Call Chain = TIM4_IRQHandler &rArr; TIM_GetITStatus
</UL>
<BR>[Calls]<UL><LI><a href="#[ae]">&gt;&gt;</a>&nbsp;&nbsp;&nbsp;TIM_GetITStatus
<LI><a href="#[af]">&gt;&gt;</a>&nbsp;&nbsp;&nbsp;TIM_ClearITPendingBit
</UL>
<BR>[Address Reference Count : 1]<UL><LI> startup_stm32f427_437xx.o(RESET)
</UL>
<P><STRONG><a name="[cd]"></a>ConfigureTimeForTimeStats</STRONG> (Thumb, 14 bytes, Stack size 8 bytes, basicperipherals.o(.text))
<BR><BR>[Stack]<UL><LI>Max Depth = 48<LI>Call Chain = ConfigureTimeForTimeStats &rArr; TIM4_Config &rArr; NVIC_Init
</UL>
<BR>[Calls]<UL><LI><a href="#[ca]">&gt;&gt;</a>&nbsp;&nbsp;&nbsp;TIM4_Config
</UL>
<BR>[Called By]<UL><LI><a href="#[9d]">&gt;&gt;</a>&nbsp;&nbsp;&nbsp;vTaskStartScheduler
</UL>

<P><STRONG><a name="[ce]"></a>led_green_off</STRONG> (Thumb, 14 bytes, Stack size 8 bytes, basicperipherals.o(.text), UNUSED)
<BR><BR>[Calls]<UL><LI><a href="#[b6]">&gt;&gt;</a>&nbsp;&nbsp;&nbsp;GPIO_SetBits
</UL>

<P><STRONG><a name="[cf]"></a>led_green_on</STRONG> (Thumb, 14 bytes, Stack size 8 bytes, basicperipherals.o(.text), UNUSED)
<BR><BR>[Calls]<UL><LI><a href="#[d0]">&gt;&gt;</a>&nbsp;&nbsp;&nbsp;GPIO_ResetBits
</UL>

<P><STRONG><a name="[d1]"></a>led_green_toggle</STRONG> (Thumb, 14 bytes, Stack size 8 bytes, basicperipherals.o(.text), UNUSED)
<BR><BR>[Calls]<UL><LI><a href="#[d2]">&gt;&gt;</a>&nbsp;&nbsp;&nbsp;GPIO_ToggleBits
</UL>

<P><STRONG><a name="[d3]"></a>led_red_off</STRONG> (Thumb, 14 bytes, Stack size 8 bytes, basicperipherals.o(.text))
<BR><BR>[Stack]<UL><LI>Max Depth = 8<LI>Call Chain = led_red_off
</UL>
<BR>[Calls]<UL><LI><a href="#[b6]">&gt;&gt;</a>&nbsp;&nbsp;&nbsp;GPIO_SetBits
</UL>
<BR>[Called By]<UL><LI><a href="#[1e4]">&gt;&gt;</a>&nbsp;&nbsp;&nbsp;DetectDisplay
</UL>

<P><STRONG><a name="[d4]"></a>led_red_on</STRONG> (Thumb, 52 bytes, Stack size 8 bytes, basicperipherals.o(.text), UNUSED)
<BR><BR>[Calls]<UL><LI><a href="#[d0]">&gt;&gt;</a>&nbsp;&nbsp;&nbsp;GPIO_ResetBits
</UL>

<P><STRONG><a name="[d5]"></a>led_red_toggle</STRONG> (Thumb, 14 bytes, Stack size 8 bytes, basicperipherals.o(.text))
<BR><BR>[Stack]<UL><LI>Max Depth = 8<LI>Call Chain = led_red_toggle
</UL>
<BR>[Calls]<UL><LI><a href="#[d2]">&gt;&gt;</a>&nbsp;&nbsp;&nbsp;GPIO_ToggleBits
</UL>
<BR>[Called By]<UL><LI><a href="#[1e4]">&gt;&gt;</a>&nbsp;&nbsp;&nbsp;DetectDisplay
</UL>

<P><STRONG><a name="[d6]"></a>flow_led_on</STRONG> (Thumb, 20 bytes, Stack size 8 bytes, basicperipherals.o(.text))
<BR><BR>[Stack]<UL><LI>Max Depth = 8<LI>Call Chain = flow_led_on
</UL>
<BR>[Calls]<UL><LI><a href="#[d0]">&gt;&gt;</a>&nbsp;&nbsp;&nbsp;GPIO_ResetBits
</UL>
<BR>[Called By]<UL><LI><a href="#[1e4]">&gt;&gt;</a>&nbsp;&nbsp;&nbsp;DetectDisplay
</UL>

<P><STRONG><a name="[d7]"></a>flow_led_off</STRONG> (Thumb, 20 bytes, Stack size 8 bytes, basicperipherals.o(.text))
<BR><BR>[Stack]<UL><LI>Max Depth = 8<LI>Call Chain = flow_led_off
</UL>
<BR>[Calls]<UL><LI><a href="#[b6]">&gt;&gt;</a>&nbsp;&nbsp;&nbsp;GPIO_SetBits
</UL>
<BR>[Called By]<UL><LI><a href="#[1e4]">&gt;&gt;</a>&nbsp;&nbsp;&nbsp;DetectDisplay
</UL>

<P><STRONG><a name="[d8]"></a>flow_led_toggle</STRONG> (Thumb, 20 bytes, Stack size 8 bytes, basicperipherals.o(.text), UNUSED)
<BR><BR>[Calls]<UL><LI><a href="#[d2]">&gt;&gt;</a>&nbsp;&nbsp;&nbsp;GPIO_ToggleBits
</UL>

<P><STRONG><a name="[d9]"></a>laser_on</STRONG> (Thumb, 14 bytes, Stack size 8 bytes, basicperipherals.o(.text))
<BR><BR>[Stack]<UL><LI>Max Depth = 8<LI>Call Chain = laser_on
</UL>
<BR>[Calls]<UL><LI><a href="#[b6]">&gt;&gt;</a>&nbsp;&nbsp;&nbsp;GPIO_SetBits
</UL>
<BR>[Called By]<UL><LI><a href="#[210]">&gt;&gt;</a>&nbsp;&nbsp;&nbsp;shoot_control_loop
</UL>

<P><STRONG><a name="[da]"></a>laser_off</STRONG> (Thumb, 14 bytes, Stack size 8 bytes, basicperipherals.o(.text))
<BR><BR>[Stack]<UL><LI>Max Depth = 8<LI>Call Chain = laser_off
</UL>
<BR>[Calls]<UL><LI><a href="#[d0]">&gt;&gt;</a>&nbsp;&nbsp;&nbsp;GPIO_ResetBits
</UL>
<BR>[Called By]<UL><LI><a href="#[210]">&gt;&gt;</a>&nbsp;&nbsp;&nbsp;shoot_control_loop
</UL>

<P><STRONG><a name="[9a]"></a>RemotDbus_Init</STRONG> (Thumb, 344 bytes, Stack size 96 bytes, remotdbus.o(.text))
<BR><BR>[Stack]<UL><LI>Max Depth = 164<LI>Call Chain = RemotDbus_Init &rArr; USART_Init &rArr; RCC_GetClocksFreq
</UL>
<BR>[Calls]<UL><LI><a href="#[dd]">&gt;&gt;</a>&nbsp;&nbsp;&nbsp;USART_Init
<LI><a href="#[df]">&gt;&gt;</a>&nbsp;&nbsp;&nbsp;USART_ITConfig
<LI><a href="#[dc]">&gt;&gt;</a>&nbsp;&nbsp;&nbsp;USART_DeInit
<LI><a href="#[e0]">&gt;&gt;</a>&nbsp;&nbsp;&nbsp;USART_DMACmd
<LI><a href="#[e1]">&gt;&gt;</a>&nbsp;&nbsp;&nbsp;USART_Cmd
<LI><a href="#[de]">&gt;&gt;</a>&nbsp;&nbsp;&nbsp;USART_ClearFlag
<LI><a href="#[db]">&gt;&gt;</a>&nbsp;&nbsp;&nbsp;RCC_APB2PeriphResetCmd
<LI><a href="#[e3]">&gt;&gt;</a>&nbsp;&nbsp;&nbsp;DMA_Init
<LI><a href="#[e4]">&gt;&gt;</a>&nbsp;&nbsp;&nbsp;DMA_DoubleBufferModeConfig
<LI><a href="#[e5]">&gt;&gt;</a>&nbsp;&nbsp;&nbsp;DMA_DoubleBufferModeCmd
<LI><a href="#[e2]">&gt;&gt;</a>&nbsp;&nbsp;&nbsp;DMA_DeInit
<LI><a href="#[bf]">&gt;&gt;</a>&nbsp;&nbsp;&nbsp;RCC_APB2PeriphClockCmd
<LI><a href="#[b4]">&gt;&gt;</a>&nbsp;&nbsp;&nbsp;RCC_AHB1PeriphClockCmd
<LI><a href="#[c2]">&gt;&gt;</a>&nbsp;&nbsp;&nbsp;NVIC_Init
<LI><a href="#[b9]">&gt;&gt;</a>&nbsp;&nbsp;&nbsp;GPIO_PinAFConfig
<LI><a href="#[b5]">&gt;&gt;</a>&nbsp;&nbsp;&nbsp;GPIO_Init
<LI><a href="#[a3]">&gt;&gt;</a>&nbsp;&nbsp;&nbsp;DMA_Cmd
</UL>
<BR>[Called By]<UL><LI><a href="#[8c]">&gt;&gt;</a>&nbsp;&nbsp;&nbsp;BSP_Init
</UL>

<P><STRONG><a name="[e6]"></a>RC_unable</STRONG> (Thumb, 12 bytes, Stack size 8 bytes, remotdbus.o(.text))
<BR><BR>[Stack]<UL><LI>Max Depth = 8<LI>Call Chain = RC_unable
</UL>
<BR>[Calls]<UL><LI><a href="#[e1]">&gt;&gt;</a>&nbsp;&nbsp;&nbsp;USART_Cmd
</UL>
<BR>[Called By]<UL><LI><a href="#[4]">&gt;&gt;</a>&nbsp;&nbsp;&nbsp;cali_gyro_hook
</UL>

<P><STRONG><a name="[e7]"></a>RC_restart</STRONG> (Thumb, 72 bytes, Stack size 8 bytes, remotdbus.o(.text))
<BR><BR>[Stack]<UL><LI>Max Depth = 8<LI>Call Chain = RC_restart
</UL>
<BR>[Calls]<UL><LI><a href="#[e1]">&gt;&gt;</a>&nbsp;&nbsp;&nbsp;USART_Cmd
<LI><a href="#[de]">&gt;&gt;</a>&nbsp;&nbsp;&nbsp;USART_ClearFlag
<LI><a href="#[e8]">&gt;&gt;</a>&nbsp;&nbsp;&nbsp;DMA_ClearITPendingBit
<LI><a href="#[a5]">&gt;&gt;</a>&nbsp;&nbsp;&nbsp;DMA_SetCurrDataCounter
<LI><a href="#[a3]">&gt;&gt;</a>&nbsp;&nbsp;&nbsp;DMA_Cmd
<LI><a href="#[a6]">&gt;&gt;</a>&nbsp;&nbsp;&nbsp;DMA_ClearFlag
</UL>
<BR>[Called By]<UL><LI><a href="#[6f]">&gt;&gt;</a>&nbsp;&nbsp;&nbsp;slove_data_error
<LI><a href="#[6e]">&gt;&gt;</a>&nbsp;&nbsp;&nbsp;slove_RC_lost
</UL>

<P><STRONG><a name="[a7]"></a>SBUS_TO_RC</STRONG> (Thumb, 218 bytes, Stack size 0 bytes, remotdbus.o(.text))
<BR><BR>[Called By]<UL><LI><a href="#[34]">&gt;&gt;</a>&nbsp;&nbsp;&nbsp;USART1_IRQHandler
</UL>

<P><STRONG><a name="[1dd]"></a>get_remote_control_point</STRONG> (Thumb, 4 bytes, Stack size 0 bytes, remotdbus.o(.text))
<BR><BR>[Called By]<UL><LI><a href="#[20e]">&gt;&gt;</a>&nbsp;&nbsp;&nbsp;shoot_init
<LI><a href="#[204]">&gt;&gt;</a>&nbsp;&nbsp;&nbsp;GIMBAL_Init
<LI><a href="#[73]">&gt;&gt;</a>&nbsp;&nbsp;&nbsp;calibrate_task
</UL>

<P><STRONG><a name="[6d]"></a>RC_data_is_error</STRONG> (Thumb, 146 bytes, Stack size 8 bytes, remotdbus.o(.text))
<BR><BR>[Stack]<UL><LI>Max Depth = 8<LI>Call Chain = RC_data_is_error
</UL>
<BR>[Calls]<UL><LI><a href="#[e9]">&gt;&gt;</a>&nbsp;&nbsp;&nbsp;RC_abs
</UL>
<BR>[Address Reference Count : 1]<UL><LI> detect_task.o(.text)
</UL>
<P><STRONG><a name="[6e]"></a>slove_RC_lost</STRONG> (Thumb, 10 bytes, Stack size 8 bytes, remotdbus.o(.text))
<BR><BR>[Stack]<UL><LI>Max Depth = 16<LI>Call Chain = slove_RC_lost &rArr; RC_restart
</UL>
<BR>[Calls]<UL><LI><a href="#[e7]">&gt;&gt;</a>&nbsp;&nbsp;&nbsp;RC_restart
</UL>
<BR>[Address Reference Count : 1]<UL><LI> detect_task.o(.text)
</UL>
<P><STRONG><a name="[6f]"></a>slove_data_error</STRONG> (Thumb, 10 bytes, Stack size 8 bytes, remotdbus.o(.text))
<BR><BR>[Stack]<UL><LI>Max Depth = 16<LI>Call Chain = slove_data_error &rArr; RC_restart
</UL>
<BR>[Calls]<UL><LI><a href="#[e7]">&gt;&gt;</a>&nbsp;&nbsp;&nbsp;RC_restart
</UL>
<BR>[Address Reference Count : 1]<UL><LI> detect_task.o(.text)
</UL>
<P><STRONG><a name="[91]"></a>FrictionMoterPWM_Init</STRONG> (Thumb, 244 bytes, Stack size 48 bytes, frictionmoterpwm.o(.text))
<BR><BR>[Stack]<UL><LI>Max Depth = 68<LI>Call Chain = FrictionMoterPWM_Init &rArr; GPIO_PinAFConfig
</UL>
<BR>[Calls]<UL><LI><a href="#[f0]">&gt;&gt;</a>&nbsp;&nbsp;&nbsp;TIM_OC4PreloadConfig
<LI><a href="#[ec]">&gt;&gt;</a>&nbsp;&nbsp;&nbsp;TIM_OC4Init
<LI><a href="#[ef]">&gt;&gt;</a>&nbsp;&nbsp;&nbsp;TIM_OC3PreloadConfig
<LI><a href="#[eb]">&gt;&gt;</a>&nbsp;&nbsp;&nbsp;TIM_OC3Init
<LI><a href="#[ee]">&gt;&gt;</a>&nbsp;&nbsp;&nbsp;TIM_OC2PreloadConfig
<LI><a href="#[ea]">&gt;&gt;</a>&nbsp;&nbsp;&nbsp;TIM_OC2Init
<LI><a href="#[ed]">&gt;&gt;</a>&nbsp;&nbsp;&nbsp;TIM_OC1PreloadConfig
<LI><a href="#[ba]">&gt;&gt;</a>&nbsp;&nbsp;&nbsp;TIM_TimeBaseInit
<LI><a href="#[bb]">&gt;&gt;</a>&nbsp;&nbsp;&nbsp;TIM_OC1Init
<LI><a href="#[bc]">&gt;&gt;</a>&nbsp;&nbsp;&nbsp;TIM_Cmd
<LI><a href="#[cb]">&gt;&gt;</a>&nbsp;&nbsp;&nbsp;TIM_ARRPreloadConfig
<LI><a href="#[b8]">&gt;&gt;</a>&nbsp;&nbsp;&nbsp;RCC_APB1PeriphClockCmd
<LI><a href="#[b4]">&gt;&gt;</a>&nbsp;&nbsp;&nbsp;RCC_AHB1PeriphClockCmd
<LI><a href="#[b9]">&gt;&gt;</a>&nbsp;&nbsp;&nbsp;GPIO_PinAFConfig
<LI><a href="#[b5]">&gt;&gt;</a>&nbsp;&nbsp;&nbsp;GPIO_Init
</UL>
<BR>[Called By]<UL><LI><a href="#[8c]">&gt;&gt;</a>&nbsp;&nbsp;&nbsp;BSP_Init
</UL>

<P><STRONG><a name="[f1]"></a>fric_off</STRONG> (Thumb, 24 bytes, Stack size 8 bytes, frictionmoterpwm.o(.text))
<BR><BR>[Stack]<UL><LI>Max Depth = 8<LI>Call Chain = fric_off
</UL>
<BR>[Calls]<UL><LI><a href="#[f3]">&gt;&gt;</a>&nbsp;&nbsp;&nbsp;TIM_SetCompare2
<LI><a href="#[f2]">&gt;&gt;</a>&nbsp;&nbsp;&nbsp;TIM_SetCompare1
</UL>
<BR>[Called By]<UL><LI><a href="#[210]">&gt;&gt;</a>&nbsp;&nbsp;&nbsp;shoot_control_loop
</UL>

<P><STRONG><a name="[f4]"></a>fric1_on</STRONG> (Thumb, 16 bytes, Stack size 8 bytes, frictionmoterpwm.o(.text))
<BR><BR>[Stack]<UL><LI>Max Depth = 8<LI>Call Chain = fric1_on
</UL>
<BR>[Calls]<UL><LI><a href="#[f2]">&gt;&gt;</a>&nbsp;&nbsp;&nbsp;TIM_SetCompare1
</UL>
<BR>[Called By]<UL><LI><a href="#[210]">&gt;&gt;</a>&nbsp;&nbsp;&nbsp;shoot_control_loop
</UL>

<P><STRONG><a name="[f5]"></a>fric2_on</STRONG> (Thumb, 16 bytes, Stack size 8 bytes, frictionmoterpwm.o(.text))
<BR><BR>[Stack]<UL><LI>Max Depth = 8<LI>Call Chain = fric2_on
</UL>
<BR>[Calls]<UL><LI><a href="#[f3]">&gt;&gt;</a>&nbsp;&nbsp;&nbsp;TIM_SetCompare2
</UL>
<BR>[Called By]<UL><LI><a href="#[210]">&gt;&gt;</a>&nbsp;&nbsp;&nbsp;shoot_control_loop
</UL>

<P><STRONG><a name="[93]"></a>MoterCanInit</STRONG> (Thumb, 12 bytes, Stack size 8 bytes, motorcan.o(.text))
<BR><BR>[Stack]<UL><LI>Max Depth = 76<LI>Call Chain = MoterCanInit &rArr; MotorCAN2_Init &rArr; GPIO_PinAFConfig
</UL>
<BR>[Calls]<UL><LI><a href="#[fc]">&gt;&gt;</a>&nbsp;&nbsp;&nbsp;MotorCAN2_Init
<LI><a href="#[f6]">&gt;&gt;</a>&nbsp;&nbsp;&nbsp;MotorCAN1_Init
</UL>
<BR>[Called By]<UL><LI><a href="#[8c]">&gt;&gt;</a>&nbsp;&nbsp;&nbsp;BSP_Init
</UL>

<P><STRONG><a name="[fd]"></a>CanSendMess</STRONG> (Thumb, 132 bytes, Stack size 48 bytes, motorcan.o(.text))
<BR><BR>[Stack]<UL><LI>Max Depth = 56<LI>Call Chain = CanSendMess &rArr; CAN_TransmitStatus
</UL>
<BR>[Calls]<UL><LI><a href="#[ff]">&gt;&gt;</a>&nbsp;&nbsp;&nbsp;CAN_TransmitStatus
<LI><a href="#[fe]">&gt;&gt;</a>&nbsp;&nbsp;&nbsp;CAN_Transmit
</UL>
<BR>[Called By]<UL><LI><a href="#[70]">&gt;&gt;</a>&nbsp;&nbsp;&nbsp;GIMBAL_task
</UL>

<P><STRONG><a name="[205]"></a>get_Yaw_Gimbal_Motor_Measure_Point</STRONG> (Thumb, 4 bytes, Stack size 0 bytes, motorcan.o(.text))
<BR><BR>[Called By]<UL><LI><a href="#[204]">&gt;&gt;</a>&nbsp;&nbsp;&nbsp;GIMBAL_Init
</UL>

<P><STRONG><a name="[206]"></a>get_Pitch_Gimbal_Motor_Measure_Point</STRONG> (Thumb, 4 bytes, Stack size 0 bytes, motorcan.o(.text))
<BR><BR>[Called By]<UL><LI><a href="#[204]">&gt;&gt;</a>&nbsp;&nbsp;&nbsp;GIMBAL_Init
</UL>

<P><STRONG><a name="[2be]"></a>get_Chassis_Motor_Measure_Point</STRONG> (Thumb, 18 bytes, Stack size 0 bytes, motorcan.o(.text), UNUSED)

<P><STRONG><a name="[22f]"></a>get_Fric_Motor_Measure_Point</STRONG> (Thumb, 18 bytes, Stack size 0 bytes, motorcan.o(.text))
<BR><BR>[Called By]<UL><LI><a href="#[20e]">&gt;&gt;</a>&nbsp;&nbsp;&nbsp;shoot_init
</UL>

<P><STRONG><a name="[22e]"></a>get_shoot_Motor_Measure_Point</STRONG> (Thumb, 18 bytes, Stack size 0 bytes, motorcan.o(.text))
<BR><BR>[Called By]<UL><LI><a href="#[20e]">&gt;&gt;</a>&nbsp;&nbsp;&nbsp;shoot_init
</UL>

<P><STRONG><a name="[ad]"></a>CAN_hook</STRONG> (Thumb, 704 bytes, Stack size 16 bytes, motorcan.o(.text))
<BR><BR>[Stack]<UL><LI>Max Depth = 24<LI>Call Chain = CAN_hook &rArr; DetectHook
</UL>
<BR>[Calls]<UL><LI><a href="#[a8]">&gt;&gt;</a>&nbsp;&nbsp;&nbsp;DetectHook
</UL>
<BR>[Called By]<UL><LI><a href="#[4f]">&gt;&gt;</a>&nbsp;&nbsp;&nbsp;CAN2_RX0_IRQHandler
<LI><a href="#[23]">&gt;&gt;</a>&nbsp;&nbsp;&nbsp;CAN1_RX0_IRQHandler
</UL>

<P><STRONG><a name="[94]"></a>MainFocusConfig</STRONG> (Thumb, 374 bytes, Stack size 96 bytes, mainfocus_usart.o(.text))
<BR><BR>[Stack]<UL><LI>Max Depth = 164<LI>Call Chain = MainFocusConfig &rArr; USART_Init &rArr; RCC_GetClocksFreq
</UL>
<BR>[Calls]<UL><LI><a href="#[100]">&gt;&gt;</a>&nbsp;&nbsp;&nbsp;DMA_GetCmdStatus
<LI><a href="#[dd]">&gt;&gt;</a>&nbsp;&nbsp;&nbsp;USART_Init
<LI><a href="#[df]">&gt;&gt;</a>&nbsp;&nbsp;&nbsp;USART_ITConfig
<LI><a href="#[dc]">&gt;&gt;</a>&nbsp;&nbsp;&nbsp;USART_DeInit
<LI><a href="#[e0]">&gt;&gt;</a>&nbsp;&nbsp;&nbsp;USART_DMACmd
<LI><a href="#[e1]">&gt;&gt;</a>&nbsp;&nbsp;&nbsp;USART_Cmd
<LI><a href="#[de]">&gt;&gt;</a>&nbsp;&nbsp;&nbsp;USART_ClearFlag
<LI><a href="#[e3]">&gt;&gt;</a>&nbsp;&nbsp;&nbsp;DMA_Init
<LI><a href="#[e4]">&gt;&gt;</a>&nbsp;&nbsp;&nbsp;DMA_DoubleBufferModeConfig
<LI><a href="#[e5]">&gt;&gt;</a>&nbsp;&nbsp;&nbsp;DMA_DoubleBufferModeCmd
<LI><a href="#[e2]">&gt;&gt;</a>&nbsp;&nbsp;&nbsp;DMA_DeInit
<LI><a href="#[b8]">&gt;&gt;</a>&nbsp;&nbsp;&nbsp;RCC_APB1PeriphClockCmd
<LI><a href="#[b4]">&gt;&gt;</a>&nbsp;&nbsp;&nbsp;RCC_AHB1PeriphClockCmd
<LI><a href="#[c2]">&gt;&gt;</a>&nbsp;&nbsp;&nbsp;NVIC_Init
<LI><a href="#[b9]">&gt;&gt;</a>&nbsp;&nbsp;&nbsp;GPIO_PinAFConfig
<LI><a href="#[b5]">&gt;&gt;</a>&nbsp;&nbsp;&nbsp;GPIO_Init
<LI><a href="#[a3]">&gt;&gt;</a>&nbsp;&nbsp;&nbsp;DMA_Cmd
</UL>
<BR>[Called By]<UL><LI><a href="#[8c]">&gt;&gt;</a>&nbsp;&nbsp;&nbsp;BSP_Init
</UL>

<P><STRONG><a name="[226]"></a>Send_MessToMainFocus</STRONG> (Thumb, 62 bytes, Stack size 12 bytes, mainfocus_usart.o(.text))
<BR><BR>[Stack]<UL><LI>Max Depth = 12<LI>Call Chain = Send_MessToMainFocus
</UL>
<BR>[Called By]<UL><LI><a href="#[223]">&gt;&gt;</a>&nbsp;&nbsp;&nbsp;Sned_MainFoucs_Task
</UL>

<P><STRONG><a name="[95]"></a>Referee_init</STRONG> (Thumb, 372 bytes, Stack size 96 bytes, referee.o(.text))
<BR><BR>[Stack]<UL><LI>Max Depth = 164<LI>Call Chain = Referee_init &rArr; USART_Init &rArr; RCC_GetClocksFreq
</UL>
<BR>[Calls]<UL><LI><a href="#[100]">&gt;&gt;</a>&nbsp;&nbsp;&nbsp;DMA_GetCmdStatus
<LI><a href="#[dd]">&gt;&gt;</a>&nbsp;&nbsp;&nbsp;USART_Init
<LI><a href="#[df]">&gt;&gt;</a>&nbsp;&nbsp;&nbsp;USART_ITConfig
<LI><a href="#[dc]">&gt;&gt;</a>&nbsp;&nbsp;&nbsp;USART_DeInit
<LI><a href="#[e0]">&gt;&gt;</a>&nbsp;&nbsp;&nbsp;USART_DMACmd
<LI><a href="#[e1]">&gt;&gt;</a>&nbsp;&nbsp;&nbsp;USART_Cmd
<LI><a href="#[de]">&gt;&gt;</a>&nbsp;&nbsp;&nbsp;USART_ClearFlag
<LI><a href="#[e3]">&gt;&gt;</a>&nbsp;&nbsp;&nbsp;DMA_Init
<LI><a href="#[e4]">&gt;&gt;</a>&nbsp;&nbsp;&nbsp;DMA_DoubleBufferModeConfig
<LI><a href="#[e5]">&gt;&gt;</a>&nbsp;&nbsp;&nbsp;DMA_DoubleBufferModeCmd
<LI><a href="#[e2]">&gt;&gt;</a>&nbsp;&nbsp;&nbsp;DMA_DeInit
<LI><a href="#[bf]">&gt;&gt;</a>&nbsp;&nbsp;&nbsp;RCC_APB2PeriphClockCmd
<LI><a href="#[b4]">&gt;&gt;</a>&nbsp;&nbsp;&nbsp;RCC_AHB1PeriphClockCmd
<LI><a href="#[c2]">&gt;&gt;</a>&nbsp;&nbsp;&nbsp;NVIC_Init
<LI><a href="#[b9]">&gt;&gt;</a>&nbsp;&nbsp;&nbsp;GPIO_PinAFConfig
<LI><a href="#[b5]">&gt;&gt;</a>&nbsp;&nbsp;&nbsp;GPIO_Init
<LI><a href="#[a3]">&gt;&gt;</a>&nbsp;&nbsp;&nbsp;DMA_Cmd
</UL>
<BR>[Called By]<UL><LI><a href="#[8c]">&gt;&gt;</a>&nbsp;&nbsp;&nbsp;BSP_Init
</UL>

<P><STRONG><a name="[102]"></a>Get_CRC16_Check_Sum</STRONG> (Thumb, 46 bytes, Stack size 12 bytes, referee.o(.text))
<BR><BR>[Stack]<UL><LI>Max Depth = 12<LI>Call Chain = Get_CRC16_Check_Sum
</UL>
<BR>[Called By]<UL><LI><a href="#[108]">&gt;&gt;</a>&nbsp;&nbsp;&nbsp;Append_CRC16_Check_Sum
<LI><a href="#[101]">&gt;&gt;</a>&nbsp;&nbsp;&nbsp;Verify_CRC16_Check_Sum
</UL>

<P><STRONG><a name="[101]"></a>Verify_CRC16_Check_Sum</STRONG> (Thumb, 60 bytes, Stack size 16 bytes, referee.o(.text))
<BR><BR>[Stack]<UL><LI>Max Depth = 28<LI>Call Chain = Verify_CRC16_Check_Sum &rArr; Get_CRC16_Check_Sum
</UL>
<BR>[Calls]<UL><LI><a href="#[102]">&gt;&gt;</a>&nbsp;&nbsp;&nbsp;Get_CRC16_Check_Sum
</UL>
<BR>[Called By]<UL><LI><a href="#[105]">&gt;&gt;</a>&nbsp;&nbsp;&nbsp;Referee_read_hook
</UL>

<P><STRONG><a name="[104]"></a>Get_CRC8_Check_Sum</STRONG> (Thumb, 30 bytes, Stack size 12 bytes, referee.o(.text))
<BR><BR>[Stack]<UL><LI>Max Depth = 12<LI>Call Chain = Get_CRC8_Check_Sum
</UL>
<BR>[Called By]<UL><LI><a href="#[107]">&gt;&gt;</a>&nbsp;&nbsp;&nbsp;Append_CRC8_Check_Sum
<LI><a href="#[103]">&gt;&gt;</a>&nbsp;&nbsp;&nbsp;Verify_CRC8_Check_Sum
</UL>

<P><STRONG><a name="[103]"></a>Verify_CRC8_Check_Sum</STRONG> (Thumb, 46 bytes, Stack size 16 bytes, referee.o(.text))
<BR><BR>[Stack]<UL><LI>Max Depth = 28<LI>Call Chain = Verify_CRC8_Check_Sum &rArr; Get_CRC8_Check_Sum
</UL>
<BR>[Calls]<UL><LI><a href="#[104]">&gt;&gt;</a>&nbsp;&nbsp;&nbsp;Get_CRC8_Check_Sum
</UL>
<BR>[Called By]<UL><LI><a href="#[105]">&gt;&gt;</a>&nbsp;&nbsp;&nbsp;Referee_read_hook
</UL>

<P><STRONG><a name="[56]"></a>USART6_IRQHandler</STRONG> (Thumb, 214 bytes, Stack size 8 bytes, referee.o(.text))
<BR><BR>[Stack]<UL><LI>Max Depth = 52<LI>Call Chain = USART6_IRQHandler &rArr; Referee_read_hook &rArr; Verify_CRC8_Check_Sum &rArr; Get_CRC8_Check_Sum
</UL>
<BR>[Calls]<UL><LI><a href="#[105]">&gt;&gt;</a>&nbsp;&nbsp;&nbsp;Referee_read_hook
<LI><a href="#[a1]">&gt;&gt;</a>&nbsp;&nbsp;&nbsp;USART_ReceiveData
<LI><a href="#[a0]">&gt;&gt;</a>&nbsp;&nbsp;&nbsp;USART_GetITStatus
<LI><a href="#[a5]">&gt;&gt;</a>&nbsp;&nbsp;&nbsp;DMA_SetCurrDataCounter
<LI><a href="#[a2]">&gt;&gt;</a>&nbsp;&nbsp;&nbsp;DMA_GetCurrentMemoryTarget
<LI><a href="#[a4]">&gt;&gt;</a>&nbsp;&nbsp;&nbsp;DMA_GetCurrDataCounter
<LI><a href="#[a3]">&gt;&gt;</a>&nbsp;&nbsp;&nbsp;DMA_Cmd
<LI><a href="#[a6]">&gt;&gt;</a>&nbsp;&nbsp;&nbsp;DMA_ClearFlag
</UL>
<BR>[Address Reference Count : 1]<UL><LI> startup_stm32f427_437xx.o(RESET)
</UL>
<P><STRONG><a name="[2bf]"></a>bubble_sort</STRONG> (Thumb, 100 bytes, Stack size 8 bytes, referee.o(.text), UNUSED)

<P><STRONG><a name="[107]"></a>Append_CRC8_Check_Sum</STRONG> (Thumb, 36 bytes, Stack size 16 bytes, referee.o(.text), UNUSED)
<BR><BR>[Calls]<UL><LI><a href="#[104]">&gt;&gt;</a>&nbsp;&nbsp;&nbsp;Get_CRC8_Check_Sum
</UL>

<P><STRONG><a name="[108]"></a>Append_CRC16_Check_Sum</STRONG> (Thumb, 44 bytes, Stack size 16 bytes, referee.o(.text), UNUSED)
<BR><BR>[Calls]<UL><LI><a href="#[102]">&gt;&gt;</a>&nbsp;&nbsp;&nbsp;Get_CRC16_Check_Sum
</UL>

<P><STRONG><a name="[96]"></a>temperature_ADC_init</STRONG> (Thumb, 80 bytes, Stack size 24 bytes, adc.o(.text))
<BR><BR>[Stack]<UL><LI>Max Depth = 68<LI>Call Chain = temperature_ADC_init &rArr; temperature_ADC_Reset &rArr; ADC_Init
</UL>
<BR>[Calls]<UL><LI><a href="#[10b]">&gt;&gt;</a>&nbsp;&nbsp;&nbsp;ADC_TempSensorVrefintCmd
<LI><a href="#[10d]">&gt;&gt;</a>&nbsp;&nbsp;&nbsp;ADC_RegularChannelConfig
<LI><a href="#[10c]">&gt;&gt;</a>&nbsp;&nbsp;&nbsp;ADC_CommonInit
<LI><a href="#[10e]">&gt;&gt;</a>&nbsp;&nbsp;&nbsp;ADC_Cmd
<LI><a href="#[109]">&gt;&gt;</a>&nbsp;&nbsp;&nbsp;temperature_ADC_Reset
<LI><a href="#[db]">&gt;&gt;</a>&nbsp;&nbsp;&nbsp;RCC_APB2PeriphResetCmd
<LI><a href="#[bf]">&gt;&gt;</a>&nbsp;&nbsp;&nbsp;RCC_APB2PeriphClockCmd
</UL>
<BR>[Called By]<UL><LI><a href="#[8c]">&gt;&gt;</a>&nbsp;&nbsp;&nbsp;BSP_Init
</UL>

<P><STRONG><a name="[114]"></a>get_temprate</STRONG> (Thumb, 80 bytes, Stack size 16 bytes, adc.o(.text))
<BR><BR>[Stack]<UL><LI>Max Depth = 60<LI>Call Chain = get_temprate &rArr; temperature_ADC_Reset &rArr; ADC_Init
</UL>
<BR>[Calls]<UL><LI><a href="#[10f]">&gt;&gt;</a>&nbsp;&nbsp;&nbsp;get_ADC
<LI><a href="#[109]">&gt;&gt;</a>&nbsp;&nbsp;&nbsp;temperature_ADC_Reset
</UL>
<BR>[Called By]<UL><LI><a href="#[2]">&gt;&gt;</a>&nbsp;&nbsp;&nbsp;cali_head_hook
<LI><a href="#[1dc]">&gt;&gt;</a>&nbsp;&nbsp;&nbsp;RC_cmd_to_calibrate
</UL>

<P><STRONG><a name="[115]"></a>buzzer_off</STRONG> (Thumb, 12 bytes, Stack size 8 bytes, buzzer.o(.text))
<BR><BR>[Stack]<UL><LI>Max Depth = 8<LI>Call Chain = buzzer_off
</UL>
<BR>[Calls]<UL><LI><a href="#[f2]">&gt;&gt;</a>&nbsp;&nbsp;&nbsp;TIM_SetCompare1
</UL>
<BR>[Called By]<UL><LI><a href="#[90]">&gt;&gt;</a>&nbsp;&nbsp;&nbsp;buzzer_init
<LI><a href="#[71]">&gt;&gt;</a>&nbsp;&nbsp;&nbsp;INSTask
<LI><a href="#[3]">&gt;&gt;</a>&nbsp;&nbsp;&nbsp;cali_gimbal_hook
<LI><a href="#[4]">&gt;&gt;</a>&nbsp;&nbsp;&nbsp;cali_gyro_hook
<LI><a href="#[1dc]">&gt;&gt;</a>&nbsp;&nbsp;&nbsp;RC_cmd_to_calibrate
</UL>

<P><STRONG><a name="[90]"></a>buzzer_init</STRONG> (Thumb, 174 bytes, Stack size 56 bytes, buzzer.o(.text))
<BR><BR>[Stack]<UL><LI>Max Depth = 76<LI>Call Chain = buzzer_init &rArr; GPIO_PinAFConfig
</UL>
<BR>[Calls]<UL><LI><a href="#[116]">&gt;&gt;</a>&nbsp;&nbsp;&nbsp;RCC_APB1PeriphResetCmd
<LI><a href="#[115]">&gt;&gt;</a>&nbsp;&nbsp;&nbsp;buzzer_off
<LI><a href="#[ed]">&gt;&gt;</a>&nbsp;&nbsp;&nbsp;TIM_OC1PreloadConfig
<LI><a href="#[ba]">&gt;&gt;</a>&nbsp;&nbsp;&nbsp;TIM_TimeBaseInit
<LI><a href="#[bb]">&gt;&gt;</a>&nbsp;&nbsp;&nbsp;TIM_OC1Init
<LI><a href="#[bc]">&gt;&gt;</a>&nbsp;&nbsp;&nbsp;TIM_Cmd
<LI><a href="#[cb]">&gt;&gt;</a>&nbsp;&nbsp;&nbsp;TIM_ARRPreloadConfig
<LI><a href="#[b8]">&gt;&gt;</a>&nbsp;&nbsp;&nbsp;RCC_APB1PeriphClockCmd
<LI><a href="#[b4]">&gt;&gt;</a>&nbsp;&nbsp;&nbsp;RCC_AHB1PeriphClockCmd
<LI><a href="#[b9]">&gt;&gt;</a>&nbsp;&nbsp;&nbsp;GPIO_PinAFConfig
<LI><a href="#[b5]">&gt;&gt;</a>&nbsp;&nbsp;&nbsp;GPIO_Init
</UL>
<BR>[Called By]<UL><LI><a href="#[8c]">&gt;&gt;</a>&nbsp;&nbsp;&nbsp;BSP_Init
</UL>

<P><STRONG><a name="[117]"></a>buzzer_on</STRONG> (Thumb, 22 bytes, Stack size 16 bytes, buzzer.o(.text))
<BR><BR>[Stack]<UL><LI>Max Depth = 16<LI>Call Chain = buzzer_on
</UL>
<BR>[Calls]<UL><LI><a href="#[f2]">&gt;&gt;</a>&nbsp;&nbsp;&nbsp;TIM_SetCompare1
</UL>
<BR>[Called By]<UL><LI><a href="#[71]">&gt;&gt;</a>&nbsp;&nbsp;&nbsp;INSTask
<LI><a href="#[3]">&gt;&gt;</a>&nbsp;&nbsp;&nbsp;cali_gimbal_hook
<LI><a href="#[4]">&gt;&gt;</a>&nbsp;&nbsp;&nbsp;cali_gyro_hook
<LI><a href="#[1dc]">&gt;&gt;</a>&nbsp;&nbsp;&nbsp;RC_cmd_to_calibrate
</UL>

<P><STRONG><a name="[118]"></a>GPIOB_Exti8_GPIO_Init</STRONG> (Thumb, 130 bytes, Stack size 24 bytes, exit_init.o(.text))
<BR><BR>[Stack]<UL><LI>Max Depth = 44<LI>Call Chain = GPIOB_Exti8_GPIO_Init &rArr; GPIO_Init
</UL>
<BR>[Calls]<UL><LI><a href="#[c0]">&gt;&gt;</a>&nbsp;&nbsp;&nbsp;SYSCFG_EXTILineConfig
<LI><a href="#[bf]">&gt;&gt;</a>&nbsp;&nbsp;&nbsp;RCC_APB2PeriphClockCmd
<LI><a href="#[b4]">&gt;&gt;</a>&nbsp;&nbsp;&nbsp;RCC_AHB1PeriphClockCmd
<LI><a href="#[c2]">&gt;&gt;</a>&nbsp;&nbsp;&nbsp;NVIC_Init
<LI><a href="#[b5]">&gt;&gt;</a>&nbsp;&nbsp;&nbsp;GPIO_Init
<LI><a href="#[c1]">&gt;&gt;</a>&nbsp;&nbsp;&nbsp;EXTI_Init
</UL>
<BR>[Called By]<UL><LI><a href="#[71]">&gt;&gt;</a>&nbsp;&nbsp;&nbsp;INSTask
</UL>

<P><STRONG><a name="[119]"></a>flash_write_single_address</STRONG> (Thumb, 184 bytes, Stack size 48 bytes, flash.o(.text))
<BR><BR>[Stack]<UL><LI>Max Depth = 72<LI>Call Chain = flash_write_single_address &rArr; FLASH_EraseSector &rArr; FLASH_WaitForLastOperation
</UL>
<BR>[Calls]<UL><LI><a href="#[11a]">&gt;&gt;</a>&nbsp;&nbsp;&nbsp;FLASH_Unlock
<LI><a href="#[11f]">&gt;&gt;</a>&nbsp;&nbsp;&nbsp;FLASH_ProgramWord
<LI><a href="#[120]">&gt;&gt;</a>&nbsp;&nbsp;&nbsp;FLASH_Lock
<LI><a href="#[11d]">&gt;&gt;</a>&nbsp;&nbsp;&nbsp;FLASH_EraseSector
<LI><a href="#[11b]">&gt;&gt;</a>&nbsp;&nbsp;&nbsp;FLASH_ClearFlag
<LI><a href="#[11c]">&gt;&gt;</a>&nbsp;&nbsp;&nbsp;GetSector
<LI><a href="#[11e]">&gt;&gt;</a>&nbsp;&nbsp;&nbsp;Get_Next_Flash_Address
</UL>
<BR>[Called By]<UL><LI><a href="#[1db]">&gt;&gt;</a>&nbsp;&nbsp;&nbsp;cali_data_write
</UL>

<P><STRONG><a name="[122]"></a>flash_write_muli_address</STRONG> (Thumb, 152 bytes, Stack size 40 bytes, flash.o(.text), UNUSED)
<BR><BR>[Calls]<UL><LI><a href="#[11a]">&gt;&gt;</a>&nbsp;&nbsp;&nbsp;FLASH_Unlock
<LI><a href="#[11f]">&gt;&gt;</a>&nbsp;&nbsp;&nbsp;FLASH_ProgramWord
<LI><a href="#[120]">&gt;&gt;</a>&nbsp;&nbsp;&nbsp;FLASH_Lock
<LI><a href="#[11b]">&gt;&gt;</a>&nbsp;&nbsp;&nbsp;FLASH_ClearFlag
<LI><a href="#[121]">&gt;&gt;</a>&nbsp;&nbsp;&nbsp;FLASH_Erase_Muli_Sector
</UL>

<P><STRONG><a name="[1df]"></a>flash_read</STRONG> (Thumb, 32 bytes, Stack size 16 bytes, flash.o(.text))
<BR><BR>[Stack]<UL><LI>Max Depth = 16<LI>Call Chain = flash_read
</UL>
<BR>[Called By]<UL><LI><a href="#[1de]">&gt;&gt;</a>&nbsp;&nbsp;&nbsp;cali_data_read
</UL>

<P><STRONG><a name="[123]"></a>write_protect</STRONG> (Thumb, 56 bytes, Stack size 8 bytes, flash.o(.text), UNUSED)
<BR><BR>[Calls]<UL><LI><a href="#[126]">&gt;&gt;</a>&nbsp;&nbsp;&nbsp;FLASH_OB_WRPConfig
<LI><a href="#[125]">&gt;&gt;</a>&nbsp;&nbsp;&nbsp;FLASH_OB_Unlock
<LI><a href="#[128]">&gt;&gt;</a>&nbsp;&nbsp;&nbsp;FLASH_OB_Lock
<LI><a href="#[127]">&gt;&gt;</a>&nbsp;&nbsp;&nbsp;FLASH_OB_Launch
<LI><a href="#[124]">&gt;&gt;</a>&nbsp;&nbsp;&nbsp;FLASH_OB_GetWRP
</UL>

<P><STRONG><a name="[129]"></a>write_relieve_protect</STRONG> (Thumb, 54 bytes, Stack size 8 bytes, flash.o(.text), UNUSED)
<BR><BR>[Calls]<UL><LI><a href="#[126]">&gt;&gt;</a>&nbsp;&nbsp;&nbsp;FLASH_OB_WRPConfig
<LI><a href="#[125]">&gt;&gt;</a>&nbsp;&nbsp;&nbsp;FLASH_OB_Unlock
<LI><a href="#[128]">&gt;&gt;</a>&nbsp;&nbsp;&nbsp;FLASH_OB_Lock
<LI><a href="#[127]">&gt;&gt;</a>&nbsp;&nbsp;&nbsp;FLASH_OB_Launch
<LI><a href="#[124]">&gt;&gt;</a>&nbsp;&nbsp;&nbsp;FLASH_OB_GetWRP
</UL>

<P><STRONG><a name="[12a]"></a>SPI5Init</STRONG> (Thumb, 182 bytes, Stack size 32 bytes, spi.o(.text))
<BR><BR>[Stack]<UL><LI>Max Depth = 52<LI>Call Chain = SPI5Init &rArr; GPIO_PinAFConfig
</UL>
<BR>[Calls]<UL><LI><a href="#[db]">&gt;&gt;</a>&nbsp;&nbsp;&nbsp;RCC_APB2PeriphResetCmd
<LI><a href="#[bf]">&gt;&gt;</a>&nbsp;&nbsp;&nbsp;RCC_APB2PeriphClockCmd
<LI><a href="#[b4]">&gt;&gt;</a>&nbsp;&nbsp;&nbsp;RCC_AHB1PeriphClockCmd
<LI><a href="#[b9]">&gt;&gt;</a>&nbsp;&nbsp;&nbsp;GPIO_PinAFConfig
<LI><a href="#[b5]">&gt;&gt;</a>&nbsp;&nbsp;&nbsp;GPIO_Init
<LI><a href="#[12b]">&gt;&gt;</a>&nbsp;&nbsp;&nbsp;SPI_Init
<LI><a href="#[12c]">&gt;&gt;</a>&nbsp;&nbsp;&nbsp;SPI_Cmd
</UL>
<BR>[Called By]<UL><LI><a href="#[252]">&gt;&gt;</a>&nbsp;&nbsp;&nbsp;mpu6500_com_init
</UL>

<P><STRONG><a name="[218]"></a>SPI5SetSpeedAndDataSize</STRONG> (Thumb, 42 bytes, Stack size 0 bytes, spi.o(.text))
<BR><BR>[Called By]<UL><LI><a href="#[71]">&gt;&gt;</a>&nbsp;&nbsp;&nbsp;INSTask
</UL>

<P><STRONG><a name="[12d]"></a>SPI5_DMA_Init</STRONG> (Thumb, 244 bytes, Stack size 80 bytes, spi.o(.text))
<BR><BR>[Stack]<UL><LI>Max Depth = 96<LI>Call Chain = SPI5_DMA_Init &rArr; NVIC_Init
</UL>
<BR>[Calls]<UL><LI><a href="#[100]">&gt;&gt;</a>&nbsp;&nbsp;&nbsp;DMA_GetCmdStatus
<LI><a href="#[e3]">&gt;&gt;</a>&nbsp;&nbsp;&nbsp;DMA_Init
<LI><a href="#[e2]">&gt;&gt;</a>&nbsp;&nbsp;&nbsp;DMA_DeInit
<LI><a href="#[b4]">&gt;&gt;</a>&nbsp;&nbsp;&nbsp;RCC_AHB1PeriphClockCmd
<LI><a href="#[c2]">&gt;&gt;</a>&nbsp;&nbsp;&nbsp;NVIC_Init
<LI><a href="#[a3]">&gt;&gt;</a>&nbsp;&nbsp;&nbsp;DMA_Cmd
<LI><a href="#[12e]">&gt;&gt;</a>&nbsp;&nbsp;&nbsp;DMA_ITConfig
</UL>
<BR>[Called By]<UL><LI><a href="#[71]">&gt;&gt;</a>&nbsp;&nbsp;&nbsp;INSTask
</UL>

<P><STRONG><a name="[12f]"></a>SPI5_DMA_Enable</STRONG> (Thumb, 104 bytes, Stack size 8 bytes, spi.o(.text))
<BR><BR>[Stack]<UL><LI>Max Depth = 8<LI>Call Chain = SPI5_DMA_Enable
</UL>
<BR>[Calls]<UL><LI><a href="#[100]">&gt;&gt;</a>&nbsp;&nbsp;&nbsp;DMA_GetCmdStatus
<LI><a href="#[a5]">&gt;&gt;</a>&nbsp;&nbsp;&nbsp;DMA_SetCurrDataCounter
<LI><a href="#[a3]">&gt;&gt;</a>&nbsp;&nbsp;&nbsp;DMA_Cmd
<LI><a href="#[a6]">&gt;&gt;</a>&nbsp;&nbsp;&nbsp;DMA_ClearFlag
</UL>
<BR>[Called By]<UL><LI><a href="#[26]">&gt;&gt;</a>&nbsp;&nbsp;&nbsp;EXTI9_5_IRQHandler
</UL>

<P><STRONG><a name="[130]"></a>TIM1_Init</STRONG> (Thumb, 286 bytes, Stack size 56 bytes, timer.o(.text), UNUSED)
<BR><BR>[Calls]<UL><LI><a href="#[f0]">&gt;&gt;</a>&nbsp;&nbsp;&nbsp;TIM_OC4PreloadConfig
<LI><a href="#[ec]">&gt;&gt;</a>&nbsp;&nbsp;&nbsp;TIM_OC4Init
<LI><a href="#[ef]">&gt;&gt;</a>&nbsp;&nbsp;&nbsp;TIM_OC3PreloadConfig
<LI><a href="#[eb]">&gt;&gt;</a>&nbsp;&nbsp;&nbsp;TIM_OC3Init
<LI><a href="#[ee]">&gt;&gt;</a>&nbsp;&nbsp;&nbsp;TIM_OC2PreloadConfig
<LI><a href="#[ea]">&gt;&gt;</a>&nbsp;&nbsp;&nbsp;TIM_OC2Init
<LI><a href="#[ed]">&gt;&gt;</a>&nbsp;&nbsp;&nbsp;TIM_OC1PreloadConfig
<LI><a href="#[db]">&gt;&gt;</a>&nbsp;&nbsp;&nbsp;RCC_APB2PeriphResetCmd
<LI><a href="#[ba]">&gt;&gt;</a>&nbsp;&nbsp;&nbsp;TIM_TimeBaseInit
<LI><a href="#[bb]">&gt;&gt;</a>&nbsp;&nbsp;&nbsp;TIM_OC1Init
<LI><a href="#[bd]">&gt;&gt;</a>&nbsp;&nbsp;&nbsp;TIM_CtrlPWMOutputs
<LI><a href="#[bc]">&gt;&gt;</a>&nbsp;&nbsp;&nbsp;TIM_Cmd
<LI><a href="#[cb]">&gt;&gt;</a>&nbsp;&nbsp;&nbsp;TIM_ARRPreloadConfig
<LI><a href="#[bf]">&gt;&gt;</a>&nbsp;&nbsp;&nbsp;RCC_APB2PeriphClockCmd
<LI><a href="#[b4]">&gt;&gt;</a>&nbsp;&nbsp;&nbsp;RCC_AHB1PeriphClockCmd
<LI><a href="#[b9]">&gt;&gt;</a>&nbsp;&nbsp;&nbsp;GPIO_PinAFConfig
<LI><a href="#[b5]">&gt;&gt;</a>&nbsp;&nbsp;&nbsp;GPIO_Init
</UL>

<P><STRONG><a name="[131]"></a>TIM3_Init</STRONG> (Thumb, 210 bytes, Stack size 56 bytes, timer.o(.text))
<BR><BR>[Stack]<UL><LI>Max Depth = 76<LI>Call Chain = TIM3_Init &rArr; GPIO_PinAFConfig
</UL>
<BR>[Calls]<UL><LI><a href="#[116]">&gt;&gt;</a>&nbsp;&nbsp;&nbsp;RCC_APB1PeriphResetCmd
<LI><a href="#[ee]">&gt;&gt;</a>&nbsp;&nbsp;&nbsp;TIM_OC2PreloadConfig
<LI><a href="#[ea]">&gt;&gt;</a>&nbsp;&nbsp;&nbsp;TIM_OC2Init
<LI><a href="#[ba]">&gt;&gt;</a>&nbsp;&nbsp;&nbsp;TIM_TimeBaseInit
<LI><a href="#[cc]">&gt;&gt;</a>&nbsp;&nbsp;&nbsp;TIM_ITConfig
<LI><a href="#[bc]">&gt;&gt;</a>&nbsp;&nbsp;&nbsp;TIM_Cmd
<LI><a href="#[cb]">&gt;&gt;</a>&nbsp;&nbsp;&nbsp;TIM_ARRPreloadConfig
<LI><a href="#[b8]">&gt;&gt;</a>&nbsp;&nbsp;&nbsp;RCC_APB1PeriphClockCmd
<LI><a href="#[b4]">&gt;&gt;</a>&nbsp;&nbsp;&nbsp;RCC_AHB1PeriphClockCmd
<LI><a href="#[c2]">&gt;&gt;</a>&nbsp;&nbsp;&nbsp;NVIC_Init
<LI><a href="#[b9]">&gt;&gt;</a>&nbsp;&nbsp;&nbsp;GPIO_PinAFConfig
<LI><a href="#[b5]">&gt;&gt;</a>&nbsp;&nbsp;&nbsp;GPIO_Init
</UL>
<BR>[Called By]<UL><LI><a href="#[71]">&gt;&gt;</a>&nbsp;&nbsp;&nbsp;INSTask
</UL>

<P><STRONG><a name="[132]"></a>TIM6_Init</STRONG> (Thumb, 116 bytes, Stack size 32 bytes, timer.o(.text), UNUSED)
<BR><BR>[Calls]<UL><LI><a href="#[116]">&gt;&gt;</a>&nbsp;&nbsp;&nbsp;RCC_APB1PeriphResetCmd
<LI><a href="#[ba]">&gt;&gt;</a>&nbsp;&nbsp;&nbsp;TIM_TimeBaseInit
<LI><a href="#[cc]">&gt;&gt;</a>&nbsp;&nbsp;&nbsp;TIM_ITConfig
<LI><a href="#[bc]">&gt;&gt;</a>&nbsp;&nbsp;&nbsp;TIM_Cmd
<LI><a href="#[b8]">&gt;&gt;</a>&nbsp;&nbsp;&nbsp;RCC_APB1PeriphClockCmd
<LI><a href="#[c2]">&gt;&gt;</a>&nbsp;&nbsp;&nbsp;NVIC_Init
<LI><a href="#[133]">&gt;&gt;</a>&nbsp;&nbsp;&nbsp;TIM_DeInit
</UL>

<P><STRONG><a name="[134]"></a>TIM12_Init</STRONG> (Thumb, 70 bytes, Stack size 24 bytes, timer.o(.text), UNUSED)
<BR><BR>[Calls]<UL><LI><a href="#[116]">&gt;&gt;</a>&nbsp;&nbsp;&nbsp;RCC_APB1PeriphResetCmd
<LI><a href="#[ba]">&gt;&gt;</a>&nbsp;&nbsp;&nbsp;TIM_TimeBaseInit
<LI><a href="#[bc]">&gt;&gt;</a>&nbsp;&nbsp;&nbsp;TIM_Cmd
<LI><a href="#[b8]">&gt;&gt;</a>&nbsp;&nbsp;&nbsp;RCC_APB1PeriphClockCmd
</UL>

<P><STRONG><a name="[2c]"></a>TIM3_IRQHandler</STRONG> (Thumb, 22 bytes, Stack size 8 bytes, timer.o(.text))
<BR><BR>[Stack]<UL><LI>Max Depth = 20<LI>Call Chain = TIM3_IRQHandler &rArr; TIM_GetITStatus
</UL>
<BR>[Calls]<UL><LI><a href="#[ae]">&gt;&gt;</a>&nbsp;&nbsp;&nbsp;TIM_GetITStatus
<LI><a href="#[b0]">&gt;&gt;</a>&nbsp;&nbsp;&nbsp;TIM_ClearFlag
</UL>
<BR>[Address Reference Count : 1]<UL><LI> startup_stm32f427_437xx.o(RESET)
</UL>
<P><STRONG><a name="[135]"></a>power_ctrl_off</STRONG> (Thumb, 26 bytes, Stack size 8 bytes, power_ctrl.o(.text))
<BR><BR>[Stack]<UL><LI>Max Depth = 8<LI>Call Chain = power_ctrl_off
</UL>
<BR>[Calls]<UL><LI><a href="#[d0]">&gt;&gt;</a>&nbsp;&nbsp;&nbsp;GPIO_ResetBits
</UL>
<BR>[Called By]<UL><LI><a href="#[97]">&gt;&gt;</a>&nbsp;&nbsp;&nbsp;power_ctrl_configuration
</UL>

<P><STRONG><a name="[97]"></a>power_ctrl_configuration</STRONG> (Thumb, 66 bytes, Stack size 16 bytes, power_ctrl.o(.text))
<BR><BR>[Stack]<UL><LI>Max Depth = 36<LI>Call Chain = power_ctrl_configuration &rArr; GPIO_Init
</UL>
<BR>[Calls]<UL><LI><a href="#[b4]">&gt;&gt;</a>&nbsp;&nbsp;&nbsp;RCC_AHB1PeriphClockCmd
<LI><a href="#[b5]">&gt;&gt;</a>&nbsp;&nbsp;&nbsp;GPIO_Init
<LI><a href="#[135]">&gt;&gt;</a>&nbsp;&nbsp;&nbsp;power_ctrl_off
</UL>
<BR>[Called By]<UL><LI><a href="#[8c]">&gt;&gt;</a>&nbsp;&nbsp;&nbsp;BSP_Init
</UL>

<P><STRONG><a name="[98]"></a>power_ctrl_on</STRONG> (Thumb, 26 bytes, Stack size 8 bytes, power_ctrl.o(.text))
<BR><BR>[Stack]<UL><LI>Max Depth = 8<LI>Call Chain = power_ctrl_on
</UL>
<BR>[Calls]<UL><LI><a href="#[b6]">&gt;&gt;</a>&nbsp;&nbsp;&nbsp;GPIO_SetBits
</UL>
<BR>[Called By]<UL><LI><a href="#[8c]">&gt;&gt;</a>&nbsp;&nbsp;&nbsp;BSP_Init
</UL>

<P><STRONG><a name="[136]"></a>power_ctrl_toggle</STRONG> (Thumb, 26 bytes, Stack size 8 bytes, power_ctrl.o(.text), UNUSED)
<BR><BR>[Calls]<UL><LI><a href="#[d2]">&gt;&gt;</a>&nbsp;&nbsp;&nbsp;GPIO_ToggleBits
</UL>

<P><STRONG><a name="[e]"></a>SysTick_Handler</STRONG> (Thumb, 16 bytes, Stack size 8 bytes, delay.o(.text))
<BR><BR>[Stack]<UL><LI>Max Depth = 40<LI>Call Chain = SysTick_Handler &rArr; xPortSysTickHandler &rArr; xTaskIncrementTick
</UL>
<BR>[Calls]<UL><LI><a href="#[137]">&gt;&gt;</a>&nbsp;&nbsp;&nbsp;xTaskGetSchedulerState
<LI><a href="#[138]">&gt;&gt;</a>&nbsp;&nbsp;&nbsp;xPortSysTickHandler
</UL>
<BR>[Address Reference Count : 1]<UL><LI> startup_stm32f427_437xx.o(RESET)
</UL>
<P><STRONG><a name="[8e]"></a>delay_init</STRONG> (Thumb, 58 bytes, Stack size 16 bytes, delay.o(.text))
<BR><BR>[Stack]<UL><LI>Max Depth = 16<LI>Call Chain = delay_init
</UL>
<BR>[Calls]<UL><LI><a href="#[139]">&gt;&gt;</a>&nbsp;&nbsp;&nbsp;SysTick_CLKSourceConfig
</UL>
<BR>[Called By]<UL><LI><a href="#[8c]">&gt;&gt;</a>&nbsp;&nbsp;&nbsp;BSP_Init
</UL>

<P><STRONG><a name="[99]"></a>delay_us</STRONG> (Thumb, 68 bytes, Stack size 16 bytes, delay.o(.text))
<BR><BR>[Stack]<UL><LI>Max Depth = 16<LI>Call Chain = delay_us
</UL>
<BR>[Called By]<UL><LI><a href="#[8c]">&gt;&gt;</a>&nbsp;&nbsp;&nbsp;BSP_Init
<LI><a href="#[13b]">&gt;&gt;</a>&nbsp;&nbsp;&nbsp;delay_xms
<LI><a href="#[13a]">&gt;&gt;</a>&nbsp;&nbsp;&nbsp;delay_ms
<LI><a href="#[253]">&gt;&gt;</a>&nbsp;&nbsp;&nbsp;mpu6500_middleware_delay_us
<LI><a href="#[24a]">&gt;&gt;</a>&nbsp;&nbsp;&nbsp;ist8310_delay_us
</UL>

<P><STRONG><a name="[13a]"></a>delay_ms</STRONG> (Thumb, 62 bytes, Stack size 16 bytes, delay.o(.text))
<BR><BR>[Stack]<UL><LI>Max Depth = 72<LI>Call Chain = delay_ms &rArr; vTaskDelay &rArr; xTaskResumeAll &rArr; xTaskIncrementTick
</UL>
<BR>[Calls]<UL><LI><a href="#[c6]">&gt;&gt;</a>&nbsp;&nbsp;&nbsp;vTaskDelay
<LI><a href="#[99]">&gt;&gt;</a>&nbsp;&nbsp;&nbsp;delay_us
<LI><a href="#[137]">&gt;&gt;</a>&nbsp;&nbsp;&nbsp;xTaskGetSchedulerState
</UL>
<BR>[Called By]<UL><LI><a href="#[255]">&gt;&gt;</a>&nbsp;&nbsp;&nbsp;mpu6500_middleware_delay_ms
<LI><a href="#[246]">&gt;&gt;</a>&nbsp;&nbsp;&nbsp;ist8310_delay_ms
</UL>

<P><STRONG><a name="[13b]"></a>delay_xms</STRONG> (Thumb, 24 bytes, Stack size 12 bytes, delay.o(.text), UNUSED)
<BR><BR>[Calls]<UL><LI><a href="#[99]">&gt;&gt;</a>&nbsp;&nbsp;&nbsp;delay_us
</UL>

<P><STRONG><a name="[8a]"></a>_sys_exit</STRONG> (Thumb, 8 bytes, Stack size 0 bytes, usart.o(.text))
<BR><BR>[Called By]<UL><LI><a href="#[89]">&gt;&gt;</a>&nbsp;&nbsp;&nbsp;__rt_exit_exit
<LI><a href="#[271]">&gt;&gt;</a>&nbsp;&nbsp;&nbsp;__sig_exit
</UL>

<P><STRONG><a name="[273]"></a>_ttywrch</STRONG> (Thumb, 8 bytes, Stack size 0 bytes, usart.o(.text), UNUSED)
<BR><BR>[Called By]<UL><LI><a href="#[272]">&gt;&gt;</a>&nbsp;&nbsp;&nbsp;__default_signal_display
</UL>

<P><STRONG><a name="[2c0]"></a>fputc</STRONG> (Thumb, 24 bytes, Stack size 0 bytes, usart.o(.text), UNUSED)

<P><STRONG><a name="[92]"></a>uart_init</STRONG> (Thumb, 126 bytes, Stack size 32 bytes, usart.o(.text))
<BR><BR>[Stack]<UL><LI>Max Depth = 100<LI>Call Chain = uart_init &rArr; USART_Init &rArr; RCC_GetClocksFreq
</UL>
<BR>[Calls]<UL><LI><a href="#[dd]">&gt;&gt;</a>&nbsp;&nbsp;&nbsp;USART_Init
<LI><a href="#[e1]">&gt;&gt;</a>&nbsp;&nbsp;&nbsp;USART_Cmd
<LI><a href="#[b8]">&gt;&gt;</a>&nbsp;&nbsp;&nbsp;RCC_APB1PeriphClockCmd
<LI><a href="#[b4]">&gt;&gt;</a>&nbsp;&nbsp;&nbsp;RCC_AHB1PeriphClockCmd
<LI><a href="#[b9]">&gt;&gt;</a>&nbsp;&nbsp;&nbsp;GPIO_PinAFConfig
<LI><a href="#[b5]">&gt;&gt;</a>&nbsp;&nbsp;&nbsp;GPIO_Init
</UL>
<BR>[Called By]<UL><LI><a href="#[8c]">&gt;&gt;</a>&nbsp;&nbsp;&nbsp;BSP_Init
</UL>

<P><STRONG><a name="[5]"></a>Reset_Handler</STRONG> (Thumb, 8 bytes, Stack size 0 bytes, startup_stm32f427_437xx.o(.text))
<BR>[Address Reference Count : 1]<UL><LI> startup_stm32f427_437xx.o(RESET)
</UL>
<P><STRONG><a name="[21]"></a>ADC_IRQHandler</STRONG> (Thumb, 0 bytes, Stack size 0 bytes, startup_stm32f427_437xx.o(.text))
<BR><BR>[Calls]<UL><LI><a href="#[21]">&gt;&gt;</a>&nbsp;&nbsp;&nbsp;ADC_IRQHandler
</UL>
<BR>[Called By]<UL><LI><a href="#[21]">&gt;&gt;</a>&nbsp;&nbsp;&nbsp;ADC_IRQHandler
</UL>
<BR>[Address Reference Count : 1]<UL><LI> startup_stm32f427_437xx.o(RESET)
</UL>
<P><STRONG><a name="[24]"></a>CAN1_RX1_IRQHandler</STRONG> (Thumb, 0 bytes, Stack size 0 bytes, startup_stm32f427_437xx.o(.text))
<BR>[Address Reference Count : 1]<UL><LI> startup_stm32f427_437xx.o(RESET)
</UL>
<P><STRONG><a name="[25]"></a>CAN1_SCE_IRQHandler</STRONG> (Thumb, 0 bytes, Stack size 0 bytes, startup_stm32f427_437xx.o(.text))
<BR>[Address Reference Count : 1]<UL><LI> startup_stm32f427_437xx.o(RESET)
</UL>
<P><STRONG><a name="[50]"></a>CAN2_RX1_IRQHandler</STRONG> (Thumb, 0 bytes, Stack size 0 bytes, startup_stm32f427_437xx.o(.text))
<BR>[Address Reference Count : 1]<UL><LI> startup_stm32f427_437xx.o(RESET)
</UL>
<P><STRONG><a name="[51]"></a>CAN2_SCE_IRQHandler</STRONG> (Thumb, 0 bytes, Stack size 0 bytes, startup_stm32f427_437xx.o(.text))
<BR>[Address Reference Count : 1]<UL><LI> startup_stm32f427_437xx.o(RESET)
</UL>
<P><STRONG><a name="[5e]"></a>CRYP_IRQHandler</STRONG> (Thumb, 0 bytes, Stack size 0 bytes, startup_stm32f427_437xx.o(.text))
<BR>[Address Reference Count : 1]<UL><LI> startup_stm32f427_437xx.o(RESET)
</UL>
<P><STRONG><a name="[5d]"></a>DCMI_IRQHandler</STRONG> (Thumb, 0 bytes, Stack size 0 bytes, startup_stm32f427_437xx.o(.text))
<BR>[Address Reference Count : 1]<UL><LI> startup_stm32f427_437xx.o(RESET)
</UL>
<P><STRONG><a name="[1a]"></a>DMA1_Stream0_IRQHandler</STRONG> (Thumb, 0 bytes, Stack size 0 bytes, startup_stm32f427_437xx.o(.text))
<BR>[Address Reference Count : 1]<UL><LI> startup_stm32f427_437xx.o(RESET)
</UL>
<P><STRONG><a name="[1b]"></a>DMA1_Stream1_IRQHandler</STRONG> (Thumb, 0 bytes, Stack size 0 bytes, startup_stm32f427_437xx.o(.text))
<BR>[Address Reference Count : 1]<UL><LI> startup_stm32f427_437xx.o(RESET)
</UL>
<P><STRONG><a name="[1c]"></a>DMA1_Stream2_IRQHandler</STRONG> (Thumb, 0 bytes, Stack size 0 bytes, startup_stm32f427_437xx.o(.text))
<BR>[Address Reference Count : 1]<UL><LI> startup_stm32f427_437xx.o(RESET)
</UL>
<P><STRONG><a name="[1d]"></a>DMA1_Stream3_IRQHandler</STRONG> (Thumb, 0 bytes, Stack size 0 bytes, startup_stm32f427_437xx.o(.text))
<BR>[Address Reference Count : 1]<UL><LI> startup_stm32f427_437xx.o(RESET)
</UL>
<P><STRONG><a name="[1e]"></a>DMA1_Stream4_IRQHandler</STRONG> (Thumb, 0 bytes, Stack size 0 bytes, startup_stm32f427_437xx.o(.text))
<BR>[Address Reference Count : 1]<UL><LI> startup_stm32f427_437xx.o(RESET)
</UL>
<P><STRONG><a name="[1f]"></a>DMA1_Stream5_IRQHandler</STRONG> (Thumb, 0 bytes, Stack size 0 bytes, startup_stm32f427_437xx.o(.text))
<BR>[Address Reference Count : 1]<UL><LI> startup_stm32f427_437xx.o(RESET)
</UL>
<P><STRONG><a name="[20]"></a>DMA1_Stream6_IRQHandler</STRONG> (Thumb, 0 bytes, Stack size 0 bytes, startup_stm32f427_437xx.o(.text))
<BR>[Address Reference Count : 1]<UL><LI> startup_stm32f427_437xx.o(RESET)
</UL>
<P><STRONG><a name="[3e]"></a>DMA1_Stream7_IRQHandler</STRONG> (Thumb, 0 bytes, Stack size 0 bytes, startup_stm32f427_437xx.o(.text))
<BR>[Address Reference Count : 1]<UL><LI> startup_stm32f427_437xx.o(RESET)
</UL>
<P><STRONG><a name="[67]"></a>DMA2D_IRQHandler</STRONG> (Thumb, 0 bytes, Stack size 0 bytes, startup_stm32f427_437xx.o(.text))
<BR>[Address Reference Count : 1]<UL><LI> startup_stm32f427_437xx.o(RESET)
</UL>
<P><STRONG><a name="[47]"></a>DMA2_Stream0_IRQHandler</STRONG> (Thumb, 0 bytes, Stack size 0 bytes, startup_stm32f427_437xx.o(.text))
<BR>[Address Reference Count : 1]<UL><LI> startup_stm32f427_437xx.o(RESET)
</UL>
<P><STRONG><a name="[48]"></a>DMA2_Stream1_IRQHandler</STRONG> (Thumb, 0 bytes, Stack size 0 bytes, startup_stm32f427_437xx.o(.text))
<BR>[Address Reference Count : 1]<UL><LI> startup_stm32f427_437xx.o(RESET)
</UL>
<P><STRONG><a name="[49]"></a>DMA2_Stream2_IRQHandler</STRONG> (Thumb, 0 bytes, Stack size 0 bytes, startup_stm32f427_437xx.o(.text))
<BR>[Address Reference Count : 1]<UL><LI> startup_stm32f427_437xx.o(RESET)
</UL>
<P><STRONG><a name="[4a]"></a>DMA2_Stream3_IRQHandler</STRONG> (Thumb, 0 bytes, Stack size 0 bytes, startup_stm32f427_437xx.o(.text))
<BR>[Address Reference Count : 1]<UL><LI> startup_stm32f427_437xx.o(RESET)
</UL>
<P><STRONG><a name="[4b]"></a>DMA2_Stream4_IRQHandler</STRONG> (Thumb, 0 bytes, Stack size 0 bytes, startup_stm32f427_437xx.o(.text))
[...]
<LI><a href="#[114]">&gt;&gt;</a>&nbsp;&nbsp;&nbsp;get_temprate
<LI><a href="#[1cf]">&gt;&gt;</a>&nbsp;&nbsp;&nbsp;xTaskGetTickCount
</UL>
<BR>[Called By]<UL><LI><a href="#[73]">&gt;&gt;</a>&nbsp;&nbsp;&nbsp;calibrate_task
</UL>

<P><STRONG><a name="[1de]"></a>cali_data_read</STRONG> (Thumb, 228 bytes, Stack size 24 bytes, calibrate_task.o(.text))
<BR><BR>[Stack]<UL><LI>Max Depth = 40<LI>Call Chain = cali_data_read &rArr; flash_read
</UL>
<BR>[Calls]<UL><LI><a href="#[1df]">&gt;&gt;</a>&nbsp;&nbsp;&nbsp;flash_read
</UL>
<BR>[Called By]<UL><LI><a href="#[9b]">&gt;&gt;</a>&nbsp;&nbsp;&nbsp;cali_param_init
</UL>

<P><STRONG><a name="[2]"></a>cali_head_hook</STRONG> (Thumb, 74 bytes, Stack size 16 bytes, calibrate_task.o(.text))
<BR><BR>[Stack]<UL><LI>Max Depth = 76<LI>Call Chain = cali_head_hook &rArr; get_temprate &rArr; temperature_ADC_Reset &rArr; ADC_Init
</UL>
<BR>[Calls]<UL><LI><a href="#[114]">&gt;&gt;</a>&nbsp;&nbsp;&nbsp;get_temprate
</UL>
<BR>[Address Reference Count : 1]<UL><LI> calibrate_task.o(.data)
</UL>
<P><STRONG><a name="[4]"></a>cali_gyro_hook</STRONG> (Thumb, 88 bytes, Stack size 16 bytes, calibrate_task.o(.text))
<BR><BR>[Stack]<UL><LI>Max Depth = 40<LI>Call Chain = cali_gyro_hook &rArr; INS_cali_gyro &rArr; gyro_offset
</UL>
<BR>[Calls]<UL><LI><a href="#[117]">&gt;&gt;</a>&nbsp;&nbsp;&nbsp;buzzer_on
<LI><a href="#[115]">&gt;&gt;</a>&nbsp;&nbsp;&nbsp;buzzer_off
<LI><a href="#[e6]">&gt;&gt;</a>&nbsp;&nbsp;&nbsp;RC_unable
<LI><a href="#[1e0]">&gt;&gt;</a>&nbsp;&nbsp;&nbsp;INS_set_cali_gyro
<LI><a href="#[1e1]">&gt;&gt;</a>&nbsp;&nbsp;&nbsp;INS_cali_gyro
</UL>
<BR>[Address Reference Count : 1]<UL><LI> calibrate_task.o(.data)
</UL>
<P><STRONG><a name="[3]"></a>cali_gimbal_hook</STRONG> (Thumb, 108 bytes, Stack size 24 bytes, calibrate_task.o(.text))
<BR><BR>[Stack]<UL><LI>Max Depth = 112<LI>Call Chain = cali_gimbal_hook &rArr; cmd_cali_gimbal_hook &rArr; calc_gimbal_cali
</UL>
<BR>[Calls]<UL><LI><a href="#[117]">&gt;&gt;</a>&nbsp;&nbsp;&nbsp;buzzer_on
<LI><a href="#[115]">&gt;&gt;</a>&nbsp;&nbsp;&nbsp;buzzer_off
<LI><a href="#[1e2]">&gt;&gt;</a>&nbsp;&nbsp;&nbsp;set_cali_gimbal_hook
<LI><a href="#[1e3]">&gt;&gt;</a>&nbsp;&nbsp;&nbsp;cmd_cali_gimbal_hook
</UL>
<BR>[Address Reference Count : 1]<UL><LI> calibrate_task.o(.data)
</UL>
<P><STRONG><a name="[1e4]"></a>DetectDisplay</STRONG> (Thumb, 182 bytes, Stack size 16 bytes, detect_task.o(.text))
<BR><BR>[Stack]<UL><LI>Max Depth = 24<LI>Call Chain = DetectDisplay &rArr; flow_led_off
</UL>
<BR>[Calls]<UL><LI><a href="#[d7]">&gt;&gt;</a>&nbsp;&nbsp;&nbsp;flow_led_off
<LI><a href="#[d6]">&gt;&gt;</a>&nbsp;&nbsp;&nbsp;flow_led_on
<LI><a href="#[d5]">&gt;&gt;</a>&nbsp;&nbsp;&nbsp;led_red_toggle
<LI><a href="#[d3]">&gt;&gt;</a>&nbsp;&nbsp;&nbsp;led_red_off
</UL>
<BR>[Called By]<UL><LI><a href="#[72]">&gt;&gt;</a>&nbsp;&nbsp;&nbsp;DetectTask
</UL>

<P><STRONG><a name="[1e5]"></a>DetectInit</STRONG> (Thumb, 362 bytes, Stack size 56 bytes, detect_task.o(.text))
<BR><BR>[Stack]<UL><LI>Max Depth = 64<LI>Call Chain = DetectInit &rArr; __aeabi_memcpy4
</UL>
<BR>[Calls]<UL><LI><a href="#[1e6]">&gt;&gt;</a>&nbsp;&nbsp;&nbsp;__aeabi_memcpy4
</UL>
<BR>[Called By]<UL><LI><a href="#[72]">&gt;&gt;</a>&nbsp;&nbsp;&nbsp;DetectTask
</UL>

<P><STRONG><a name="[1e7]"></a>gimbal_behavour_set</STRONG> (Thumb, 746 bytes, Stack size 24 bytes, gimbal_behaviour.o(.text))
<BR><BR>[Stack]<UL><LI>Max Depth = 56<LI>Call Chain = gimbal_behavour_set &rArr; __aeabi_cdcmple
</UL>
<BR>[Calls]<UL><LI><a href="#[1eb]">&gt;&gt;</a>&nbsp;&nbsp;&nbsp;toe_is_error
<LI><a href="#[1e9]">&gt;&gt;</a>&nbsp;&nbsp;&nbsp;__hardfp_fabs
<LI><a href="#[1e8]">&gt;&gt;</a>&nbsp;&nbsp;&nbsp;__aeabi_f2d
<LI><a href="#[1ea]">&gt;&gt;</a>&nbsp;&nbsp;&nbsp;__aeabi_cdcmple
</UL>
<BR>[Called By]<UL><LI><a href="#[1ec]">&gt;&gt;</a>&nbsp;&nbsp;&nbsp;gimbal_behaviour_mode_set
</UL>

<P><STRONG><a name="[1f6]"></a>gimbal_auto_aim_control</STRONG> (Thumb, 18 bytes, Stack size 0 bytes, gimbal_behaviour.o(.text))
<BR><BR>[Called By]<UL><LI><a href="#[1f1]">&gt;&gt;</a>&nbsp;&nbsp;&nbsp;gimbal_behaviour_control_set
</UL>

<P><STRONG><a name="[1f5]"></a>gimbal_motionless_control</STRONG> (Thumb, 28 bytes, Stack size 0 bytes, gimbal_behaviour.o(.text))
<BR><BR>[Called By]<UL><LI><a href="#[1f1]">&gt;&gt;</a>&nbsp;&nbsp;&nbsp;gimbal_behaviour_control_set
</UL>

<P><STRONG><a name="[1f4]"></a>gimbal_relative_angle_control</STRONG> (Thumb, 12 bytes, Stack size 0 bytes, gimbal_behaviour.o(.text))
<BR><BR>[Called By]<UL><LI><a href="#[1f1]">&gt;&gt;</a>&nbsp;&nbsp;&nbsp;gimbal_behaviour_control_set
</UL>

<P><STRONG><a name="[1ed]"></a>gimbal_absolute_angle_control</STRONG> (Thumb, 324 bytes, Stack size 40 bytes, gimbal_behaviour.o(.text))
<BR><BR>[Stack]<UL><LI>Max Depth = 72<LI>Call Chain = gimbal_absolute_angle_control &rArr; __aeabi_cdcmple
</UL>
<BR>[Calls]<UL><LI><a href="#[1ee]">&gt;&gt;</a>&nbsp;&nbsp;&nbsp;loop_fp32_constrain
<LI><a href="#[1e9]">&gt;&gt;</a>&nbsp;&nbsp;&nbsp;__hardfp_fabs
<LI><a href="#[1e8]">&gt;&gt;</a>&nbsp;&nbsp;&nbsp;__aeabi_f2d
<LI><a href="#[1ea]">&gt;&gt;</a>&nbsp;&nbsp;&nbsp;__aeabi_cdcmple
</UL>
<BR>[Called By]<UL><LI><a href="#[1f1]">&gt;&gt;</a>&nbsp;&nbsp;&nbsp;gimbal_behaviour_control_set
</UL>

<P><STRONG><a name="[1f3]"></a>gimbal_cali_control</STRONG> (Thumb, 444 bytes, Stack size 8 bytes, gimbal_behaviour.o(.text))
<BR><BR>[Stack]<UL><LI>Max Depth = 8<LI>Call Chain = gimbal_cali_control
</UL>
<BR>[Called By]<UL><LI><a href="#[1f1]">&gt;&gt;</a>&nbsp;&nbsp;&nbsp;gimbal_behaviour_control_set
</UL>

<P><STRONG><a name="[1ef]"></a>gimbal_init_control</STRONG> (Thumb, 158 bytes, Stack size 32 bytes, gimbal_behaviour.o(.text))
<BR><BR>[Stack]<UL><LI>Max Depth = 48<LI>Call Chain = gimbal_init_control &rArr; __aeabi_f2d
</UL>
<BR>[Calls]<UL><LI><a href="#[1e9]">&gt;&gt;</a>&nbsp;&nbsp;&nbsp;__hardfp_fabs
<LI><a href="#[1e8]">&gt;&gt;</a>&nbsp;&nbsp;&nbsp;__aeabi_f2d
<LI><a href="#[1f0]">&gt;&gt;</a>&nbsp;&nbsp;&nbsp;__aeabi_cdrcmple
</UL>
<BR>[Called By]<UL><LI><a href="#[1f1]">&gt;&gt;</a>&nbsp;&nbsp;&nbsp;gimbal_behaviour_control_set
</UL>

<P><STRONG><a name="[1f2]"></a>gimbal_zero_force_control</STRONG> (Thumb, 28 bytes, Stack size 0 bytes, gimbal_behaviour.o(.text))
<BR><BR>[Called By]<UL><LI><a href="#[1f1]">&gt;&gt;</a>&nbsp;&nbsp;&nbsp;gimbal_behaviour_control_set
</UL>

<P><STRONG><a name="[1f7]"></a>GIMBAL_PID_Calc</STRONG> (Thumb, 174 bytes, Stack size 24 bytes, gimbal_task.o(.text))
<BR><BR>[Stack]<UL><LI>Max Depth = 24<LI>Call Chain = GIMBAL_PID_Calc
</UL>
<BR>[Calls]<UL><LI><a href="#[1f8]">&gt;&gt;</a>&nbsp;&nbsp;&nbsp;abs_limit
<LI><a href="#[1ee]">&gt;&gt;</a>&nbsp;&nbsp;&nbsp;loop_fp32_constrain
</UL>
<BR>[Called By]<UL><LI><a href="#[1fb]">&gt;&gt;</a>&nbsp;&nbsp;&nbsp;gimbal_motor_absolute_angle_control
<LI><a href="#[1f9]">&gt;&gt;</a>&nbsp;&nbsp;&nbsp;gimbal_motor_relative_angle_control
</UL>

<P><STRONG><a name="[1f9]"></a>gimbal_motor_relative_angle_control</STRONG> (Thumb, 94 bytes, Stack size 8 bytes, gimbal_task.o(.text))
<BR><BR>[Stack]<UL><LI>Max Depth = 32<LI>Call Chain = gimbal_motor_relative_angle_control &rArr; GIMBAL_PID_Calc
</UL>
<BR>[Calls]<UL><LI><a href="#[1fa]">&gt;&gt;</a>&nbsp;&nbsp;&nbsp;PID_Calc
<LI><a href="#[1f7]">&gt;&gt;</a>&nbsp;&nbsp;&nbsp;GIMBAL_PID_Calc
</UL>
<BR>[Called By]<UL><LI><a href="#[1fc]">&gt;&gt;</a>&nbsp;&nbsp;&nbsp;GIMBAL_Control_loop
</UL>

<P><STRONG><a name="[1fb]"></a>gimbal_motor_absolute_angle_control</STRONG> (Thumb, 92 bytes, Stack size 8 bytes, gimbal_task.o(.text))
<BR><BR>[Stack]<UL><LI>Max Depth = 32<LI>Call Chain = gimbal_motor_absolute_angle_control &rArr; GIMBAL_PID_Calc
</UL>
<BR>[Calls]<UL><LI><a href="#[1fa]">&gt;&gt;</a>&nbsp;&nbsp;&nbsp;PID_Calc
<LI><a href="#[1f7]">&gt;&gt;</a>&nbsp;&nbsp;&nbsp;GIMBAL_PID_Calc
</UL>
<BR>[Called By]<UL><LI><a href="#[1fc]">&gt;&gt;</a>&nbsp;&nbsp;&nbsp;GIMBAL_Control_loop
</UL>

<P><STRONG><a name="[1fd]"></a>gimbal_motor_raw_angle_control</STRONG> (Thumb, 34 bytes, Stack size 0 bytes, gimbal_task.o(.text))
<BR><BR>[Called By]<UL><LI><a href="#[1fc]">&gt;&gt;</a>&nbsp;&nbsp;&nbsp;GIMBAL_Control_loop
</UL>

<P><STRONG><a name="[1fc]"></a>GIMBAL_Control_loop</STRONG> (Thumb, 386 bytes, Stack size 8 bytes, gimbal_task.o(.text))
<BR><BR>[Stack]<UL><LI>Max Depth = 40<LI>Call Chain = GIMBAL_Control_loop &rArr; gimbal_motor_absolute_angle_control &rArr; GIMBAL_PID_Calc
</UL>
<BR>[Calls]<UL><LI><a href="#[1fd]">&gt;&gt;</a>&nbsp;&nbsp;&nbsp;gimbal_motor_raw_angle_control
<LI><a href="#[1fb]">&gt;&gt;</a>&nbsp;&nbsp;&nbsp;gimbal_motor_absolute_angle_control
<LI><a href="#[1f9]">&gt;&gt;</a>&nbsp;&nbsp;&nbsp;gimbal_motor_relative_angle_control
<LI><a href="#[1ee]">&gt;&gt;</a>&nbsp;&nbsp;&nbsp;loop_fp32_constrain
</UL>
<BR>[Called By]<UL><LI><a href="#[70]">&gt;&gt;</a>&nbsp;&nbsp;&nbsp;GIMBAL_task
</UL>

<P><STRONG><a name="[200]"></a>GIMBAL_relative_angle_limit</STRONG> (Thumb, 74 bytes, Stack size 0 bytes, gimbal_task.o(.text))
<BR><BR>[Called By]<UL><LI><a href="#[1ff]">&gt;&gt;</a>&nbsp;&nbsp;&nbsp;GIMBAL_Set_Contorl
</UL>

<P><STRONG><a name="[1fe]"></a>GIMBAL_absolute_angle_limit</STRONG> (Thumb, 284 bytes, Stack size 16 bytes, gimbal_task.o(.text))
<BR><BR>[Stack]<UL><LI>Max Depth = 16<LI>Call Chain = GIMBAL_absolute_angle_limit
</UL>
<BR>[Calls]<UL><LI><a href="#[1ee]">&gt;&gt;</a>&nbsp;&nbsp;&nbsp;loop_fp32_constrain
</UL>
<BR>[Called By]<UL><LI><a href="#[1ff]">&gt;&gt;</a>&nbsp;&nbsp;&nbsp;GIMBAL_Set_Contorl
</UL>

<P><STRONG><a name="[1ff]"></a>GIMBAL_Set_Contorl</STRONG> (Thumb, 154 bytes, Stack size 16 bytes, gimbal_task.o(.text))
<BR><BR>[Stack]<UL><LI>Max Depth = 104<LI>Call Chain = GIMBAL_Set_Contorl &rArr; gimbal_behaviour_control_set &rArr; gimbal_absolute_angle_control &rArr; __aeabi_cdcmple
</UL>
<BR>[Calls]<UL><LI><a href="#[1fe]">&gt;&gt;</a>&nbsp;&nbsp;&nbsp;GIMBAL_absolute_angle_limit
<LI><a href="#[200]">&gt;&gt;</a>&nbsp;&nbsp;&nbsp;GIMBAL_relative_angle_limit
<LI><a href="#[1f1]">&gt;&gt;</a>&nbsp;&nbsp;&nbsp;gimbal_behaviour_control_set
</UL>
<BR>[Called By]<UL><LI><a href="#[70]">&gt;&gt;</a>&nbsp;&nbsp;&nbsp;GIMBAL_task
</UL>

<P><STRONG><a name="[202]"></a>motor_ecd_to_angle_change</STRONG> (Thumb, 48 bytes, Stack size 0 bytes, gimbal_task.o(.text))
<BR><BR>[Called By]<UL><LI><a href="#[211]">&gt;&gt;</a>&nbsp;&nbsp;&nbsp;calc_gimbal_cali
<LI><a href="#[201]">&gt;&gt;</a>&nbsp;&nbsp;&nbsp;GIMBAL_Feedback_Update
</UL>

<P><STRONG><a name="[201]"></a>GIMBAL_Feedback_Update</STRONG> (Thumb, 94 bytes, Stack size 8 bytes, gimbal_task.o(.text))
<BR><BR>[Stack]<UL><LI>Max Depth = 8<LI>Call Chain = GIMBAL_Feedback_Update
</UL>
<BR>[Calls]<UL><LI><a href="#[202]">&gt;&gt;</a>&nbsp;&nbsp;&nbsp;motor_ecd_to_angle_change
</UL>
<BR>[Called By]<UL><LI><a href="#[70]">&gt;&gt;</a>&nbsp;&nbsp;&nbsp;GIMBAL_task
<LI><a href="#[204]">&gt;&gt;</a>&nbsp;&nbsp;&nbsp;GIMBAL_Init
</UL>

<P><STRONG><a name="[20f]"></a>GIMBAL_Mode_Change_Control_Transit</STRONG> (Thumb, 192 bytes, Stack size 0 bytes, gimbal_task.o(.text))
<BR><BR>[Called By]<UL><LI><a href="#[70]">&gt;&gt;</a>&nbsp;&nbsp;&nbsp;GIMBAL_task
</UL>

<P><STRONG><a name="[203]"></a>GIMBAL_Set_Mode</STRONG> (Thumb, 18 bytes, Stack size 8 bytes, gimbal_task.o(.text))
<BR><BR>[Stack]<UL><LI>Max Depth = 72<LI>Call Chain = GIMBAL_Set_Mode &rArr; gimbal_behaviour_mode_set &rArr; gimbal_behavour_set &rArr; __aeabi_cdcmple
</UL>
<BR>[Calls]<UL><LI><a href="#[1ec]">&gt;&gt;</a>&nbsp;&nbsp;&nbsp;gimbal_behaviour_mode_set
</UL>
<BR>[Called By]<UL><LI><a href="#[70]">&gt;&gt;</a>&nbsp;&nbsp;&nbsp;GIMBAL_task
</UL>

<P><STRONG><a name="[20b]"></a>Gimbal_PID_clear</STRONG> (Thumb, 44 bytes, Stack size 0 bytes, gimbal_task.o(.text))
<BR><BR>[Called By]<UL><LI><a href="#[204]">&gt;&gt;</a>&nbsp;&nbsp;&nbsp;GIMBAL_Init
</UL>

<P><STRONG><a name="[209]"></a>GIMBAL_PID_Init</STRONG> (Thumb, 44 bytes, Stack size 0 bytes, gimbal_task.o(.text))
<BR><BR>[Called By]<UL><LI><a href="#[204]">&gt;&gt;</a>&nbsp;&nbsp;&nbsp;GIMBAL_Init
</UL>

<P><STRONG><a name="[204]"></a>GIMBAL_Init</STRONG> (Thumb, 318 bytes, Stack size 8 bytes, gimbal_task.o(.text))
<BR><BR>[Stack]<UL><LI>Max Depth = 16<LI>Call Chain = GIMBAL_Init &rArr; GIMBAL_Feedback_Update
</UL>
<BR>[Calls]<UL><LI><a href="#[206]">&gt;&gt;</a>&nbsp;&nbsp;&nbsp;get_Pitch_Gimbal_Motor_Measure_Point
<LI><a href="#[205]">&gt;&gt;</a>&nbsp;&nbsp;&nbsp;get_Yaw_Gimbal_Motor_Measure_Point
<LI><a href="#[1dd]">&gt;&gt;</a>&nbsp;&nbsp;&nbsp;get_remote_control_point
<LI><a href="#[208]">&gt;&gt;</a>&nbsp;&nbsp;&nbsp;get_MPU6500_Gyro_Data_Point
<LI><a href="#[207]">&gt;&gt;</a>&nbsp;&nbsp;&nbsp;get_INS_angle_point
<LI><a href="#[20c]">&gt;&gt;</a>&nbsp;&nbsp;&nbsp;PID_clear
<LI><a href="#[20a]">&gt;&gt;</a>&nbsp;&nbsp;&nbsp;PID_Init
<LI><a href="#[20d]">&gt;&gt;</a>&nbsp;&nbsp;&nbsp;GetAutoDataPoint
<LI><a href="#[209]">&gt;&gt;</a>&nbsp;&nbsp;&nbsp;GIMBAL_PID_Init
<LI><a href="#[20b]">&gt;&gt;</a>&nbsp;&nbsp;&nbsp;Gimbal_PID_clear
<LI><a href="#[201]">&gt;&gt;</a>&nbsp;&nbsp;&nbsp;GIMBAL_Feedback_Update
</UL>
<BR>[Called By]<UL><LI><a href="#[70]">&gt;&gt;</a>&nbsp;&nbsp;&nbsp;GIMBAL_task
</UL>

<P><STRONG><a name="[211]"></a>calc_gimbal_cali</STRONG> (Thumb, 242 bytes, Stack size 48 bytes, gimbal_task.o(.text))
<BR><BR>[Stack]<UL><LI>Max Depth = 48<LI>Call Chain = calc_gimbal_cali
</UL>
<BR>[Calls]<UL><LI><a href="#[202]">&gt;&gt;</a>&nbsp;&nbsp;&nbsp;motor_ecd_to_angle_change
</UL>
<BR>[Called By]<UL><LI><a href="#[1e3]">&gt;&gt;</a>&nbsp;&nbsp;&nbsp;cmd_cali_gimbal_hook
</UL>

<P><STRONG><a name="[212]"></a>IMU_temp_Control</STRONG> (Thumb, 168 bytes, Stack size 16 bytes, ins_task.o(.text))
<BR><BR>[Stack]<UL><LI>Max Depth = 16<LI>Call Chain = IMU_temp_Control
</UL>
<BR>[Calls]<UL><LI><a href="#[f3]">&gt;&gt;</a>&nbsp;&nbsp;&nbsp;TIM_SetCompare2
<LI><a href="#[1fa]">&gt;&gt;</a>&nbsp;&nbsp;&nbsp;PID_Calc
<LI><a href="#[213]">&gt;&gt;</a>&nbsp;&nbsp;&nbsp;get_control_temperate
</UL>
<BR>[Called By]<UL><LI><a href="#[71]">&gt;&gt;</a>&nbsp;&nbsp;&nbsp;INSTask
</UL>

<P><STRONG><a name="[21b]"></a>IMU_Cali_Slove</STRONG> (Thumb, 274 bytes, Stack size 20 bytes, ins_task.o(.text))
<BR><BR>[Stack]<UL><LI>Max Depth = 20<LI>Call Chain = IMU_Cali_Slove
</UL>
<BR>[Called By]<UL><LI><a href="#[71]">&gt;&gt;</a>&nbsp;&nbsp;&nbsp;INSTask
</UL>

<P><STRONG><a name="[22c]"></a>Shoot_Feedback_Update</STRONG> (Thumb, 1138 bytes, Stack size 8 bytes, shoot.o(.text))
<BR><BR>[Stack]<UL><LI>Max Depth = 8<LI>Call Chain = Shoot_Feedback_Update
</UL>
<BR>[Calls]<UL><LI><a href="#[22d]">&gt;&gt;</a>&nbsp;&nbsp;&nbsp;GPIO_ReadInputDataBit
</UL>
<BR>[Called By]<UL><LI><a href="#[20e]">&gt;&gt;</a>&nbsp;&nbsp;&nbsp;shoot_init
<LI><a href="#[210]">&gt;&gt;</a>&nbsp;&nbsp;&nbsp;shoot_control_loop
</UL>

<P><STRONG><a name="[231]"></a>shoot_ready_control</STRONG> (Thumb, 926 bytes, Stack size 24 bytes, shoot.o(.text))
<BR><BR>[Stack]<UL><LI>Max Depth = 56<LI>Call Chain = shoot_ready_control &rArr; __aeabi_cdcmple
</UL>
<BR>[Calls]<UL><LI><a href="#[1ee]">&gt;&gt;</a>&nbsp;&nbsp;&nbsp;loop_fp32_constrain
<LI><a href="#[1cf]">&gt;&gt;</a>&nbsp;&nbsp;&nbsp;xTaskGetTickCount
<LI><a href="#[1e9]">&gt;&gt;</a>&nbsp;&nbsp;&nbsp;__hardfp_fabs
<LI><a href="#[1e8]">&gt;&gt;</a>&nbsp;&nbsp;&nbsp;__aeabi_f2d
<LI><a href="#[1f0]">&gt;&gt;</a>&nbsp;&nbsp;&nbsp;__aeabi_cdrcmple
<LI><a href="#[1ea]">&gt;&gt;</a>&nbsp;&nbsp;&nbsp;__aeabi_cdcmple
</UL>
<BR>[Called By]<UL><LI><a href="#[210]">&gt;&gt;</a>&nbsp;&nbsp;&nbsp;shoot_control_loop
</UL>

<P><STRONG><a name="[235]"></a>shoot_done_control</STRONG> (Thumb, 88 bytes, Stack size 0 bytes, shoot.o(.text))
<BR><BR>[Called By]<UL><LI><a href="#[210]">&gt;&gt;</a>&nbsp;&nbsp;&nbsp;shoot_control_loop
</UL>

<P><STRONG><a name="[232]"></a>shoot_bullet_control</STRONG> (Thumb, 388 bytes, Stack size 24 bytes, shoot.o(.text))
<BR><BR>[Stack]<UL><LI>Max Depth = 56<LI>Call Chain = shoot_bullet_control &rArr; __aeabi_cdcmple
</UL>
<BR>[Calls]<UL><LI><a href="#[1ee]">&gt;&gt;</a>&nbsp;&nbsp;&nbsp;loop_fp32_constrain
<LI><a href="#[1cf]">&gt;&gt;</a>&nbsp;&nbsp;&nbsp;xTaskGetTickCount
<LI><a href="#[1e9]">&gt;&gt;</a>&nbsp;&nbsp;&nbsp;__hardfp_fabs
<LI><a href="#[1e8]">&gt;&gt;</a>&nbsp;&nbsp;&nbsp;__aeabi_f2d
<LI><a href="#[1f0]">&gt;&gt;</a>&nbsp;&nbsp;&nbsp;__aeabi_cdrcmple
<LI><a href="#[1ea]">&gt;&gt;</a>&nbsp;&nbsp;&nbsp;__aeabi_cdcmple
</UL>
<BR>[Called By]<UL><LI><a href="#[210]">&gt;&gt;</a>&nbsp;&nbsp;&nbsp;shoot_control_loop
</UL>

<P><STRONG><a name="[233]"></a>Shoot_Set_Mode</STRONG> (Thumb, 304 bytes, Stack size 8 bytes, shoot.o(.text))
<BR><BR>[Stack]<UL><LI>Max Depth = 8<LI>Call Chain = Shoot_Set_Mode
</UL>
<BR>[Calls]<UL><LI><a href="#[234]">&gt;&gt;</a>&nbsp;&nbsp;&nbsp;gimbal_cmd_to_shoot_stop
</UL>
<BR>[Called By]<UL><LI><a href="#[210]">&gt;&gt;</a>&nbsp;&nbsp;&nbsp;shoot_control_loop
</UL>

<P><STRONG><a name="[25a]"></a>mpu6500_SPI_read_write_byte</STRONG> (Thumb, 78 bytes, Stack size 16 bytes, mpu6500driver_middleware.o(.text))
<BR><BR>[Stack]<UL><LI>Max Depth = 16<LI>Call Chain = mpu6500_SPI_read_write_byte
</UL>
<BR>[Calls]<UL><LI><a href="#[155]">&gt;&gt;</a>&nbsp;&nbsp;&nbsp;SPI_I2S_GetFlagStatus
<LI><a href="#[25b]">&gt;&gt;</a>&nbsp;&nbsp;&nbsp;SPI_I2S_SendData
<LI><a href="#[25c]">&gt;&gt;</a>&nbsp;&nbsp;&nbsp;SPI_I2S_ReceiveData
</UL>
<BR>[Called By]<UL><LI><a href="#[254]">&gt;&gt;</a>&nbsp;&nbsp;&nbsp;mpu6500_write_single_reg
<LI><a href="#[257]">&gt;&gt;</a>&nbsp;&nbsp;&nbsp;mpu6500_read_muli_reg
<LI><a href="#[24e]">&gt;&gt;</a>&nbsp;&nbsp;&nbsp;mpu6500_write_muli_reg
<LI><a href="#[24f]">&gt;&gt;</a>&nbsp;&nbsp;&nbsp;mpu6500_read_single_reg
</UL>

<P><STRONG><a name="[284]"></a>AHRS_fabs</STRONG> (Thumb, 26 bytes, Stack size 0 bytes, ahrs.o(i.AHRS_fabs))
<BR><BR>[Called By]<UL><LI><a href="#[283]">&gt;&gt;</a>&nbsp;&nbsp;&nbsp;accel_update_kp_ki
</UL>

<P><STRONG><a name="[278]"></a>accel_comple_filter</STRONG> (Thumb, 454 bytes, Stack size 64 bytes, ahrs.o(i.accel_comple_filter))
<BR><BR>[Stack]<UL><LI>Max Depth = 104<LI>Call Chain = accel_comple_filter &rArr; accel_update_kp_ki
</UL>
<BR>[Calls]<UL><LI><a href="#[283]">&gt;&gt;</a>&nbsp;&nbsp;&nbsp;accel_update_kp_ki
<LI><a href="#[276]">&gt;&gt;</a>&nbsp;&nbsp;&nbsp;AHRS_invSqrt
</UL>
<BR>[Called By]<UL><LI><a href="#[21e]">&gt;&gt;</a>&nbsp;&nbsp;&nbsp;AHRS_update
</UL>

<P><STRONG><a name="[283]"></a>accel_update_kp_ki</STRONG> (Thumb, 370 bytes, Stack size 40 bytes, ahrs.o(i.accel_update_kp_ki))
<BR><BR>[Stack]<UL><LI>Max Depth = 40<LI>Call Chain = accel_update_kp_ki
</UL>
<BR>[Calls]<UL><LI><a href="#[284]">&gt;&gt;</a>&nbsp;&nbsp;&nbsp;AHRS_fabs
<LI><a href="#[276]">&gt;&gt;</a>&nbsp;&nbsp;&nbsp;AHRS_invSqrt
</UL>
<BR>[Called By]<UL><LI><a href="#[278]">&gt;&gt;</a>&nbsp;&nbsp;&nbsp;accel_comple_filter
</UL>

<P><STRONG><a name="[277]"></a>angle_to_quat</STRONG> (Thumb, 364 bytes, Stack size 48 bytes, ahrs.o(i.angle_to_quat))
<BR><BR>[Stack]<UL><LI>Max Depth = 64<LI>Call Chain = angle_to_quat &rArr; AHRS_cosf
</UL>
<BR>[Calls]<UL><LI><a href="#[239]">&gt;&gt;</a>&nbsp;&nbsp;&nbsp;AHRS_cosf
<LI><a href="#[237]">&gt;&gt;</a>&nbsp;&nbsp;&nbsp;AHRS_sinf
</UL>
<BR>[Called By]<UL><LI><a href="#[21c]">&gt;&gt;</a>&nbsp;&nbsp;&nbsp;AHRS_init
</UL>

<P><STRONG><a name="[27b]"></a>quat_normalization</STRONG> (Thumb, 126 bytes, Stack size 16 bytes, ahrs.o(i.quat_normalization))
<BR><BR>[Stack]<UL><LI>Max Depth = 16<LI>Call Chain = quat_normalization
</UL>
<BR>[Calls]<UL><LI><a href="#[276]">&gt;&gt;</a>&nbsp;&nbsp;&nbsp;AHRS_invSqrt
</UL>
<BR>[Called By]<UL><LI><a href="#[21e]">&gt;&gt;</a>&nbsp;&nbsp;&nbsp;AHRS_update
</UL>

<P><STRONG><a name="[27a]"></a>update_w</STRONG> (Thumb, 122 bytes, Stack size 0 bytes, ahrs.o(i.update_w))
<BR><BR>[Called By]<UL><LI><a href="#[21e]">&gt;&gt;</a>&nbsp;&nbsp;&nbsp;AHRS_update
</UL>

<P><STRONG><a name="[75]"></a>_printf_input_char</STRONG> (Thumb, 10 bytes, Stack size 0 bytes, _printf_char_common.o(.text))
<BR>[Address Reference Count : 1]<UL><LI> _printf_char_common.o(.text)
</UL><P>
<H3>
Undefined Global Symbols
</H3><HR></body></html>
